Component: ARM Compiler 5.06 update 6 (build 750) Tool: armlink [4d35ed]

==============================================================================

Section Cross References

    main.o(i.GimbalControlTask) refers to gimbal_task.o(i.GimbalControl) for GimbalControl
    main.o(i.GimbalControlTask) refers to global_declare.o(.bss) for systemMonitor
    main.o(i.IMUUpdateTask) refers to imu_update_task.o(i.IMU_Update_Task) for IMU_Update_Task
    main.o(i.IMUUpdateTask) refers to global_declare.o(.bss) for systemMonitor
    main.o(i.LedTask) refers to global_declare.o(.bss) for systemMonitor
    main.o(i.SendDataTask) refers to chassis_protocol.o(i.ChassisSendDataProtocol) for ChassisSendDataProtocol
    main.o(i.SendDataTask) refers to global_declare.o(.bss) for systemMonitor
    main.o(i.SensorDataPrepareTask) refers to bmi088_driver.o(i.Sensor_Data_Prepare) for Sensor_Data_Prepare
    main.o(i.SensorDataPrepareTask) refers to global_declare.o(.bss) for systemMonitor
    main.o(i.SystemMonitorTask) refers to system_monitor_task.o(i.System_Monitor) for System_Monitor
    main.o(i.TriggerTask) refers to delay.o(i.delay_us) for delay_us
    main.o(i.TriggerTask) refers to gpio.o(.data) for TriggerState
    main.o(i.TriggerTask) refers to global_declare.o(.bss) for systemMonitor
    main.o(i.main) refers to bsp_init.o(i.BSP_Init) for BSP_Init
    main.o(i.main) refers to os.o(i.OS_RUN) for OS_RUN
    os.o(.data) refers to os.o(.conststring) for .conststring
    os.o(.data) refers to main.o(i.SystemMonitorTask) for SystemMonitorTask
    os.o(.data) refers to main.o(i.SensorDataPrepareTask) for SensorDataPrepareTask
    os.o(.data) refers to main.o(i.IMUUpdateTask) for IMUUpdateTask
    os.o(.data) refers to main.o(i.GimbalControlTask) for GimbalControlTask
    os.o(.data) refers to main.o(i.SendDataTask) for SendDataTask
    os.o(.data) refers to main.o(i.TriggerTask) for TriggerTask
    os.o(.data) refers to main.o(i.LedTask) for LedTask
    stm32f4xx_it.o(i.CAN1_RX0_IRQHandler) refers to stm32f4xx_can.o(i.CAN_GetITStatus) for CAN_GetITStatus
    stm32f4xx_it.o(i.CAN1_RX0_IRQHandler) refers to stm32f4xx_can.o(i.CAN_ClearITPendingBit) for CAN_ClearITPendingBit
    stm32f4xx_it.o(i.CAN1_RX0_IRQHandler) refers to stm32f4xx_can.o(i.CAN_Receive) for CAN_Receive
    stm32f4xx_it.o(i.CAN1_RX0_IRQHandler) refers to can_protocol.o(i.CAN1_Protocol) for CAN1_Protocol
    stm32f4xx_it.o(i.CAN1_RX0_IRQHandler) refers to global_declare.o(.bss) for CAN1_RX_Message
    stm32f4xx_it.o(i.CAN2_RX0_IRQHandler) refers to stm32f4xx_can.o(i.CAN_GetITStatus) for CAN_GetITStatus
    stm32f4xx_it.o(i.CAN2_RX0_IRQHandler) refers to stm32f4xx_can.o(i.CAN_ClearITPendingBit) for CAN_ClearITPendingBit
    stm32f4xx_it.o(i.CAN2_RX0_IRQHandler) refers to stm32f4xx_can.o(i.CAN_Receive) for CAN_Receive
    stm32f4xx_it.o(i.CAN2_RX0_IRQHandler) refers to can_protocol.o(i.CAN2_Protocol) for CAN2_Protocol
    stm32f4xx_it.o(i.CAN2_RX0_IRQHandler) refers to global_declare.o(.bss) for CAN2_RX_Message
    stm32f4xx_it.o(i.SysTick_Handler) refers to global_declare.o(.bss) for systemMonitor
    stm32f4xx_it.o(i.USART3_IRQHandler) refers to stm32f4xx_usart.o(i.USART_GetITStatus) for USART_GetITStatus
    stm32f4xx_it.o(i.USART3_IRQHandler) refers to stm32f4xx_dma.o(i.DMA_GetCurrDataCounter) for DMA_GetCurrDataCounter
    stm32f4xx_it.o(i.USART3_IRQHandler) refers to chassis_protocol.o(i.GimbalReceiveDataProtocol) for GimbalReceiveDataProtocol
    stm32f4xx_it.o(i.USART3_IRQHandler) refers to stm32f4xx_dma.o(i.DMA_Cmd) for DMA_Cmd
    bsp_init.o(i.BSP_Init) refers to tim.o(i.TIM5_Configuration) for TIM5_Configuration
    bsp_init.o(i.BSP_Init) refers to can.o(i.CAN1_Configuration) for CAN1_Configuration
    bsp_init.o(i.BSP_Init) refers to can.o(i.CAN2_Configuration) for CAN2_Configuration
    bsp_init.o(i.BSP_Init) refers to usart.o(i.usart3_init) for usart3_init
    bsp_init.o(i.BSP_Init) refers to nvic.o(i.NVIC_Configuration) for NVIC_Configuration
    bsp_init.o(i.BSP_Init) refers to spi.o(i.SPI_Configuration) for SPI_Configuration
    bsp_init.o(i.BSP_Init) refers to bmi088_driver.o(i.bmi088_init) for bmi088_init
    system_stm32f4xx.o(i.SystemCoreClockUpdate) refers to system_stm32f4xx.o(.data) for SystemCoreClock
    system_stm32f4xx.o(i.SystemInit) refers to system_stm32f4xx.o(i.SetSysClock) for SetSysClock
    imu_update_task.o(i.IMU_Update_Mahony) refers to general_math.o(i.invSqrt) for invSqrt
    imu_update_task.o(i.IMU_Update_Mahony) refers to imu_update_task.o(.data) for q0
    imu_update_task.o(i.IMU_Update_Mahony) refers to bmi088_driver.o(.data) for Acc_X_Real
    imu_update_task.o(i.IMU_Update_Mahony) refers to asinf.o(i.__hardfp_asinf) for __hardfp_asinf
    imu_update_task.o(i.IMU_Update_Mahony) refers to atan2f.o(i.__hardfp_atan2f) for __hardfp_atan2f
    imu_update_task.o(i.IMU_Update_Task) refers to imu_update_task.o(i.IMU_Update_Mahony) for IMU_Update_Mahony
[...]
    x$fpl$trapveneer                         0x08006fd2   Section       48  trapv.o(x$fpl$trapveneer)
    $v0                                      0x08006fd2   Number         0  trapv.o(x$fpl$trapveneer)
    .constdata                               0x08007002   Section      770  verify.o(.constdata)
    x$fpl$usenofp                            0x08007002   Section        0  usenofp.o(x$fpl$usenofp)
    .constdata                               0x08007308   Section      136  pow.o(.constdata)
    bp                                       0x08007308   Data          16  pow.o(.constdata)
    dp_h                                     0x08007318   Data          16  pow.o(.constdata)
    dp_l                                     0x08007328   Data          16  pow.o(.constdata)
    L                                        0x08007338   Data          48  pow.o(.constdata)
    P                                        0x08007368   Data          40  pow.o(.constdata)
    .constdata                               0x08007390   Section       48  cos_i.o(.constdata)
    C                                        0x08007390   Data          48  cos_i.o(.constdata)
    .constdata                               0x080073c0   Section        8  qnan.o(.constdata)
    .constdata                               0x080073c8   Section      200  rred.o(.constdata)
    pio2s                                    0x080073c8   Data          48  rred.o(.constdata)
    twooverpi                                0x080073f8   Data         152  rred.o(.constdata)
    .constdata                               0x08007490   Section       40  sin_i.o(.constdata)
    S                                        0x08007490   Data          40  sin_i.o(.constdata)
    .conststring                             0x080074b8   Section      114  os.o(.conststring)
    .data                                    0x20000000   Section      268  os.o(.data)
    .data                                    0x2000010c   Section      828  global_declare.o(.data)
    .data                                    0x20000448   Section      164  imu_update_task.o(.data)
    R11                                      0x200004d8   Data           4  imu_update_task.o(.data)
    R21                                      0x200004dc   Data           4  imu_update_task.o(.data)
    vecxZ                                    0x200004e0   Data           4  imu_update_task.o(.data)
    vecyZ                                    0x200004e4   Data           4  imu_update_task.o(.data)
    veczZ                                    0x200004e8   Data           4  imu_update_task.o(.data)
    .data                                    0x200004ec   Section       58  gimbal_task.o(.data)
    Friction_State_Flag                      0x200004ee   Data           1  gimbal_task.o(.data)
    Auto_Phase                               0x20000504   Data           1  gimbal_task.o(.data)
    time_tick                                0x20000508   Data           4  gimbal_task.o(.data)
    Diff_Coe1                                0x2000050c   Data           1  gimbal_task.o(.data)
    Diff_Coe2                                0x2000050d   Data           1  gimbal_task.o(.data)
    Last_CM1_TEMP                            0x2000050e   Data           1  gimbal_task.o(.data)
    Last_CM2_TEMP                            0x2000050f   Data           1  gimbal_task.o(.data)
    RISE_0_FALL1                             0x20000510   Data           1  gimbal_task.o(.data)
    RISE_0_FALL2                             0x20000511   Data           1  gimbal_task.o(.data)
    tick1                                    0x20000514   Data           4  gimbal_task.o(.data)
    tick2                                    0x20000518   Data           4  gimbal_task.o(.data)
    Last_Time1                               0x2000051c   Data           4  gimbal_task.o(.data)
    Last_Time2                               0x20000520   Data           4  gimbal_task.o(.data)
    Pre_RunFlag                              0x20000524   Data           1  gimbal_task.o(.data)
    Clk_Div                                  0x20000525   Data           1  gimbal_task.o(.data)
    .data                                    0x20000528   Section      330  bmi088_driver.o(.data)
    cnt                                      0x20000670   Data           2  bmi088_driver.o(.data)
    .data                                    0x20000672   Section        2  chassis_protocol.o(.data)
    Last_Shooter_Send_Des                    0x20000672   Data           2  chassis_protocol.o(.data)
    .data                                    0x20000674   Section        4  gpio.o(.data)
    .data                                    0x20000678   Section       16  stm32f4xx_rcc.o(.data)
    APBAHBPrescTable                         0x20000678   Data          16  stm32f4xx_rcc.o(.data)
    .bss                                     0x20000688   Section      782  global_declare.o(.bss)
    .bss                                     0x20000998   Section    80012  bmi088_driver.o(.bss)
    .bss                                     0x20014224   Section       96  libspace.o(.bss)
    HEAP                                     0x20014288   Section      512  startup_stm32f40_41xxx.o(HEAP)
    Heap_Mem                                 0x20014288   Data         512  startup_stm32f40_41xxx.o(HEAP)
    STACK                                    0x20014488   Section     1024  startup_stm32f40_41xxx.o(STACK)
    Stack_Mem                                0x20014488   Data        1024  startup_stm32f40_41xxx.o(STACK)
    __initial_sp                             0x20014888   Data           0  startup_stm32f40_41xxx.o(STACK)

    Global Symbols

    Symbol Name                              Value     Ov Type        Size  Object(Section)

    BuildAttributes$$THM_ISAv4$E$P$D$K$B$S$7EM$VFPi3$EXTD16$VFPS$VFMA$PE$A:L22UL41UL21$X:L11$S22US41US21$IEEE1$IW$USESV6$~STKCKD$USESV7$~SHL$OTIME$ROPI$IEEEX$EBA8$UX$STANDARDLIB$REQ8$PRES8$EABIv2 0x00000000   Number         0  anon$$obj.o ABSOLUTE
    __ARM_use_no_argv                        0x00000000   Number         0  main.o ABSOLUTE
    __ARM_exceptions_init                     - Undefined Weak Reference
    __alloca_initialize                       - Undefined Weak Reference
    __arm_preinit_                            - Undefined Weak Reference
    __cpp_initialize__aeabi_                  - Undefined Weak Reference
    __cxa_finalize                            - Undefined Weak Reference
    __rt_locale                               - Undefined Weak Reference
    __sigvec_lookup                           - Undefined Weak Reference
    _atexit_init                              - Undefined Weak Reference
    _call_atexit_fns                          - Undefined Weak Reference
    _clock_init                               - Undefined Weak Reference
    _fp_trap_init                             - Undefined Weak Reference
    _fp_trap_shutdown                         - Undefined Weak Reference
    _get_lc_collate                           - Undefined Weak Reference
    _get_lc_ctype                             - Undefined Weak Reference
    _get_lc_monetary                          - Undefined Weak Reference
    _get_lc_numeric                           - Undefined Weak Reference
    _get_lc_time                              - Undefined Weak Reference
    _getenv_init                              - Undefined Weak Reference
    _handle_redirection                       - Undefined Weak Reference
    _init_alloc                               - Undefined Weak Reference
    _init_user_alloc                          - Undefined Weak Reference
    _initio                                   - Undefined Weak Reference
    _rand_init                                - Undefined Weak Reference
    _signal_finish                            - Undefined Weak Reference
    _signal_init                              - Undefined Weak Reference
    _terminate_alloc                          - Undefined Weak Reference
    _terminate_user_alloc                     - Undefined Weak Reference
    _terminateio                              - Undefined Weak Reference
    __Vectors_Size                           0x00000188   Number         0  startup_stm32f40_41xxx.o ABSOLUTE
    __Vectors                                0x08000000   Data           4  startup_stm32f40_41xxx.o(RESET)
    __Vectors_End                            0x08000188   Data           0  startup_stm32f40_41xxx.o(RESET)
    __main                                   0x08000189   Thumb Code     8  __main.o(!!!main)
    __scatterload                            0x08000191   Thumb Code     0  __scatter.o(!!!scatter)
    __scatterload_rt2                        0x08000191   Thumb Code    44  __scatter.o(!!!scatter)
    __scatterload_rt2_thumb_only             0x08000191   Thumb Code     0  __scatter.o(!!!scatter)
    __scatterload_null                       0x0800019f   Thumb Code     0  __scatter.o(!!!scatter)
    __decompress                             0x080001c5   Thumb Code    90  __dczerorl2.o(!!dczerorl2)
    __decompress1                            0x080001c5   Thumb Code     0  __dczerorl2.o(!!dczerorl2)
    __scatterload_zeroinit                   0x08000221   Thumb Code    28  __scatter_zi.o(!!handler_zi)
    __rt_lib_init                            0x0800023d   Thumb Code     0  libinit.o(.ARM.Collect$$libinit$$00000000)
    __rt_lib_init_fp_1                       0x0800023f   Thumb Code     0  libinit2.o(.ARM.Collect$$libinit$$00000001)
    __rt_lib_init_alloca_1                   0x08000243   Thumb Code     0  libinit2.o(.ARM.Collect$$libinit$$0000002E)
    __rt_lib_init_argv_1                     0x08000243   Thumb Code     0  libinit2.o(.ARM.Collect$$libinit$$0000002C)
    __rt_lib_init_atexit_1                   0x08000243   Thumb Code     0  libinit2.o(.ARM.Collect$$libinit$$0000001B)
    __rt_lib_init_clock_1                    0x08000243   Thumb Code     0  libinit2.o(.ARM.Collect$$libinit$$00000021)
    __rt_lib_init_cpp_1                      0x08000243   Thumb Code     0  libinit2.o(.ARM.Collect$$libinit$$00000032)
    __rt_lib_init_exceptions_1               0x08000243   Thumb Code     0  libinit2.o(.ARM.Collect$$libinit$$00000030)
    __rt_lib_init_fp_trap_1                  0x08000243   Thumb Code     0  libinit2.o(.ARM.Collect$$libinit$$0000001F)
    __rt_lib_init_getenv_1                   0x08000243   Thumb Code     0  libinit2.o(.ARM.Collect$$libinit$$00000023)
    __rt_lib_init_heap_1                     0x08000243   Thumb Code     0  libinit2.o(.ARM.Collect$$libinit$$0000000A)
    __rt_lib_init_lc_collate_1               0x08000243   Thumb Code     0  libinit2.o(.ARM.Collect$$libinit$$00000011)
    __rt_lib_init_lc_ctype_1                 0x08000243   Thumb Code     0  libinit2.o(.ARM.Collect$$libinit$$00000013)
    __rt_lib_init_lc_monetary_1              0x08000243   Thumb Code     0  libinit2.o(.ARM.Collect$$libinit$$00000015)
    __rt_lib_init_lc_numeric_1               0x08000243   Thumb Code     0  libinit2.o(.ARM.Collect$$libinit$$00000017)
    __rt_lib_init_lc_time_1                  0x08000243   Thumb Code     0  libinit2.o(.ARM.Collect$$libinit$$00000019)
    __rt_lib_init_preinit_1                  0x08000243   Thumb Code     0  libinit2.o(.ARM.Collect$$libinit$$00000004)
    __rt_lib_init_rand_1                     0x08000243   Thumb Code     0  libinit2.o(.ARM.Collect$$libinit$$0000000E)
    __rt_lib_init_return                     0x08000243   Thumb Code     0  libinit2.o(.ARM.Collect$$libinit$$00000033)
    __rt_lib_init_signal_1                   0x08000243   Thumb Code     0  libinit2.o(.ARM.Collect$$libinit$$0000001D)
    __rt_lib_init_stdio_1                    0x08000243   Thumb Code     0  libinit2.o(.ARM.Collect$$libinit$$00000025)
    __rt_lib_init_user_alloc_1               0x08000243   Thumb Code     0  libinit2.o(.ARM.Collect$$libinit$$0000000C)
    __rt_lib_shutdown                        0x08000245   Thumb Code     0  libshutdown.o(.ARM.Collect$$libshutdown$$00000000)
    __rt_lib_shutdown_cpp_1                  0x08000247   Thumb Code     0  libshutdown2.o(.ARM.Collect$$libshutdown$$00000002)
    __rt_lib_shutdown_fp_trap_1              0x08000247   Thumb Code     0  libshutdown2.o(.ARM.Collect$$libshutdown$$00000007)
    __rt_lib_shutdown_heap_1                 0x08000247   Thumb Code     0  libshutdown2.o(.ARM.Collect$$libshutdown$$0000000F)
    __rt_lib_shutdown_return                 0x08000247   Thumb Code     0  libshutdown2.o(.ARM.Collect$$libshutdown$$00000010)
    __rt_lib_shutdown_signal_1               0x08000247   Thumb Code     0  libshutdown2.o(.ARM.Collect$$libshutdown$$0000000A)
    __rt_lib_shutdown_stdio_1                0x08000247   Thumb Code     0  libshutdown2.o(.ARM.Collect$$libshutdown$$00000004)
    __rt_lib_shutdown_user_alloc_1           0x08000247   Thumb Code     0  libshutdown2.o(.ARM.Collect$$libshutdown$$0000000C)
    __rt_entry                               0x08000249   Thumb Code     0  __rtentry.o(.ARM.Collect$$rtentry$$00000000)
    __rt_entry_presh_1                       0x08000249   Thumb Code     0  __rtentry2.o(.ARM.Collect$$rtentry$$00000002)
    __rt_entry_sh                            0x08000249   Thumb Code     0  __rtentry4.o(.ARM.Collect$$rtentry$$00000004)
    __rt_entry_li                            0x0800024f   Thumb Code     0  __rtentry2.o(.ARM.Collect$$rtentry$$0000000A)
    __rt_entry_postsh_1                      0x0800024f   Thumb Code     0  __rtentry2.o(.ARM.Collect$$rtentry$$00000009)
    __rt_entry_main                          0x08000253   Thumb Code     0  __rtentry2.o(.ARM.Collect$$rtentry$$0000000D)
    __rt_entry_postli_1                      0x08000253   Thumb Code     0  __rtentry2.o(.ARM.Collect$$rtentry$$0000000C)
    __rt_exit                                0x0800025b   Thumb Code     0  rtexit.o(.ARM.Collect$$rtexit$$00000000)
    __rt_exit_ls                             0x0800025d   Thumb Code     0  rtexit2.o(.ARM.Collect$$rtexit$$00000003)
    __rt_exit_prels_1                        0x0800025d   Thumb Code     0  rtexit2.o(.ARM.Collect$$rtexit$$00000002)
    __rt_exit_exit                           0x08000261   Thumb Code     0  rtexit2.o(.ARM.Collect$$rtexit$$00000004)
    Reset_Handler                            0x08000269   Thumb Code     8  startup_stm32f40_41xxx.o(.text)
    NMI_Handler                              0x08000271   Thumb Code     2  startup_stm32f40_41xxx.o(.text)
    HardFault_Handler                        0x08000273   Thumb Code     2  startup_stm32f40_41xxx.o(.text)
    MemManage_Handler                        0x08000275   Thumb Code     2  startup_stm32f40_41xxx.o(.text)
    BusFault_Handler                         0x08000277   Thumb Code     2  startup_stm32f40_41xxx.o(.text)
    UsageFault_Handler                       0x08000279   Thumb Code     2  startup_stm32f40_41xxx.o(.text)
    SVC_Handler                              0x0800027b   Thumb Code     2  startup_stm32f40_41xxx.o(.text)
    DebugMon_Handler                         0x0800027d   Thumb Code     2  startup_stm32f40_41xxx.o(.text)
    PendSV_Handler                           0x0800027f   Thumb Code     2  startup_stm32f40_41xxx.o(.text)
    ADC_IRQHandler                           0x08000283   Thumb Code     0  startup_stm32f40_41xxx.o(.text)
    CAN1_RX1_IRQHandler                      0x08000283   Thumb Code     0  startup_stm32f40_41xxx.o(.text)
    CAN1_SCE_IRQHandler                      0x08000283   Thumb Code     0  startup_stm32f40_41xxx.o(.text)
    CAN1_TX_IRQHandler                       0x08000283   Thumb Code     0  startup_stm32f40_41xxx.o(.text)
    CAN2_RX1_IRQHandler                      0x08000283   Thumb Code     0  startup_stm32f40_41xxx.o(.text)
    CAN2_SCE_IRQHandler                      0x08000283   Thumb Code     0  startup_stm32f40_41xxx.o(.text)
    CAN2_TX_IRQHandler                       0x08000283   Thumb Code     0  startup_stm32f40_41xxx.o(.text)
    CRYP_IRQHandler                          0x08000283   Thumb Code     0  startup_stm32f40_41xxx.o(.text)
    DCMI_IRQHandler                          0x08000283   Thumb Code     0  startup_stm32f40_41xxx.o(.text)
    DMA1_Stream0_IRQHandler                  0x08000283   Thumb Code     0  startup_stm32f40_41xxx.o(.text)
    DMA1_Stream1_IRQHandler                  0x08000283   Thumb Code     0  startup_stm32f40_41xxx.o(.text)
    DMA1_Stream2_IRQHandler                  0x08000283   Thumb Code     0  startup_stm32f40_41xxx.o(.text)
    DMA1_Stream3_IRQHandler                  0x08000283   Thumb Code     0  startup_stm32f40_41xxx.o(.text)
    DMA1_Stream4_IRQHandler                  0x08000283   Thumb Code     0  startup_stm32f40_41xxx.o(.text)
    DMA1_Stream5_IRQHandler                  0x08000283   Thumb Code     0  startup_stm32f40_41xxx.o(.text)
    DMA1_Stream6_IRQHandler                  0x08000283   Thumb Code     0  startup_stm32f40_41xxx.o(.text)
    DMA1_Stream7_IRQHandler                  0x08000283   Thumb Code     0  startup_stm32f40_41xxx.o(.text)
    DMA2_Stream0_IRQHandler                  0x08000283   Thumb Code     0  startup_stm32f40_41xxx.o(.text)
    DMA2_Stream1_IRQHandler                  0x08000283   Thumb Code     0  startup_stm32f40_41xxx.o(.text)
    DMA2_Stream2_IRQHandler                  0x08000283   Thumb Code     0  startup_stm32f40_41xxx.o(.text)
    DMA2_Stream3_IRQHandler                  0x08000283   Thumb Code     0  startup_stm32f40_41xxx.o(.text)
    DMA2_Stream4_IRQHandler                  0x08000283   Thumb Code     0  startup_stm32f40_41xxx.o(.text)
    DMA2_Stream5_IRQHandler                  0x08000283   Thumb Code     0  startup_stm32f40_41xxx.o(.text)
    DMA2_Stream6_IRQHandler                  0x08000283   Thumb Code     0  startup_stm32f40_41xxx.o(.text)
    DMA2_Stream7_IRQHandler                  0x08000283   Thumb Code     0  startup_stm32f40_41xxx.o(.text)
    ETH_IRQHandler                           0x08000283   Thumb Code     0  startup_stm32f40_41xxx.o(.text)
    ETH_WKUP_IRQHandler                      0x08000283   Thumb Code     0  startup_stm32f40_41xxx.o(.text)
    EXTI0_IRQHandler                         0x08000283   Thumb Code     0  startup_stm32f40_41xxx.o(.text)
    EXTI15_10_IRQHandler                     0x08000283   Thumb Code     0  startup_stm32f40_41xxx.o(.text)
    EXTI1_IRQHandler                         0x08000283   Thumb Code     0  startup_stm32f40_41xxx.o(.text)
    EXTI2_IRQHandler                         0x08000283   Thumb Code     0  startup_stm32f40_41xxx.o(.text)
    EXTI3_IRQHandler                         0x08000283   Thumb Code     0  startup_stm32f40_41xxx.o(.text)
    EXTI4_IRQHandler                         0x08000283   Thumb Code     0  startup_stm32f40_41xxx.o(.text)
    EXTI9_5_IRQHandler                       0x08000283   Thumb Code     0  startup_stm32f40_41xxx.o(.text)
    FLASH_IRQHandler                         0x08000283   Thumb Code     0  startup_stm32f40_41xxx.o(.text)
    FPU_IRQHandler                           0x08000283   Thumb Code     0  startup_stm32f40_41xxx.o(.text)
    FSMC_IRQHandler                          0x08000283   Thumb Code     0  startup_stm32f40_41xxx.o(.text)
    HASH_RNG_IRQHandler                      0x08000283   Thumb Code     0  startup_stm32f40_41xxx.o(.text)
    I2C1_ER_IRQHandler                       0x08000283   Thumb Code     0  startup_stm32f40_41xxx.o(.text)
    I2C1_EV_IRQHandler                       0x08000283   Thumb Code     0  startup_stm32f40_41xxx.o(.text)
    I2C2_ER_IRQHandler                       0x08000283   Thumb Code     0  startup_stm32f40_41xxx.o(.text)
    I2C2_EV_IRQHandler                       0x08000283   Thumb Code     0  startup_stm32f40_41xxx.o(.text)
    I2C3_ER_IRQHandler                       0x08000283   Thumb Code     0  startup_stm32f40_41xxx.o(.text)
    I2C3_EV_IRQHandler                       0x08000283   Thumb Code     0  startup_stm32f40_41xxx.o(.text)
    OTG_FS_IRQHandler                        0x08000283   Thumb Code     0  startup_stm32f40_41xxx.o(.text)
    OTG_FS_WKUP_IRQHandler                   0x08000283   Thumb Code     0  startup_stm32f40_41xxx.o(.text)
    OTG_HS_EP1_IN_IRQHandler                 0x08000283   Thumb Code     0  startup_stm32f40_41xxx.o(.text)
    OTG_HS_EP1_OUT_IRQHandler                0x08000283   Thumb Code     0  startup_stm32f40_41xxx.o(.text)
    OTG_HS_IRQHandler                        0x08000283   Thumb Code     0  startup_stm32f40_41xxx.o(.text)
    OTG_HS_WKUP_IRQHandler                   0x08000283   Thumb Code     0  startup_stm32f40_41xxx.o(.text)
    PVD_IRQHandler                           0x08000283   Thumb Code     0  startup_stm32f40_41xxx.o(.text)
    RCC_IRQHandler                           0x08000283   Thumb Code     0  startup_stm32f40_41xxx.o(.text)
    RTC_Alarm_IRQHandler                     0x08000283   Thumb Code     0  startup_stm32f40_41xxx.o(.text)
    RTC_WKUP_IRQHandler                      0x08000283   Thumb Code     0  startup_stm32f40_41xxx.o(.text)
    SDIO_IRQHandler                          0x08000283   Thumb Code     0  startup_stm32f40_41xxx.o(.text)
    SPI1_IRQHandler                          0x08000283   Thumb Code     0  startup_stm32f40_41xxx.o(.text)
    SPI2_IRQHandler                          0x08000283   Thumb Code     0  startup_stm32f40_41xxx.o(.text)
    SPI3_IRQHandler                          0x08000283   Thumb Code     0  startup_stm32f40_41xxx.o(.text)
    TAMP_STAMP_IRQHandler                    0x08000283   Thumb Code     0  startup_stm32f40_41xxx.o(.text)
    TIM1_BRK_TIM9_IRQHandler                 0x08000283   Thumb Code     0  startup_stm32f40_41xxx.o(.text)
    TIM1_CC_IRQHandler                       0x08000283   Thumb Code     0  startup_stm32f40_41xxx.o(.text)
    TIM1_TRG_COM_TIM11_IRQHandler            0x08000283   Thumb Code     0  startup_stm32f40_41xxx.o(.text)
    TIM1_UP_TIM10_IRQHandler                 0x08000283   Thumb Code     0  startup_stm32f40_41xxx.o(.text)
    TIM2_IRQHandler                          0x08000283   Thumb Code     0  startup_stm32f40_41xxx.o(.text)
    TIM3_IRQHandler                          0x08000283   Thumb Code     0  startup_stm32f40_41xxx.o(.text)
    TIM4_IRQHandler                          0x08000283   Thumb Code     0  startup_stm32f40_41xxx.o(.text)
    TIM5_IRQHandler                          0x08000283   Thumb Code     0  startup_stm32f40_41xxx.o(.text)
    TIM6_DAC_IRQHandler                      0x08000283   Thumb Code     0  startup_stm32f40_41xxx.o(.text)
    TIM7_IRQHandler                          0x08000283   Thumb Code     0  startup_stm32f40_41xxx.o(.text)
    TIM8_BRK_TIM12_IRQHandler                0x08000283   Thumb Code     0  startup_stm32f40_41xxx.o(.text)
    TIM8_CC_IRQHandler                       0x08000283   Thumb Code     0  startup_stm32f40_41xxx.o(.text)
    TIM8_TRG_COM_TIM14_IRQHandler            0x08000283   Thumb Code     0  startup_stm32f40_41xxx.o(.text)
    TIM8_UP_TIM13_IRQHandler                 0x08000283   Thumb Code     0  startup_stm32f40_41xxx.o(.text)
    UART4_IRQHandler                         0x08000283   Thumb Code     0  startup_stm32f40_41xxx.o(.text)
    UART5_IRQHandler                         0x08000283   Thumb Code     0  startup_stm32f40_41xxx.o(.text)
    USART1_IRQHandler                        0x08000283   Thumb Code     0  startup_stm32f40_41xxx.o(.text)
    USART2_IRQHandler                        0x08000283   Thumb Code     0  startup_stm32f40_41xxx.o(.text)
    USART6_IRQHandler                        0x08000283   Thumb Code     0  startup_stm32f40_41xxx.o(.text)
    WWDG_IRQHandler                          0x08000283   Thumb Code     0  startup_stm32f40_41xxx.o(.text)
    __user_initial_stackheap                 0x08000285   Thumb Code     0  startup_stm32f40_41xxx.o(.text)
    __aeabi_memcpy                           0x080002a9   Thumb Code     0  rt_memcpy_v6.o(.text)
    __rt_memcpy                              0x080002a9   Thumb Code   138  rt_memcpy_v6.o(.text)
    _memcpy_lastbytes                        0x0800030f   Thumb Code     0  rt_memcpy_v6.o(.text)
    __use_two_region_memory                  0x08000333   Thumb Code     2  heapauxi.o(.text)
    __rt_heap_escrow$2region                 0x08000335   Thumb Code     2  heapauxi.o(.text)
    __rt_heap_expand$2region                 0x08000337   Thumb Code     2  heapauxi.o(.text)
    __read_errno                             0x08000339   Thumb Code    10  _rserrno.o(.text)
    __set_errno                              0x08000343   Thumb Code    12  _rserrno.o(.text)
    __aeabi_memcpy4                          0x0800034f   Thumb Code     0  rt_memcpy_w.o(.text)
    __aeabi_memcpy8                          0x0800034f   Thumb Code     0  rt_memcpy_w.o(.text)
    __rt_memcpy_w                            0x0800034f   Thumb Code   100  rt_memcpy_w.o(.text)
    _memcpy_lastbytes_aligned                0x08000397   Thumb Code     0  rt_memcpy_w.o(.text)
    __aeabi_errno_addr                       0x080003b5   Thumb Code     8  rt_errno_addr_intlibspace.o(.text)
    __errno$intlibspace                      0x080003b5   Thumb Code     0  rt_errno_addr_intlibspace.o(.text)
    __rt_errno_addr$intlibspace              0x080003b5   Thumb Code     0  rt_errno_addr_intlibspace.o(.text)
    __user_libspace                          0x080003bd   Thumb Code     8  libspace.o(.text)
    __user_perproc_libspace                  0x080003bd   Thumb Code     0  libspace.o(.text)
    __user_perthread_libspace                0x080003bd   Thumb Code     0  libspace.o(.text)
    __user_setup_stackheap                   0x080003c5   Thumb Code    74  sys_stackheap_outer.o(.text)
    exit                                     0x0800040f   Thumb Code    18  exit.o(.text)
    _sys_exit                                0x08000421   Thumb Code     8  sys_exit.o(.text)
    __I$use$semihosting                      0x0800042d   Thumb Code     0  use_no_semi.o(.text)
    __use_no_semihosting_swi                 0x0800042d   Thumb Code     2  use_no_semi.o(.text)
    AbsEncoderProcess                        0x0800042f   Thumb Code    84  can_protocol.o(i.AbsEncoderProcess)
    __semihosting_library_function           0x0800042f   Thumb Code     0  indicate_semi.o(.text)
    Angle_180_To_Inf                         0x08000485   Thumb Code   162  gimbal_task.o(i.Angle_180_To_Inf)
    Append_CRC8_Check_Sum                    0x08000531   Thumb Code    36  verify.o(i.Append_CRC8_Check_Sum)
    BMI088_Read_Acc_Data                     0x08000555   Thumb Code    50  bmi088_driver.o(i.BMI088_Read_Acc_Data)
    BMI088_Read_Gyro_Data                    0x0800058d   Thumb Code    42  bmi088_driver.o(i.BMI088_Read_Gyro_Data)
    BMI088_Write_Acc_Data                    0x080005bd   Thumb Code    38  bmi088_driver.o(i.BMI088_Write_Acc_Data)
    BMI088_Write_Gyro_Data                   0x080005e9   Thumb Code    38  bmi088_driver.o(i.BMI088_Write_Gyro_Data)
    BSP_Init                                 0x08000615   Thumb Code    36  bsp_init.o(i.BSP_Init)
    CAN1_Configuration                       0x08000639   Thumb Code   206  can.o(i.CAN1_Configuration)
    CAN1_Protocol                            0x08000711   Thumb Code   124  can_protocol.o(i.CAN1_Protocol)
    CAN1_RX0_IRQHandler                      0x080007a9   Thumb Code    50  stm32f4xx_it.o(i.CAN1_RX0_IRQHandler)
    CAN2_Configuration                       0x080007e9   Thumb Code   216  can.o(i.CAN2_Configuration)
    CAN2_Protocol                            0x080008c9   Thumb Code   164  can_protocol.o(i.CAN2_Protocol)
    CAN2_RX0_IRQHandler                      0x08000991   Thumb Code    50  stm32f4xx_it.o(i.CAN2_RX0_IRQHandler)
    CAN_ClearITPendingBit                    0x080009d1   Thumb Code   162  stm32f4xx_can.o(i.CAN_ClearITPendingBit)
    CAN_FilterInit                           0x08000a79   Thumb Code   258  stm32f4xx_can.o(i.CAN_FilterInit)
    CAN_GetITStatus                          0x08000b81   Thumb Code   284  stm32f4xx_can.o(i.CAN_GetITStatus)
    CAN_ITConfig                             0x08000ca1   Thumb Code    18  stm32f4xx_can.o(i.CAN_ITConfig)
    CAN_Init                                 0x08000cb3   Thumb Code   276  stm32f4xx_can.o(i.CAN_Init)
    CAN_Receive                              0x08000dc7   Thumb Code   240  stm32f4xx_can.o(i.CAN_Receive)
    CAN_SendData                             0x08000eb7   Thumb Code   104  can_protocol.o(i.CAN_SendData)
    CAN_Transmit                             0x08000f1f   Thumb Code   294  stm32f4xx_can.o(i.CAN_Transmit)
    CalIResistedPID                          0x08001045   Thumb Code   340  rm_algorithm.o(i.CalIResistedPID)
    CalIWeakenPID                            0x0800119d   Thumb Code   332  rm_algorithm.o(i.CalIWeakenPID)
    CalSMC                                   0x080012e9   Thumb Code   150  rm_algorithm.o(i.CalSMC)
    CalTD                                    0x08001381   Thumb Code   502  rm_algorithm.o(i.CalTD)
    ChassisSendDataProtocol                  0x0800157d   Thumb Code   118  chassis_protocol.o(i.ChassisSendDataProtocol)
    Clip                                     0x08001627   Thumb Code    42  rm_algorithm.o(i.Clip)
    DMA_ClearITPendingBit                    0x08001651   Thumb Code    38  stm32f4xx_dma.o(i.DMA_ClearITPendingBit)
    DMA_Cmd                                  0x08001685   Thumb Code    22  stm32f4xx_dma.o(i.DMA_Cmd)
    DMA_DeInit                               0x0800169d   Thumb Code   324  stm32f4xx_dma.o(i.DMA_DeInit)
    DMA_GetCmdStatus                         0x080017f5   Thumb Code    20  stm32f4xx_dma.o(i.DMA_GetCmdStatus)
    DMA_GetCurrDataCounter                   0x08001809   Thumb Code     8  stm32f4xx_dma.o(i.DMA_GetCurrDataCounter)
    DMA_Init                                 0x08001811   Thumb Code    82  stm32f4xx_dma.o(i.DMA_Init)
    FPRampSignal                             0x08001869   Thumb Code   148  rm_algorithm.o(i.FPRampSignal)
    Friction_Control                         0x080018fd   Thumb Code  1372  gimbal_task.o(i.Friction_Control)
    GPIO_Init                                0x08001e81   Thumb Code   144  stm32f4xx_gpio.o(i.GPIO_Init)
    GPIO_PinAFConfig                         0x08001f11   Thumb Code    70  stm32f4xx_gpio.o(i.GPIO_PinAFConfig)
    GPIO_ResetBits                           0x08001f57   Thumb Code     4  stm32f4xx_gpio.o(i.GPIO_ResetBits)
    GPIO_SetBits                             0x08001f5b   Thumb Code     4  stm32f4xx_gpio.o(i.GPIO_SetBits)
    GetOffset                                0x08001f61   Thumb Code   486  bmi088_driver.o(i.GetOffset)
    GetValue                                 0x08002199   Thumb Code   532  bmi088_driver.o(i.GetValue)
    Get_CRC8_Check_Sum                       0x080023e5   Thumb Code    30  verify.o(i.Get_CRC8_Check_Sum)
    Get_Encoder_Number                       0x08002409   Thumb Code    12  can_protocol.o(i.Get_Encoder_Number)
    Get_Speed                                0x08002415   Thumb Code    42  can_protocol.o(i.Get_Speed)
    Get_Temperature                          0x0800243f   Thumb Code    16  can_protocol.o(i.Get_Temperature)
    GimbalControl                            0x08002451   Thumb Code  1210  gimbal_task.o(i.GimbalControl)
    GimbalControlTask                        0x0800291d   Thumb Code    18  main.o(i.GimbalControlTask)
    GimbalReceiveDataProtocol                0x08002935   Thumb Code   620  chassis_protocol.o(i.GimbalReceiveDataProtocol)
    IMUUpdateTask                            0x08002bd5   Thumb Code    18  main.o(i.IMUUpdateTask)
    IMU_Update_Mahony                        0x08002bed   Thumb Code  1314  imu_update_task.o(i.IMU_Update_Mahony)
    IMU_Update_Task                          0x08003129   Thumb Code    30  imu_update_task.o(i.IMU_Update_Task)
    LedTask                                  0x08003159   Thumb Code    88  main.o(i.LedTask)
    Limit_Zero                               0x080031b9   Thumb Code    40  bmi088_driver.o(i.Limit_Zero)
    LpFilter                                 0x080031e5   Thumb Code    66  general_math.o(i.LpFilter)
    NVIC_Configuration                       0x08003227   Thumb Code    98  nvic.o(i.NVIC_Configuration)
    NVIC_Init                                0x08003289   Thumb Code   106  misc.o(i.NVIC_Init)
    NVIC_PriorityGroupConfig                 0x08003301   Thumb Code    10  misc.o(i.NVIC_PriorityGroupConfig)
    OS_RUN                                   0x08003315   Thumb Code   412  os.o(i.OS_RUN)
    RCC_AHB1PeriphClockCmd                   0x080034c9   Thumb Code    26  stm32f4xx_rcc.o(i.RCC_AHB1PeriphClockCmd)
    RCC_APB1PeriphClockCmd                   0x080034e9   Thumb Code    26  stm32f4xx_rcc.o(i.RCC_APB1PeriphClockCmd)
    RCC_APB1PeriphResetCmd                   0x08003509   Thumb Code    26  stm32f4xx_rcc.o(i.RCC_APB1PeriphResetCmd)
    RCC_APB2PeriphClockCmd                   0x08003529   Thumb Code    26  stm32f4xx_rcc.o(i.RCC_APB2PeriphClockCmd)
    RCC_APB2PeriphResetCmd                   0x08003549   Thumb Code    26  stm32f4xx_rcc.o(i.RCC_APB2PeriphResetCmd)
    RCC_GetClocksFreq                        0x08003569   Thumb Code   214  stm32f4xx_rcc.o(i.RCC_GetClocksFreq)
    S16RampSignal                            0x08003651   Thumb Code   106  rm_algorithm.o(i.S16RampSignal)
    SPI_Cmd                                  0x0800371f   Thumb Code    24  stm32f4xx_spi.o(i.SPI_Cmd)
    SPI_Configuration                        0x08003739   Thumb Code   260  spi.o(i.SPI_Configuration)
    SPI_I2S_DeInit                           0x08003849   Thumb Code   152  stm32f4xx_spi.o(i.SPI_I2S_DeInit)
    SPI_Init                                 0x080038f9   Thumb Code    60  stm32f4xx_spi.o(i.SPI_Init)
    SendDataTask                             0x08003935   Thumb Code    18  main.o(i.SendDataTask)
    SensorDataPrepareTask                    0x0800394d   Thumb Code    18  main.o(i.SensorDataPrepareTask)
    Sensor_Data_Prepare                      0x08003965   Thumb Code   866  bmi088_driver.o(i.Sensor_Data_Prepare)
    SysTick_Handler                          0x08003e89   Thumb Code   120  stm32f4xx_it.o(i.SysTick_Handler)
    SystemInit                               0x08003f05   Thumb Code    88  system_stm32f4xx.o(i.SystemInit)
    SystemMonitorTask                        0x08003f6d   Thumb Code     8  main.o(i.SystemMonitorTask)
    System_Monitor                           0x08003f75   Thumb Code     2  system_monitor_task.o(i.System_Monitor)
    TIM5_Configuration                       0x08003f79   Thumb Code    50  tim.o(i.TIM5_Configuration)
    TIM_Cmd                                  0x08003fb1   Thumb Code    24  stm32f4xx_tim.o(i.TIM_Cmd)
    TIM_TimeBaseInit                         0x08003fc9   Thumb Code   104  stm32f4xx_tim.o(i.TIM_TimeBaseInit)
    TriggerTask                              0x0800404d   Thumb Code    44  main.o(i.TriggerTask)
    USART3_IRQHandler                        0x08004085   Thumb Code    68  stm32f4xx_it.o(i.USART3_IRQHandler)
    USART_Cmd                                0x080040d1   Thumb Code    24  stm32f4xx_usart.o(i.USART_Cmd)
    USART_DMACmd                             0x080040e9   Thumb Code    18  stm32f4xx_usart.o(i.USART_DMACmd)
    USART_GetITStatus                        0x080040fb   Thumb Code    84  stm32f4xx_usart.o(i.USART_GetITStatus)
    USART_ITConfig                           0x0800414f   Thumb Code    74  stm32f4xx_usart.o(i.USART_ITConfig)
    USART_Init                               0x08004199   Thumb Code   204  stm32f4xx_usart.o(i.USART_Init)
    Verify_CRC8_Check_Sum                    0x0800426d   Thumb Code    46  verify.o(i.Verify_CRC8_Check_Sum)
    __ARM_fpclassify                         0x0800429b   Thumb Code    48  fpclassify.o(i.__ARM_fpclassify)
    __ARM_fpclassifyf                        0x080042cb   Thumb Code    38  fpclassifyf.o(i.__ARM_fpclassifyf)
    __hardfp_asinf                           0x080042f1   Thumb Code   258  asinf.o(i.__hardfp_asinf)
    __hardfp_atan2f                          0x0800441d   Thumb Code   502  atan2f.o(i.__hardfp_atan2f)
    __hardfp_cos                             0x08004671   Thumb Code   180  cos.o(i.__hardfp_cos)
    __hardfp_fabs                            0x08004739   Thumb Code    20  fabs.o(i.__hardfp_fabs)
    __hardfp_pow                             0x08004751   Thumb Code  3072  pow.o(i.__hardfp_pow)
    __hardfp_sqrt                            0x080053a1   Thumb Code   122  sqrt.o(i.__hardfp_sqrt)
    __ieee754_rem_pio2                       0x08005421   Thumb Code   938  rred.o(i.__ieee754_rem_pio2)
    __kernel_cos                             0x08005859   Thumb Code   322  cos_i.o(i.__kernel_cos)
    __kernel_poly                            0x080059c9   Thumb Code   248  poly.o(i.__kernel_poly)
    __kernel_sin                             0x08005ac1   Thumb Code   280  sin_i.o(i.__kernel_sin)
    __mathlib_dbl_divzero                    0x08005bf1   Thumb Code    28  dunder.o(i.__mathlib_dbl_divzero)
    __mathlib_dbl_infnan                     0x08005c21   Thumb Code    20  dunder.o(i.__mathlib_dbl_infnan)
    __mathlib_dbl_infnan2                    0x08005c35   Thumb Code    20  dunder.o(i.__mathlib_dbl_infnan2)
    __mathlib_dbl_invalid                    0x08005c49   Thumb Code    24  dunder.o(i.__mathlib_dbl_invalid)
    __mathlib_dbl_overflow                   0x08005c69   Thumb Code    24  dunder.o(i.__mathlib_dbl_overflow)
    __mathlib_dbl_underflow                  0x08005c89   Thumb Code    24  dunder.o(i.__mathlib_dbl_underflow)
    __mathlib_flt_infnan                     0x08005ca9   Thumb Code     6  funder.o(i.__mathlib_flt_infnan)
    __mathlib_flt_infnan2                    0x08005caf   Thumb Code     6  funder.o(i.__mathlib_flt_infnan2)
    __mathlib_flt_invalid                    0x08005cb5   Thumb Code    10  funder.o(i.__mathlib_flt_invalid)
    __mathlib_flt_underflow                  0x08005cc5   Thumb Code    10  funder.o(i.__mathlib_flt_underflow)
    bmi088_init                              0x08005cd5   Thumb Code   358  bmi088_driver.o(i.bmi088_init)
    delay_ms                                 0x08005e55   Thumb Code    28  delay.o(i.delay_ms)
    delay_us                                 0x08005e71   Thumb Code    26  delay.o(i.delay_us)
    fabs                                     0x08005e8b   Thumb Code    24  fabs.o(i.fabs)
    invSqrt                                  0x08005ea5   Thumb Code    56  general_math.o(i.invSqrt)
    leastSquareLinearFit                     0x08005ee1   Thumb Code   224  bmi088_driver.o(i.leastSquareLinearFit)
    main                                     0x08005fc9   Thumb Code    14  main.o(i.main)
    spi1_read_write_byte                     0x08005fd9   Thumb Code    40  spi.o(i.spi1_read_write_byte)
    sqrt                                     0x08006005   Thumb Code   110  sqrt.o(i.sqrt)
    sqrtf                                    0x08006073   Thumb Code    62  sqrtf.o(i.sqrtf)
    usart3_init                              0x080060b1   Thumb Code   318  usart.o(i.usart3_init)
    __aeabi_dneg                             0x08006205   Thumb Code     0  basic.o(x$fpl$basic)
    _dneg                                    0x08006205   Thumb Code     6  basic.o(x$fpl$basic)
    __aeabi_fneg                             0x0800620b   Thumb Code     0  basic.o(x$fpl$basic)
    _fneg                                    0x0800620b   Thumb Code     6  basic.o(x$fpl$basic)
    _dabs                                    0x08006211   Thumb Code     6  basic.o(x$fpl$basic)
    _fabs                                    0x08006217   Thumb Code     6  basic.o(x$fpl$basic)
    __aeabi_d2f                              0x0800621d   Thumb Code     0  d2f.o(x$fpl$d2f)
    _d2f                                     0x0800621d   Thumb Code    98  d2f.o(x$fpl$d2f)
    __aeabi_dadd                             0x08006281   Thumb Code     0  daddsub_clz.o(x$fpl$dadd)
    _dadd                                    0x08006281   Thumb Code   332  daddsub_clz.o(x$fpl$dadd)
    __fpl_dcheck_NaN1                        0x080063d1   Thumb Code    10  dcheck1.o(x$fpl$dcheck1)
    __fpl_dcmp_Inf                           0x080063e1   Thumb Code    24  dcmpi.o(x$fpl$dcmpinf)
    __aeabi_ddiv                             0x080063f9   Thumb Code     0  ddiv.o(x$fpl$ddiv)
    _ddiv                                    0x080063f9   Thumb Code   552  ddiv.o(x$fpl$ddiv)
    __aeabi_d2iz                             0x080066a9   Thumb Code     0  dfix.o(x$fpl$dfix)
    _dfix                                    0x080066a9   Thumb Code    94  dfix.o(x$fpl$dfix)
    __aeabi_d2uiz                            0x08006709   Thumb Code     0  dfixu.o(x$fpl$dfixu)
    _dfixu                                   0x08006709   Thumb Code    90  dfixu.o(x$fpl$dfixu)
    __aeabi_i2d                              0x08006763   Thumb Code     0  dflt_clz.o(x$fpl$dflt)
    _dflt                                    0x08006763   Thumb Code    46  dflt_clz.o(x$fpl$dflt)
    __aeabi_ui2d                             0x08006791   Thumb Code     0  dflt_clz.o(x$fpl$dfltu)
    _dfltu                                   0x08006791   Thumb Code    38  dflt_clz.o(x$fpl$dfltu)
    __aeabi_cdcmple                          0x080067b9   Thumb Code     0  dleqf.o(x$fpl$dleqf)
    _dcmple                                  0x080067b9   Thumb Code   120  dleqf.o(x$fpl$dleqf)
    __fpl_dcmple_InfNaN                      0x0800681b   Thumb Code     0  dleqf.o(x$fpl$dleqf)
    __aeabi_dmul                             0x08006831   Thumb Code     0  dmul.o(x$fpl$dmul)
    _dmul                                    0x08006831   Thumb Code   332  dmul.o(x$fpl$dmul)
    __fpl_dnaninf                            0x08006985   Thumb Code   156  dnaninf.o(x$fpl$dnaninf)
    __fpl_dretinf                            0x08006a21   Thumb Code    12  dretinf.o(x$fpl$dretinf)
    __aeabi_cdrcmple                         0x08006a2d   Thumb Code     0  drleqf.o(x$fpl$drleqf)
    _drcmple                                 0x08006a2d   Thumb Code   108  drleqf.o(x$fpl$drleqf)
    __aeabi_drsub                            0x08006a99   Thumb Code     0  daddsub_clz.o(x$fpl$drsb)
    _drsb                                    0x08006a99   Thumb Code    22  daddsub_clz.o(x$fpl$drsb)
    _dsqrt                                   0x08006ab1   Thumb Code   404  dsqrt_umaal.o(x$fpl$dsqrt)
    __aeabi_dsub                             0x08006c49   Thumb Code     0  daddsub_clz.o(x$fpl$dsub)
    _dsub                                    0x08006c49   Thumb Code   464  daddsub_clz.o(x$fpl$dsub)
    __aeabi_f2d                              0x08006e1d   Thumb Code     0  f2d.o(x$fpl$f2d)
    _f2d                                     0x08006e1d   Thumb Code    86  f2d.o(x$fpl$f2d)
    __fpl_fnaninf                            0x08006e73   Thumb Code   140  fnaninf.o(x$fpl$fnaninf)
    _fp_init                                 0x08006eff   Thumb Code    10  fpinit.o(x$fpl$fpinit)
    __fplib_config_fpu_vfp                   0x08006f07   Thumb Code     0  fpinit.o(x$fpl$fpinit)
    __fplib_config_pureend_doubles           0x08006f07   Thumb Code     0  fpinit.o(x$fpl$fpinit)
    __fpl_fretinf                            0x08006f09   Thumb Code    10  fretinf.o(x$fpl$fretinf)
    __fpl_return_NaN                         0x08006f13   Thumb Code   100  retnan.o(x$fpl$retnan)
    __ARM_scalbn                             0x08006f77   Thumb Code    92  scalbn.o(x$fpl$scalbn)
    __fpl_cmpreturn                          0x08006fd3   Thumb Code    48  trapv.o(x$fpl$trapveneer)
    CRC8_INIT                                0x08007002   Data           1  verify.o(.constdata)
    __I$use$fp                               0x08007002   Number         0  usenofp.o(x$fpl$usenofp)
    CRC8_TAB                                 0x08007003   Data         256  verify.o(.constdata)
    CRC16_Table                              0x08007104   Data         512  verify.o(.constdata)
    __mathlib_zero                           0x080073c0   Data           8  qnan.o(.constdata)
    Region$$Table$$Base                      0x0800752c   Number         0  anon$$obj.o(Region$$Table)
    Region$$Table$$Limit                     0x0800754c   Number         0  anon$$obj.o(Region$$Table)
    TaskTotalTime                            0x20000000   Data           4  os.o(.data)
    TaskTotalTimeMost                        0x20000004   Data           4  os.o(.data)
    TaskTotalTimeLeast                       0x20000008   Data           4  os.o(.data)
    G_ST_Task                                0x2000000c   Data         252  os.o(.data)
    TotalTaskNum                             0x20000108   Data           4  os.o(.data)
    USART2_Cushioning_Rx                     0x2000010c   Data           1  global_declare.o(.data)
    UART4_Cushioning_Rx                      0x2000010d   Data           1  global_declare.o(.data)
    UART5_Cushioning_Rx                      0x2000010e   Data           1  global_declare.o(.data)
    USART6_Cushioning_Rx                     0x2000010f   Data           1  global_declare.o(.data)
    ChassisData                              0x20000110   Data          35  global_declare.o(.data)
    GimbalYawEncoder                         0x20000134   Data          28  global_declare.o(.data)
    ShootEncoder                             0x20000150   Data          28  global_declare.o(.data)
    ChassisEncoder                           0x2000016c   Data          28  global_declare.o(.data)
    MotorEncoder                             0x20000188   Data          28  global_declare.o(.data)
    ChassisZigEncoder                        0x200001a4   Data          28  global_declare.o(.data)
    YawPosDes                                0x200001c0   Data           4  global_declare.o(.data)
    YawEncoderAngle                          0x200001c4   Data           4  global_declare.o(.data)
    YawEncoderSpeed                          0x200001c8   Data           4  global_declare.o(.data)
    YawBMIAngle                              0x200001cc   Data           4  global_declare.o(.data)
    YawBMISpeed                              0x200001d0   Data           4  global_declare.o(.data)
    PitchPosDes                              0x200001d4   Data           4  global_declare.o(.data)
    PitchBMIAngle                            0x200001d8   Data           4  global_declare.o(.data)
    PitchBMISpeed                            0x200001dc   Data           4  global_declare.o(.data)
    Friction1_Temp                           0x200001e0   Data           4  global_declare.o(.data)
    Friction2_Temp                           0x200001e4   Data           4  global_declare.o(.data)
    Real_Friction1_Temp                      0x200001e8   Data           4  global_declare.o(.data)
    Real_Friction2_Temp                      0x200001ec   Data           4  global_declare.o(.data)
    g_stFriction1Encoder                     0x200001f0   Data          28  global_declare.o(.data)
    g_stFriction2Encoder                     0x2000020c   Data          28  global_declare.o(.data)
    g_stFriction1SMC                         0x20000228   Data          64  global_declare.o(.data)
    g_stFriction2SMC                         0x20000268   Data          64  global_declare.o(.data)
    Shooter_BLOCK                            0x200002a8   Data           1  global_declare.o(.data)
    ShooterN                                 0x200002ac   Data           4  global_declare.o(.data)
    g_stShooterEncoder                       0x200002b0   Data          28  global_declare.o(.data)
    g_stShooterPosPID                        0x200002cc   Data          68  global_declare.o(.data)
    g_stShooterSpeedPID                      0x20000310   Data          68  global_declare.o(.data)
    COMP                                     0x20000354   Data           4  global_declare.o(.data)
    PitchTest                                0x20000358   Data           4  global_declare.o(.data)
    G_Compensate                             0x2000035c   Data           2  global_declare.o(.data)
    Pitch_Encoder_angle                      0x20000360   Data           4  global_declare.o(.data)
    Pitch_Encoder_speed                      0x20000364   Data           4  global_declare.o(.data)
    BMIPitchSpeed                            0x20000368   Data           4  global_declare.o(.data)
    BMIYawSpeed                              0x2000036c   Data           4  global_declare.o(.data)
    PitchDiff                                0x20000370   Data           4  global_declare.o(.data)
    Gravity_Compensate                       0x20000374   Data           4  global_declare.o(.data)
    g_stPitchEncoder                         0x20000378   Data          28  global_declare.o(.data)
    PitchSpeedCompensate                     0x20000394   Data           4  global_declare.o(.data)
    PitchCoe                                 0x20000398   Data           4  global_declare.o(.data)
    g_stPitchTD                              0x2000039c   Data          28  global_declare.o(.data)
    g_stPitchPosPID                          0x200003b8   Data          68  global_declare.o(.data)
    g_stPitchSpeedPID                        0x200003fc   Data          68  global_declare.o(.data)
    stError                                  0x20000440   Data           8  global_declare.o(.data)
    imu_data                                 0x20000448   Data         108  imu_update_task.o(.data)
    Kp                                       0x200004b4   Data           4  imu_update_task.o(.data)
    Ki                                       0x200004b8   Data           4  imu_update_task.o(.data)
    exInt                                    0x200004bc   Data           4  imu_update_task.o(.data)
    eyInt                                    0x200004c0   Data           4  imu_update_task.o(.data)
    ezInt                                    0x200004c4   Data           4  imu_update_task.o(.data)
    q0                                       0x200004c8   Data           4  imu_update_task.o(.data)
    q1                                       0x200004cc   Data           4  imu_update_task.o(.data)
    q2                                       0x200004d0   Data           4  imu_update_task.o(.data)
    q3                                       0x200004d4   Data           4  imu_update_task.o(.data)
    test                                     0x200004ec   Data           1  gimbal_task.o(.data)
    DNPITCHANGLEBOXSIZE                      0x200004ed   Data           1  gimbal_task.o(.data)
    SMC_J                                    0x200004f0   Data           4  gimbal_task.o(.data)
    SMC_f                                    0x200004f4   Data           4  gimbal_task.o(.data)
    Inc_time                                 0x200004f8   Data           4  gimbal_task.o(.data)
    Dec_time                                 0x200004fc   Data           4  gimbal_task.o(.data)
    Pitch_Current                            0x20000500   Data           4  gimbal_task.o(.data)
    imu_mode                                 0x20000528   Data           1  bmi088_driver.o(.data)
    gyro_x                                   0x2000052c   Data          20  bmi088_driver.o(.data)
    gyro_y                                   0x20000540   Data          20  bmi088_driver.o(.data)
    gyro_z                                   0x20000554   Data          20  bmi088_driver.o(.data)
    acc_x                                    0x20000568   Data          20  bmi088_driver.o(.data)
    acc_y                                    0x2000057c   Data          20  bmi088_driver.o(.data)
    acc_z                                    0x20000590   Data          20  bmi088_driver.o(.data)
    Cali_Cnt                                 0x200005a4   Data           2  bmi088_driver.o(.data)
    Real_Temp                                0x200005a6   Data           2  bmi088_driver.o(.data)
    Acc_X_Ori                                0x200005a8   Data           4  bmi088_driver.o(.data)
    Acc_Y_Ori                                0x200005ac   Data           4  bmi088_driver.o(.data)
    Acc_Z_Ori                                0x200005b0   Data           4  bmi088_driver.o(.data)
    Gyro_X_Ori                               0x200005b4   Data           4  bmi088_driver.o(.data)
    Gyro_Y_Ori                               0x200005b8   Data           4  bmi088_driver.o(.data)
    Gyro_Z_Ori                               0x200005bc   Data           4  bmi088_driver.o(.data)
    Acc_X_Real                               0x200005c0   Data           4  bmi088_driver.o(.data)
    Acc_Y_Real                               0x200005c4   Data           4  bmi088_driver.o(.data)
    Acc_Z_Real                               0x200005c8   Data           4  bmi088_driver.o(.data)
    Gyro_X_Real                              0x200005cc   Data           4  bmi088_driver.o(.data)
    Gyro_Y_Real                              0x200005d0   Data           4  bmi088_driver.o(.data)
    Gyro_Z_Real                              0x200005d4   Data           4  bmi088_driver.o(.data)
    Gyro_X_Speed                             0x200005d8   Data           4  bmi088_driver.o(.data)
    Gyro_Y_Speed                             0x200005dc   Data           4  bmi088_driver.o(.data)
    Gyro_Z_Speed                             0x200005e0   Data           4  bmi088_driver.o(.data)
    Acc_X_Offset                             0x200005e4   Data           4  bmi088_driver.o(.data)
    Acc_Y_Offset                             0x200005e8   Data           4  bmi088_driver.o(.data)
    Acc_Z_Offset                             0x200005ec   Data           4  bmi088_driver.o(.data)
    Gyro_X_Offset                            0x200005f0   Data           4  bmi088_driver.o(.data)
    Gyro_Y_Offset                            0x200005f4   Data           4  bmi088_driver.o(.data)
    Gyro_Z_Offset                            0x200005f8   Data           4  bmi088_driver.o(.data)
    Const_offset                             0x200005fc   Data           4  bmi088_driver.o(.data)
    flag_offset                              0x20000600   Data           4  bmi088_driver.o(.data)
    SEE                                      0x20000604   Data           4  bmi088_driver.o(.data)
    Acc_Range_Coe                            0x20000608   Data           4  bmi088_driver.o(.data)
    Acc_ID                                   0x2000060c   Data           1  bmi088_driver.o(.data)
    Gyro_ID                                  0x2000060d   Data           1  bmi088_driver.o(.data)
    GetStill                                 0x20000610   Data           4  bmi088_driver.o(.data)
    G_Cal                                    0x20000614   Data           4  bmi088_driver.o(.data)
    Warning                                  0x20000618   Data           1  bmi088_driver.o(.data)
    Gyro_X_Lpf                               0x2000061c   Data          20  bmi088_driver.o(.data)
    Gyro_Y_Lpf                               0x20000630   Data          20  bmi088_driver.o(.data)
    Gyro_Z_Lpf                               0x20000644   Data          20  bmi088_driver.o(.data)
    ORI_Gyrox                                0x20000658   Data           4  bmi088_driver.o(.data)
    ORI_Gyroy                                0x2000065c   Data           4  bmi088_driver.o(.data)
    ORI_Gyroz                                0x20000660   Data           4  bmi088_driver.o(.data)
    ORI_Accx                                 0x20000664   Data           4  bmi088_driver.o(.data)
    ORI_Accy                                 0x20000668   Data           4  bmi088_driver.o(.data)
    ORI_Accz                                 0x2000066c   Data           4  bmi088_driver.o(.data)
    TriggerState                             0x20000674   Data           4  gpio.o(.data)
    system_monitor                           0x20000688   Data         132  global_declare.o(.bss)
    CAN1_RX_Message                          0x2000070c   Data          20  global_declare.o(.bss)
    CAN2_RX_Message                          0x20000720   Data          20  global_declare.o(.bss)
    g_StDbus                                 0x20000734   Data          22  global_declare.o(.bss)
    USART3_Cushioning_Rx                     0x2000074a   Data          15  global_declare.o(.bss)
    GimbalYawPosPid                          0x2000075c   Data          68  global_declare.o(.bss)
    GimbalYawSpeedPid                        0x200007a0   Data          68  global_declare.o(.bss)
    GimbalPitchPosPid                        0x200007e4   Data          68  global_declare.o(.bss)
    GimbalPitchSpeedPid                      0x20000828   Data          68  global_declare.o(.bss)
    YawTD                                    0x2000086c   Data          28  global_declare.o(.bss)
    BMIPitchAngle                            0x20000888   Data          12  global_declare.o(.bss)
    BMIYawAngle                              0x20000894   Data          12  global_declare.o(.bss)
    systemMonitor                            0x200008a0   Data         132  global_declare.o(.bss)
    SubSystemMonitor                         0x20000924   Data          28  global_declare.o(.bss)
    RSSystemMonitor                          0x20000940   Data          56  global_declare.o(.bss)
    stFlag                                   0x20000978   Data          20  global_declare.o(.bss)
    stGimbalFlag                             0x2000098c   Data          10  global_declare.o(.bss)
    Status_offset                            0x20000998   Data       60000  bmi088_driver.o(.bss)
    Num_offset                               0x2000f3f8   Data       20000  bmi088_driver.o(.bss)
    testvalue                                0x20014218   Data          12  bmi088_driver.o(.bss)
    __libspace_start                         0x20014224   Data          96  libspace.o(.bss)
    __temporary_stack_top$libspace           0x20014284   Data           0  libspace.o(.bss)



==============================================================================

Memory Map of the image

  Image Entry point : 0x08000189

  Load Region LR_IROM1 (Base: 0x08000000, Size: 0x00007bd4, Max: 0x00080000, ABSOLUTE, COMPRESSED[0x00007680])

    Execution Region ER_IROM1 (Exec base: 0x08000000, Load base: 0x08000000, Size: 0x0000754c, Max: 0x00080000, ABSOLUTE)

    Exec Addr    Load Addr    Size         Type   Attr      Idx    E Section Name        Object

    0x08000000   0x08000000   0x00000188   Data   RO         1332    RESET               startup_stm32f40_41xxx.o
    0x08000188   0x08000188   0x00000008   Code   RO         6327  * !!!main             c_w.l(__main.o)
    0x08000190   0x08000190   0x00000034   Code   RO         6681    !!!scatter          c_w.l(__scatter.o)
    0x080001c4   0x080001c4   0x0000005a   Code   RO         6679    !!dczerorl2         c_w.l(__dczerorl2.o)
    0x0800021e   0x0800021e   0x00000002   PAD
    0x08000220   0x08000220   0x0000001c   Code   RO         6683    !!handler_zi        c_w.l(__scatter_zi.o)
    0x0800023c   0x0800023c   0x00000002   Code   RO         6548    .ARM.Collect$$libinit$$00000000  c_w.l(libinit.o)
    0x0800023e   0x0800023e   0x00000004   Code   RO         6553    .ARM.Collect$$libinit$$00000001  c_w.l(libinit2.o)
    0x08000242   0x08000242   0x00000000   Code   RO         6556    .ARM.Collect$$libinit$$00000004  c_w.l(libinit2.o)
    0x08000242   0x08000242   0x00000000   Code   RO         6559    .ARM.Collect$$libinit$$0000000A  c_w.l(libinit2.o)
    0x08000242   0x08000242   0x00000000   Code   RO         6561    .ARM.Collect$$libinit$$0000000C  c_w.l(libinit2.o)
    0x08000242   0x08000242   0x00000000   Code   RO         6563    .ARM.Collect$$libinit$$0000000E  c_w.l(libinit2.o)
    0x08000242   0x08000242   0x00000000   Code   RO         6566    .ARM.Collect$$libinit$$00000011  c_w.l(libinit2.o)
    0x08000242   0x08000242   0x00000000   Code   RO         6568    .ARM.Collect$$libinit$$00000013  c_w.l(libinit2.o)
    0x08000242   0x08000242   0x00000000   Code   RO         6570    .ARM.Collect$$libinit$$00000015  c_w.l(libinit2.o)
    0x08000242   0x08000242   0x00000000   Code   RO         6572    .ARM.Collect$$libinit$$00000017  c_w.l(libinit2.o)
    0x08000242   0x08000242   0x00000000   Code   RO         6574    .ARM.Collect$$libinit$$00000019  c_w.l(libinit2.o)
    0x08000242   0x08000242   0x00000000   Code   RO         6576    .ARM.Collect$$libinit$$0000001B  c_w.l(libinit2.o)
    0x08000242   0x08000242   0x00000000   Code   RO         6578    .ARM.Collect$$libinit$$0000001D  c_w.l(libinit2.o)
    0x08000242   0x08000242   0x00000000   Code   RO         6580    .ARM.Collect$$libinit$$0000001F  c_w.l(libinit2.o)
    0x08000242   0x08000242   0x00000000   Code   RO         6582    .ARM.Collect$$libinit$$00000021  c_w.l(libinit2.o)
    0x08000242   0x08000242   0x00000000   Code   RO         6584    .ARM.Collect$$libinit$$00000023  c_w.l(libinit2.o)
    0x08000242   0x08000242   0x00000000   Code   RO         6586    .ARM.Collect$$libinit$$00000025  c_w.l(libinit2.o)
    0x08000242   0x08000242   0x00000000   Code   RO         6590    .ARM.Collect$$libinit$$0000002C  c_w.l(libinit2.o)
    0x08000242   0x08000242   0x00000000   Code   RO         6592    .ARM.Collect$$libinit$$0000002E  c_w.l(libinit2.o)
    0x08000242   0x08000242   0x00000000   Code   RO         6594    .ARM.Collect$$libinit$$00000030  c_w.l(libinit2.o)
    0x08000242   0x08000242   0x00000000   Code   RO         6596    .ARM.Collect$$libinit$$00000032  c_w.l(libinit2.o)
    0x08000242   0x08000242   0x00000002   Code   RO         6597    .ARM.Collect$$libinit$$00000033  c_w.l(libinit2.o)
    0x08000244   0x08000244   0x00000002   Code   RO         6619    .ARM.Collect$$libshutdown$$00000000  c_w.l(libshutdown.o)
    0x08000246   0x08000246   0x00000000   Code   RO         6632    .ARM.Collect$$libshutdown$$00000002  c_w.l(libshutdown2.o)
    0x08000246   0x08000246   0x00000000   Code   RO         6634    .ARM.Collect$$libshutdown$$00000004  c_w.l(libshutdown2.o)
    0x08000246   0x08000246   0x00000000   Code   RO         6637    .ARM.Collect$$libshutdown$$00000007  c_w.l(libshutdown2.o)
    0x08000246   0x08000246   0x00000000   Code   RO         6640    .ARM.Collect$$libshutdown$$0000000A  c_w.l(libshutdown2.o)
    0x08000246   0x08000246   0x00000000   Code   RO         6642    .ARM.Collect$$libshutdown$$0000000C  c_w.l(libshutdown2.o)
    0x08000246   0x08000246   0x00000000   Code   RO         6645    .ARM.Collect$$libshutdown$$0000000F  c_w.l(libshutdown2.o)
    0x08000246   0x08000246   0x00000002   Code   RO         6646    .ARM.Collect$$libshutdown$$00000010  c_w.l(libshutdown2.o)
    0x08000248   0x08000248   0x00000000   Code   RO         6427    .ARM.Collect$$rtentry$$00000000  c_w.l(__rtentry.o)
    0x08000248   0x08000248   0x00000000   Code   RO         6515    .ARM.Collect$$rtentry$$00000002  c_w.l(__rtentry2.o)
    0x08000248   0x08000248   0x00000006   Code   RO         6527    .ARM.Collect$$rtentry$$00000004  c_w.l(__rtentry4.o)
    0x0800024e   0x0800024e   0x00000000   Code   RO         6517    .ARM.Collect$$rtentry$$00000009  c_w.l(__rtentry2.o)
    0x0800024e   0x0800024e   0x00000004   Code   RO         6518    .ARM.Collect$$rtentry$$0000000A  c_w.l(__rtentry2.o)
    0x08000252   0x08000252   0x00000000   Code   RO         6520    .ARM.Collect$$rtentry$$0000000C  c_w.l(__rtentry2.o)
    0x08000252   0x08000252   0x00000008   Code   RO         6521    .ARM.Collect$$rtentry$$0000000D  c_w.l(__rtentry2.o)
    0x0800025a   0x0800025a   0x00000002   Code   RO         6551    .ARM.Collect$$rtexit$$00000000  c_w.l(rtexit.o)
    0x0800025c   0x0800025c   0x00000000   Code   RO         6601    .ARM.Collect$$rtexit$$00000002  c_w.l(rtexit2.o)
    0x0800025c   0x0800025c   0x00000004   Code   RO         6602    .ARM.Collect$$rtexit$$00000003  c_w.l(rtexit2.o)
    0x08000260   0x08000260   0x00000006   Code   RO         6603    .ARM.Collect$$rtexit$$00000004  c_w.l(rtexit2.o)
    0x08000266   0x08000266   0x00000002   PAD
    0x08000268   0x08000268   0x00000040   Code   RO         1333    .text               startup_stm32f40_41xxx.o
    0x080002a8   0x080002a8   0x0000008a   Code   RO         6323    .text               c_w.l(rt_memcpy_v6.o)
    0x08000332   0x08000332   0x00000006   Code   RO         6325    .text               c_w.l(heapauxi.o)
    0x08000338   0x08000338   0x00000016   Code   RO         6428    .text               c_w.l(_rserrno.o)
    0x0800034e   0x0800034e   0x00000064   Code   RO         6430    .text               c_w.l(rt_memcpy_w.o)
    0x080003b2   0x080003b2   0x00000002   PAD
    0x080003b4   0x080003b4   0x00000008   Code   RO         6532    .text               c_w.l(rt_errno_addr_intlibspace.o)
    0x080003bc   0x080003bc   0x00000008   Code   RO         6536    .text               c_w.l(libspace.o)
    0x080003c4   0x080003c4   0x0000004a   Code   RO         6539    .text               c_w.l(sys_stackheap_outer.o)
    0x0800040e   0x0800040e   0x00000012   Code   RO         6541    .text               c_w.l(exit.o)
    0x08000420   0x08000420   0x0000000c   Code   RO         6611    .text               c_w.l(sys_exit.o)
    0x0800042c   0x0800042c   0x00000002   Code   RO         6622    .text               c_w.l(use_no_semi.o)
    0x0800042e   0x0800042e   0x00000000   Code   RO         6624    .text               c_w.l(indicate_semi.o)
    0x0800042e   0x0800042e   0x00000054   Code   RO          728    i.AbsEncoderProcess  can_protocol.o
    0x08000482   0x08000482   0x00000002   PAD
    0x08000484   0x08000484   0x000000ac   Code   RO          620    i.Angle_180_To_Inf  gimbal_task.o
    0x08000530   0x08000530   0x00000024   Code   RO          671    i.Append_CRC8_Check_Sum  verify.o
    0x08000554   0x08000554   0x00000038   Code   RO          898    i.BMI088_Read_Acc_Data  bmi088_driver.o
    0x0800058c   0x0800058c   0x00000030   Code   RO          899    i.BMI088_Read_Gyro_Data  bmi088_driver.o
    0x080005bc   0x080005bc   0x0000002c   Code   RO          900    i.BMI088_Write_Acc_Data  bmi088_driver.o
    0x080005e8   0x080005e8   0x0000002c   Code   RO          901    i.BMI088_Write_Gyro_Data  bmi088_driver.o
    0x08000614   0x08000614   0x00000024   Code   RO          360    i.BSP_Init          bsp_init.o
    0x08000638   0x08000638   0x000000d8   Code   RO         1083    i.CAN1_Configuration  can.o
    0x08000710   0x08000710   0x00000098   Code   RO          729    i.CAN1_Protocol     can_protocol.o
    0x080007a8   0x080007a8   0x00000040   Code   RO          312    i.CAN1_RX0_IRQHandler  stm32f4xx_it.o
    0x080007e8   0x080007e8   0x000000e0   Code   RO         1084    i.CAN2_Configuration  can.o
    0x080008c8   0x080008c8   0x000000c8   Code   RO          730    i.CAN2_Protocol     can_protocol.o
    0x08000990   0x08000990   0x00000040   Code   RO          313    i.CAN2_RX0_IRQHandler  stm32f4xx_it.o
    0x080009d0   0x080009d0   0x000000a8   Code   RO         1636    i.CAN_ClearITPendingBit  stm32f4xx_can.o
    0x08000a78   0x08000a78   0x00000108   Code   RO         1640    i.CAN_FilterInit    stm32f4xx_can.o
    0x08000b80   0x08000b80   0x00000120   Code   RO         1642    i.CAN_GetITStatus   stm32f4xx_can.o
    0x08000ca0   0x08000ca0   0x00000012   Code   RO         1646    i.CAN_ITConfig      stm32f4xx_can.o
    0x08000cb2   0x08000cb2   0x00000114   Code   RO         1647    i.CAN_Init          stm32f4xx_can.o
    0x08000dc6   0x08000dc6   0x000000f0   Code   RO         1650    i.CAN_Receive       stm32f4xx_can.o
    0x08000eb6   0x08000eb6   0x00000068   Code   RO          731    i.CAN_SendData      can_protocol.o
    0x08000f1e   0x08000f1e   0x00000126   Code   RO         1655    i.CAN_Transmit      stm32f4xx_can.o
    0x08001044   0x08001044   0x00000158   Code   RO          791    i.CalIResistedPID   rm_algorithm.o
    0x0800119c   0x0800119c   0x0000014c   Code   RO          793    i.CalIWeakenPID     rm_algorithm.o
    0x080012e8   0x080012e8   0x00000096   Code   RO          795    i.CalSMC            rm_algorithm.o
    0x0800137e   0x0800137e   0x00000002   PAD
    0x08001380   0x08001380   0x000001fc   Code   RO          796    i.CalTD             rm_algorithm.o
    0x0800157c   0x0800157c   0x00000098   Code   RO          983    i.ChassisSendDataProtocol  chassis_protocol.o
    0x08001614   0x08001614   0x00000012   Code   RO         1658    i.CheckITStatus     stm32f4xx_can.o
    0x08001626   0x08001626   0x0000002a   Code   RO          797    i.Clip              rm_algorithm.o
    0x08001650   0x08001650   0x00000034   Code   RO         2393    i.DMA_ClearITPendingBit  stm32f4xx_dma.o
    0x08001684   0x08001684   0x00000016   Code   RO         2394    i.DMA_Cmd           stm32f4xx_dma.o
    0x0800169a   0x0800169a   0x00000002   PAD
    0x0800169c   0x0800169c   0x00000158   Code   RO         2395    i.DMA_DeInit        stm32f4xx_dma.o
    0x080017f4   0x080017f4   0x00000014   Code   RO         2399    i.DMA_GetCmdStatus  stm32f4xx_dma.o
    0x08001808   0x08001808   0x00000008   Code   RO         2400    i.DMA_GetCurrDataCounter  stm32f4xx_dma.o
    0x08001810   0x08001810   0x00000058   Code   RO         2406    i.DMA_Init          stm32f4xx_dma.o
    0x08001868   0x08001868   0x00000094   Code   RO          799    i.FPRampSignal      rm_algorithm.o
    0x080018fc   0x080018fc   0x00000584   Code   RO          621    i.Friction_Control  gimbal_task.o
    0x08001e80   0x08001e80   0x00000090   Code   RO         3194    i.GPIO_Init         stm32f4xx_gpio.o
    0x08001f10   0x08001f10   0x00000046   Code   RO         3195    i.GPIO_PinAFConfig  stm32f4xx_gpio.o
    0x08001f56   0x08001f56   0x00000004   Code   RO         3201    i.GPIO_ResetBits    stm32f4xx_gpio.o
    0x08001f5a   0x08001f5a   0x00000004   Code   RO         3202    i.GPIO_SetBits      stm32f4xx_gpio.o
    0x08001f5e   0x08001f5e   0x00000002   PAD
    0x08001f60   0x08001f60   0x00000238   Code   RO          902    i.GetOffset         bmi088_driver.o
    0x08002198   0x08002198   0x0000024c   Code   RO          903    i.GetValue          bmi088_driver.o
    0x080023e4   0x080023e4   0x00000024   Code   RO          673    i.Get_CRC8_Check_Sum  verify.o
    0x08002408   0x08002408   0x0000000c   Code   RO          732    i.Get_Encoder_Number  can_protocol.o
    0x08002414   0x08002414   0x0000002a   Code   RO          733    i.Get_Speed         can_protocol.o
    0x0800243e   0x0800243e   0x00000010   Code   RO          734    i.Get_Temperature   can_protocol.o
    0x0800244e   0x0800244e   0x00000002   PAD
    0x08002450   0x08002450   0x000004cc   Code   RO          622    i.GimbalControl     gimbal_task.o
    0x0800291c   0x0800291c   0x00000018   Code   RO            4    i.GimbalControlTask  main.o
    0x08002934   0x08002934   0x000002a0   Code   RO          984    i.GimbalReceiveDataProtocol  chassis_protocol.o
    0x08002bd4   0x08002bd4   0x00000018   Code   RO            5    i.IMUUpdateTask     main.o
    0x08002bec   0x08002bec   0x0000053c   Code   RO          567    i.IMU_Update_Mahony  imu_update_task.o
    0x08003128   0x08003128   0x00000030   Code   RO          568    i.IMU_Update_Task   imu_update_task.o
    0x08003158   0x08003158   0x00000060   Code   RO            6    i.LedTask           main.o
    0x080031b8   0x080031b8   0x0000002c   Code   RO          904    i.Limit_Zero        bmi088_driver.o
    0x080031e4   0x080031e4   0x00000042   Code   RO         1011    i.LpFilter          general_math.o
    0x08003226   0x08003226   0x00000062   Code   RO         1143    i.NVIC_Configuration  nvic.o
    0x08003288   0x08003288   0x00000078   Code   RO         1340    i.NVIC_Init         misc.o
    0x08003300   0x08003300   0x00000014   Code   RO         1341    i.NVIC_PriorityGroupConfig  misc.o
    0x08003314   0x08003314   0x000001b4   Code   RO          285    i.OS_RUN            os.o
    0x080034c8   0x080034c8   0x00000020   Code   RO         4120    i.RCC_AHB1PeriphClockCmd  stm32f4xx_rcc.o
    0x080034e8   0x080034e8   0x00000020   Code   RO         4129    i.RCC_APB1PeriphClockCmd  stm32f4xx_rcc.o
    0x08003508   0x08003508   0x00000020   Code   RO         4131    i.RCC_APB1PeriphResetCmd  stm32f4xx_rcc.o
    0x08003528   0x08003528   0x00000020   Code   RO         4132    i.RCC_APB2PeriphClockCmd  stm32f4xx_rcc.o
    0x08003548   0x08003548   0x00000020   Code   RO         4134    i.RCC_APB2PeriphResetCmd  stm32f4xx_rcc.o
    0x08003568   0x08003568   0x000000e8   Code   RO         4141    i.RCC_GetClocksFreq  stm32f4xx_rcc.o
    0x08003650   0x08003650   0x0000006a   Code   RO          802    i.S16RampSignal     rm_algorithm.o
    0x080036ba   0x080036ba   0x00000064   Code   RO          803    i.SMC_SatFunc       rm_algorithm.o
    0x0800371e   0x0800371e   0x00000018   Code   RO         5278    i.SPI_Cmd           stm32f4xx_spi.o
    0x08003736   0x08003736   0x00000002   PAD
    0x08003738   0x08003738   0x00000110   Code   RO         1167    i.SPI_Configuration  spi.o
    0x08003848   0x08003848   0x000000b0   Code   RO         5285    i.SPI_I2S_DeInit    stm32f4xx_spi.o
    0x080038f8   0x080038f8   0x0000003c   Code   RO         5291    i.SPI_Init          stm32f4xx_spi.o
    0x08003934   0x08003934   0x00000018   Code   RO            7    i.SendDataTask      main.o
    0x0800394c   0x0800394c   0x00000018   Code   RO            8    i.SensorDataPrepareTask  main.o
    0x08003964   0x08003964   0x00000414   Code   RO          905    i.Sensor_Data_Prepare  bmi088_driver.o
    0x08003d78   0x08003d78   0x000000ec   Code   RO          498    i.SetSysClock       system_stm32f4xx.o
    0x08003e64   0x08003e64   0x00000022   Code   RO          804    i.Sgn               rm_algorithm.o
    0x08003e86   0x08003e86   0x00000002   PAD
    0x08003e88   0x08003e88   0x0000007c   Code   RO          314    i.SysTick_Handler   stm32f4xx_it.o
    0x08003f04   0x08003f04   0x00000068   Code   RO          500    i.SystemInit        system_stm32f4xx.o
    0x08003f6c   0x08003f6c   0x00000008   Code   RO            9    i.SystemMonitorTask  main.o
    0x08003f74   0x08003f74   0x00000002   Code   RO          539    i.System_Monitor    system_monitor_task.o
    0x08003f76   0x08003f76   0x00000002   PAD
    0x08003f78   0x08003f78   0x00000038   Code   RO         1198    i.TIM5_Configuration  tim.o
    0x08003fb0   0x08003fb0   0x00000018   Code   RO         5516    i.TIM_Cmd           stm32f4xx_tim.o
    0x08003fc8   0x08003fc8   0x00000084   Code   RO         5588    i.TIM_TimeBaseInit  stm32f4xx_tim.o
    0x0800404c   0x0800404c   0x00000038   Code   RO           10    i.TriggerTask       main.o
    0x08004084   0x08004084   0x0000004c   Code   RO          315    i.USART3_IRQHandler  stm32f4xx_it.o
    0x080040d0   0x080040d0   0x00000018   Code   RO         6070    i.USART_Cmd         stm32f4xx_usart.o
    0x080040e8   0x080040e8   0x00000012   Code   RO         6071    i.USART_DMACmd      stm32f4xx_usart.o
    0x080040fa   0x080040fa   0x00000054   Code   RO         6074    i.USART_GetITStatus  stm32f4xx_usart.o
    0x0800414e   0x0800414e   0x0000004a   Code   RO         6076    i.USART_ITConfig    stm32f4xx_usart.o
    0x08004198   0x08004198   0x000000d4   Code   RO         6077    i.USART_Init        stm32f4xx_usart.o
    0x0800426c   0x0800426c   0x0000002e   Code   RO          675    i.Verify_CRC8_Check_Sum  verify.o
    0x0800429a   0x0800429a   0x00000030   Code   RO         6470    i.__ARM_fpclassify  m_wm.l(fpclassify.o)
    0x080042ca   0x080042ca   0x00000026   Code   RO         6472    i.__ARM_fpclassifyf  m_wm.l(fpclassifyf.o)
    0x080042f0   0x080042f0   0x0000012c   Code   RO         6359    i.__hardfp_asinf    m_wm.l(asinf.o)
    0x0800441c   0x0800441c   0x00000250   Code   RO         6371    i.__hardfp_atan2f   m_wm.l(atan2f.o)
    0x0800466c   0x0800466c   0x00000004   PAD
    0x08004670   0x08004670   0x000000c8   Code   RO         6383    i.__hardfp_cos      m_wm.l(cos.o)
    0x08004738   0x08004738   0x00000014   Code   RO         6395    i.__hardfp_fabs     m_wm.l(fabs.o)
    0x0800474c   0x0800474c   0x00000004   PAD
    0x08004750   0x08004750   0x00000c50   Code   RO         6401    i.__hardfp_pow      m_wm.l(pow.o)
    0x080053a0   0x080053a0   0x0000007a   Code   RO         6415    i.__hardfp_sqrt     m_wm.l(sqrt.o)
    0x0800541a   0x0800541a   0x00000006   PAD
    0x08005420   0x08005420   0x00000438   Code   RO         6491    i.__ieee754_rem_pio2  m_wm.l(rred.o)
    0x08005858   0x08005858   0x00000170   Code   RO         6453    i.__kernel_cos      m_wm.l(cos_i.o)
    0x080059c8   0x080059c8   0x000000f8   Code   RO         6488    i.__kernel_poly     m_wm.l(poly.o)
    0x08005ac0   0x08005ac0   0x00000130   Code   RO         6496    i.__kernel_sin      m_wm.l(sin_i.o)
    0x08005bf0   0x08005bf0   0x00000030   Code   RO         6456    i.__mathlib_dbl_divzero  m_wm.l(dunder.o)
    0x08005c20   0x08005c20   0x00000014   Code   RO         6457    i.__mathlib_dbl_infnan  m_wm.l(dunder.o)
    0x08005c34   0x08005c34   0x00000014   Code   RO         6458    i.__mathlib_dbl_infnan2  m_wm.l(dunder.o)
    0x08005c48   0x08005c48   0x00000020   Code   RO         6459    i.__mathlib_dbl_invalid  m_wm.l(dunder.o)
    0x08005c68   0x08005c68   0x00000020   Code   RO         6460    i.__mathlib_dbl_overflow  m_wm.l(dunder.o)
    0x08005c88   0x08005c88   0x00000020   Code   RO         6462    i.__mathlib_dbl_underflow  m_wm.l(dunder.o)
    0x08005ca8   0x08005ca8   0x00000006   Code   RO         6475    i.__mathlib_flt_infnan  m_wm.l(funder.o)
    0x08005cae   0x08005cae   0x00000006   Code   RO         6476    i.__mathlib_flt_infnan2  m_wm.l(funder.o)
    0x08005cb4   0x08005cb4   0x00000010   Code   RO         6477    i.__mathlib_flt_invalid  m_wm.l(funder.o)
    0x08005cc4   0x08005cc4   0x00000010   Code   RO         6480    i.__mathlib_flt_underflow  m_wm.l(funder.o)
    0x08005cd4   0x08005cd4   0x00000180   Code   RO          906    i.bmi088_init       bmi088_driver.o
    0x08005e54   0x08005e54   0x0000001c   Code   RO         1113    i.delay_ms          delay.o
    0x08005e70   0x08005e70   0x0000001a   Code   RO         1114    i.delay_us          delay.o
    0x08005e8a   0x08005e8a   0x00000018   Code   RO         6397    i.fabs              m_wm.l(fabs.o)
    0x08005ea2   0x08005ea2   0x00000002   PAD
    0x08005ea4   0x08005ea4   0x0000003c   Code   RO         1013    i.invSqrt           general_math.o
    0x08005ee0   0x08005ee0   0x000000e8   Code   RO          907    i.leastSquareLinearFit  bmi088_driver.o
    0x08005fc8   0x08005fc8   0x0000000e   Code   RO           11    i.main              main.o
    0x08005fd6   0x08005fd6   0x00000002   PAD
    0x08005fd8   0x08005fd8   0x0000002c   Code   RO         1168    i.spi1_read_write_byte  spi.o
    0x08006004   0x08006004   0x0000006e   Code   RO         6417    i.sqrt              m_wm.l(sqrt.o)
    0x08006072   0x08006072   0x0000003e   Code   RO         6504    i.sqrtf             m_wm.l(sqrtf.o)
    0x080060b0   0x080060b0   0x00000154   Code   RO         1230    i.usart3_init       usart.o
    0x08006204   0x08006204   0x00000018   Code   RO         6432    x$fpl$basic         fz_wm.l(basic.o)
    0x0800621c   0x0800621c   0x00000062   Code   RO         6329    x$fpl$d2f           fz_wm.l(d2f.o)
    0x0800627e   0x0800627e   0x00000002   PAD
    0x08006280   0x08006280   0x00000150   Code   RO         6331    x$fpl$dadd          fz_wm.l(daddsub_clz.o)
    0x080063d0   0x080063d0   0x00000010   Code   RO         6534    x$fpl$dcheck1       fz_wm.l(dcheck1.o)
    0x080063e0   0x080063e0   0x00000018   Code   RO         6434    x$fpl$dcmpinf       fz_wm.l(dcmpi.o)
    0x080063f8   0x080063f8   0x000002b0   Code   RO         6437    x$fpl$ddiv          fz_wm.l(ddiv.o)
    0x080066a8   0x080066a8   0x0000005e   Code   RO         6337    x$fpl$dfix          fz_wm.l(dfix.o)
    0x08006706   0x08006706   0x00000002   PAD
    0x08006708   0x08006708   0x0000005a   Code   RO         6341    x$fpl$dfixu         fz_wm.l(dfixu.o)
    0x08006762   0x08006762   0x0000002e   Code   RO         6346    x$fpl$dflt          fz_wm.l(dflt_clz.o)
    0x08006790   0x08006790   0x00000026   Code   RO         6345    x$fpl$dfltu         fz_wm.l(dflt_clz.o)
    0x080067b6   0x080067b6   0x00000002   PAD
    0x080067b8   0x080067b8   0x00000078   Code   RO         6351    x$fpl$dleqf         fz_wm.l(dleqf.o)
    0x08006830   0x08006830   0x00000154   Code   RO         6353    x$fpl$dmul          fz_wm.l(dmul.o)
    0x08006984   0x08006984   0x0000009c   Code   RO         6440    x$fpl$dnaninf       fz_wm.l(dnaninf.o)
    0x08006a20   0x08006a20   0x0000000c   Code   RO         6442    x$fpl$dretinf       fz_wm.l(dretinf.o)
    0x08006a2c   0x08006a2c   0x0000006c   Code   RO         6355    x$fpl$drleqf        fz_wm.l(drleqf.o)
    0x08006a98   0x08006a98   0x00000016   Code   RO         6332    x$fpl$drsb          fz_wm.l(daddsub_clz.o)
    0x08006aae   0x08006aae   0x00000002   PAD
    0x08006ab0   0x08006ab0   0x00000198   Code   RO         6444    x$fpl$dsqrt         fz_wm.l(dsqrt_umaal.o)
    0x08006c48   0x08006c48   0x000001d4   Code   RO         6333    x$fpl$dsub          fz_wm.l(daddsub_clz.o)
    0x08006e1c   0x08006e1c   0x00000056   Code   RO         6357    x$fpl$f2d           fz_wm.l(f2d.o)
    0x08006e72   0x08006e72   0x0000008c   Code   RO         6446    x$fpl$fnaninf       fz_wm.l(fnaninf.o)
    0x08006efe   0x08006efe   0x0000000a   Code   RO         6609    x$fpl$fpinit        fz_wm.l(fpinit.o)
    0x08006f08   0x08006f08   0x0000000a   Code   RO         6448    x$fpl$fretinf       fz_wm.l(fretinf.o)
    0x08006f12   0x08006f12   0x00000064   Code   RO         6549    x$fpl$retnan        fz_wm.l(retnan.o)
    0x08006f76   0x08006f76   0x0000005c   Code   RO         6450    x$fpl$scalbn        fz_wm.l(scalbn.o)
    0x08006fd2   0x08006fd2   0x00000030   Code   RO         6598    x$fpl$trapveneer    fz_wm.l(trapv.o)
    0x08007002   0x08007002   0x00000000   Code   RO         6452    x$fpl$usenofp       fz_wm.l(usenofp.o)
    0x08007002   0x08007002   0x00000302   Data   RO          676    .constdata          verify.o
    0x08007304   0x08007304   0x00000004   PAD
    0x08007308   0x08007308   0x00000088   Data   RO         6404    .constdata          m_wm.l(pow.o)
    0x08007390   0x08007390   0x00000030   Data   RO         6454    .constdata          m_wm.l(cos_i.o)
    0x080073c0   0x080073c0   0x00000008   Data   RO         6490    .constdata          m_wm.l(qnan.o)
    0x080073c8   0x080073c8   0x000000c8   Data   RO         6493    .constdata          m_wm.l(rred.o)
    0x08007490   0x08007490   0x00000028   Data   RO         6497    .constdata          m_wm.l(sin_i.o)
    0x080074b8   0x080074b8   0x00000072   Data   RO          269    .conststring        os.o
    0x0800752a   0x0800752a   0x00000002   PAD
    0x0800752c   0x0800752c   0x00000020   Data   RO         6677    Region$$Table       anon$$obj.o


    Execution Region RW_IRAM1 (Exec base: 0x20000000, Load base: 0x0800754c, Size: 0x00014888, Max: 0x00020000, ABSOLUTE, COMPRESSED[0x00000134])

    Exec Addr    Load Addr    Size         Type   Attr      Idx    E Section Name        Object

    0x20000000   COMPRESSED   0x0000010c   Data   RW          270    .data               os.o
    0x2000010c   COMPRESSED   0x0000033c   Data   RW          385    .data               global_declare.o
    0x20000448   COMPRESSED   0x000000a4   Data   RW          569    .data               imu_update_task.o
    0x200004ec   COMPRESSED   0x0000003a   Data   RW          624    .data               gimbal_task.o
    0x20000526   COMPRESSED   0x00000002   PAD
    0x20000528   COMPRESSED   0x0000014a   Data   RW          909    .data               bmi088_driver.o
    0x20000672   COMPRESSED   0x00000002   Data   RW          985    .data               chassis_protocol.o
    0x20000674   COMPRESSED   0x00000004   Data   RW         1304    .data               gpio.o
    0x20000678   COMPRESSED   0x00000010   Data   RW         4173    .data               stm32f4xx_rcc.o
    0x20000688        -       0x0000030e   Zero   RW          384    .bss                global_declare.o
    0x20000996   COMPRESSED   0x00000002   PAD
    0x20000998        -       0x0001388c   Zero   RW          908    .bss                bmi088_driver.o
    0x20014224        -       0x00000060   Zero   RW         6537    .bss                c_w.l(libspace.o)
    0x20014284   COMPRESSED   0x00000004   PAD
    0x20014288        -       0x00000200   Zero   RW         1331    HEAP                startup_stm32f40_41xxx.o
    0x20014488        -       0x00000400   Zero   RW         1330    STACK               startup_stm32f40_41xxx.o


==============================================================================

Image component sizes


      Code (inc. data)   RO Data    RW Data    ZI Data      Debug   Object Name

      3052        378          0        330      80012      10262   bmi088_driver.o
        36          0          0          0          0        507   bsp_init.o
       440         18          0          0          0       1482   can.o
       610         64          0          0          0       4774   can_protocol.o
       824         86          0          2          0       1374   chassis_protocol.o
        54          0          0          0          0       1170   delay.o
       126          4          0          0          0       1601   general_math.o
      2812        338          0         58          0       4049   gimbal_task.o
         0          0          0        828        782     266972   global_declare.o
         0          0          0          4          0        227   gpio.o
      1388        124          0        164          0       2927   imu_update_task.o
       270         44          0          0          0     326586   main.o
       140         24          0          0          0       1619   misc.o
        98          0          0          0          0        585   nvic.o
       436         24        114        268          0       1362   os.o
      1764         10          0          0          0       6445   rm_algorithm.o
       316         16          0          0          0       1279   spi.o
        64         26        392          0       1536        880   startup_stm32f40_41xxx.o
      1566         16          0          0          0       6646   stm32f4xx_can.o
       534         40          0          0          0       5082   stm32f4xx_dma.o
       222          0          0          0          0       2995   stm32f4xx_gpio.o
       328         40          0          0          0       2142   stm32f4xx_it.o
       392         48          0         16          0       6021   stm32f4xx_rcc.o
       260         24          0          0          0       2478   stm32f4xx_spi.o
       156         28          0          0          0       1885   stm32f4xx_tim.o
       412          8          0          0          0       4457   stm32f4xx_usart.o
         2          0          0          0          0        485   system_monitor_task.o
       340         32          0          0          0       1565   system_stm32f4xx.o
        56          6          0          0          0        545   tim.o
       340         22          0          0          0        858   usart.o
       118          6        770          0          0       2713   verify.o

    ----------------------------------------------------------------------
     17174       1426       1314       1672      82332     671973   Object Totals
         0          0         32          0          0          0   (incl. Generated)
        18          0          6          2          2          0   (incl. Padding)

    ----------------------------------------------------------------------

      Code (inc. data)   RO Data    RW Data    ZI Data      Debug   Library Member Name

        90          0          0          0          0          0   __dczerorl2.o
         8          0          0          0          0         68   __main.o
         0          0          0          0          0          0   __rtentry.o
        12          0          0          0          0          0   __rtentry2.o
         6          0          0          0          0          0   __rtentry4.o
        52          8          0          0          0          0   __scatter.o
        28          0          0          0          0          0   __scatter_zi.o
        22          0          0          0          0        100   _rserrno.o
        18          0          0          0          0         80   exit.o
         6          0          0          0          0        152   heapauxi.o
         0          0          0          0          0          0   indicate_semi.o
         2          0          0          0          0          0   libinit.o
         6          0          0          0          0          0   libinit2.o
         2          0          0          0          0          0   libshutdown.o
         2          0          0          0          0          0   libshutdown2.o
         8          4          0          0         96         68   libspace.o
         8          4          0          0          0         68   rt_errno_addr_intlibspace.o
       138          0          0          0          0         68   rt_memcpy_v6.o
       100          0          0          0          0         80   rt_memcpy_w.o
         2          0          0          0          0          0   rtexit.o
        10          0          0          0          0          0   rtexit2.o
        12          4          0          0          0         68   sys_exit.o
        74          0          0          0          0         80   sys_stackheap_outer.o
         2          0          0          0          0         68   use_no_semi.o
        24          0          0          0          0        164   basic.o
        98          4          0          0          0        140   d2f.o
       826         16          0          0          0        492   daddsub_clz.o
        16          4          0          0          0        116   dcheck1.o
        24          0          0          0          0        116   dcmpi.o
       688        140          0          0          0        256   ddiv.o
        94          4          0          0          0        140   dfix.o
        90          4          0          0          0        140   dfixu.o
        84          0          0          0          0        232   dflt_clz.o
       120          4          0          0          0        140   dleqf.o
       340         12          0          0          0        152   dmul.o
       156          4          0          0          0        140   dnaninf.o
        12          0          0          0          0        116   dretinf.o
       108          0          0          0          0        128   drleqf.o
       408         56          0          0          0        168   dsqrt_umaal.o
        86          4          0          0          0        132   f2d.o
       140          4          0          0          0        132   fnaninf.o
        10          0          0          0          0        116   fpinit.o
        10          0          0          0          0        116   fretinf.o
       100          0          0          0          0        116   retnan.o
        92          0          0          0          0        116   scalbn.o
        48          0          0          0          0        116   trapv.o
         0          0          0          0          0          0   usenofp.o
       300         42          0          0          0        176   asinf.o
       592         90          0          0          0        184   atan2f.o
       200         20          0          0          0        164   cos.o
       368         46         48          0          0        200   cos_i.o
       184         44          0          0          0        744   dunder.o
        44          0          0          0          0        248   fabs.o
        48          0          0          0          0        124   fpclassify.o
        38          0          0          0          0        116   fpclassifyf.o
        44         12          0          0          0        464   funder.o
       248          0          0          0          0        152   poly.o
      3152        296        136          0          0        352   pow.o
         0          0          8          0          0          0   qnan.o
      1080        142        200          0          0        188   rred.o
       304         24         40          0          0        208   sin_i.o
       232          0          0          0          0        296   sqrt.o
        62          0          0          0          0        136   sqrtf.o

    ----------------------------------------------------------------------
     11108        996        432          0        100       8136   Library Totals
        30          4          0          0          4          0   (incl. Padding)

    ----------------------------------------------------------------------

      Code (inc. data)   RO Data    RW Data    ZI Data      Debug   Library Name

       608         20          0          0         96        900   c_w.l
      3574        256          0          0          0       3484   fz_wm.l
      6896        716        432          0          0       3752   m_wm.l

    ----------------------------------------------------------------------
     11108        996        432          0        100       8136   Library Totals

    ----------------------------------------------------------------------

==============================================================================


      Code (inc. data)   RO Data    RW Data    ZI Data      Debug   

     28282       2422       1746       1672      82432     666145   Grand Totals
     28282       2422       1746        308      82432     666145   ELF Image Totals (compressed)
     28282       2422       1746        308          0          0   ROM Totals

==============================================================================

    Total RO  Size (Code + RO Data)                30028 (  29.32kB)
    Total RW  Size (RW Data + ZI Data)             84104 (  82.13kB)
    Total ROM Size (Code + RO Data + RW Data)      30336 (  29.63kB)

==============================================================================

