Component: ARM Compiler 5.06 update 6 (build 750) Tool: armlink [4d35ed]

==============================================================================

Section Cross References

    os.o(.data) refers to os.o(.conststring) for .conststring
    os.o(.data) refers to main.o(i.SystemMonitorTask) for SystemMonitorTask
    os.o(.data) refers to systemmonitor_task.o(i.SystemMonitorDetect) for SystemMonitorDetect
    os.o(.data) refers to main.o(i.ModeChooseTask) for ModeChooseTask
    os.o(.data) refers to main.o(i.GimbalTask) for GimbalTask
    os.o(.data) refers to main.o(i.ShootTask) for ShootTask
    os.o(.data) refers to main.o(i.SendDataTask) for SendDataTask
    os.o(.data) refers to main.o(i.VisionDataSendTask) for VisionDataSendTask
    os.o(.data) refers to main.o(i.NavigationDataSendTask) for NavigationDataSendTask
    os.o(.data) refers to main.o(i.VofaPlusTask) for VofaPlusTask
    os.o(.data) refers to main.o(i.ChassisTask) for ChassisTask
    os.o(.data) refers to main.o(i.LEDStateChangeTask) for LEDStateChangeTask
    main.o(i.ChassisTask) refers to chassis_task.o(i.ChassisModeChosse) for ChassisModeChosse
    main.o(i.GimbalTask) refers to gimbal_task_1.o(i.GimbalModeChoose) for GimbalModeChoose
    main.o(i.GimbalTask) refers to global_declare.o(.bss) for systemMonitor
    main.o(i.LEDStateChangeTask) refers to led_task.o(i.LEDStateChange) for LEDStateChange
    main.o(i.LEDStateChangeTask) refers to global_declare.o(.bss) for systemMonitor
    main.o(i.ModeChooseTask) refers to mode_choose_task.o(i.ModeChoose) for ModeChoose
    main.o(i.ModeChooseTask) refers to global_declare.o(.bss) for systemMonitor
    main.o(i.NavigationDataSendTask) refers to navigation_protocol.o(i.DecisionDataSendProtocol) for DecisionDataSendProtocol
    main.o(i.SendDataTask) refers to gimbal_protocol.o(i.GimbalSendDataProtocol) for GimbalSendDataProtocol
    main.o(i.SendDataTask) refers to global_declare.o(.bss) for systemMonitor
    main.o(i.ShootTask) refers to shoot_task.o(i.ShootBullet) for ShootBullet
    main.o(i.ShootTask) refers to global_declare.o(.bss) for systemMonitor
    main.o(i.SystemMonitorTask) refers to systemmonitor_task.o(i.SystemMonitorDetect) for SystemMonitorDetect
    main.o(i.SystemMonitorTask) refers to global_declare.o(.bss) for systemMonitor
    main.o(i.TriggerTask) refers to stm32f4xx_gpio.o(i.GPIO_SetBits) for GPIO_SetBits
    main.o(i.TriggerTask) refers to delay.o(i.delay_us) for delay_us
    main.o(i.TriggerTask) refers to stm32f4xx_gpio.o(i.GPIO_ResetBits) for GPIO_ResetBits
    main.o(i.TriggerTask) refers to global_declare.o(.bss) for systemMonitor
    main.o(i.VisionDataSendTask) refers to vision_protocol.o(i.DNVisionDataSend) for DNVisionDataSend
    main.o(i.VisionDataSendTask) refers to global_declare.o(.bss) for systemMonitor
    main.o(i.VofaPlusTask) refers to data_send_task.o(i.VofaDataScan) for VofaDataScan
    main.o(i.main) refers to bsp_init.o(i.BSP_Init) for BSP_Init
    main.o(i.main) refers to os.o(i.OS_RUN) for OS_RUN
    bsp_init.o(i.BSP_Init) refers to tim.o(i.TIM5_Configuration) for TIM5_Configuration
    bsp_init.o(i.BSP_Init) refers to tim.o(i.TIM9_Configuration) for TIM9_Configuration
    bsp_init.o(i.BSP_Init) refers to can.o(i.CAN1_Configuration) for CAN1_Configuration
    bsp_init.o(i.BSP_Init) refers to can.o(i.CAN2_Configuration) for CAN2_Configuration
    bsp_init.o(i.BSP_Init) refers to systick.o(i.SysTick_init) for SysTick_init
    bsp_init.o(i.BSP_Init) refers to gpio.o(i.gpio_init) for gpio_init
    bsp_init.o(i.BSP_Init) refers to usart.o(i.usart1_init) for usart1_init
    bsp_init.o(i.BSP_Init) refers to usart.o(i.usart2_init) for usart2_init
    bsp_init.o(i.BSP_Init) refers to usart.o(i.usart3_init) for usart3_init
    bsp_init.o(i.BSP_Init) refers to usart.o(i.uart4_init) for uart4_init
    bsp_init.o(i.BSP_Init) refers to usart.o(i.uart5_init) for uart5_init
    bsp_init.o(i.BSP_Init) refers to usart.o(i.usart6_init) for usart6_init
    bsp_init.o(i.BSP_Init) refers to bsp_init.o(i.Encoder_Init) for Encoder_Init
    bsp_init.o(i.BSP_Init) refers to bsp_init.o(i.Motor_Init) for Motor_Init
    bsp_init.o(i.BSP_Init) refers to bsp_init.o(i.RSStructAddress_Init) for RSStructAddress_Init
    bsp_init.o(i.BSP_Init) refers to nvic.o(i.NVIC_Configuration) for NVIC_Configuration
    bsp_init.o(i.Encoder_Init) refers to global_declare.o(.bss) for stServoEncoder
    bsp_init.o(i.Motor_Init) refers to global_declare.o(.bss) for stWheel_SpeedPid
    bsp_init.o(i.RSStructAddress_Init) refers to global_declare.o(.bss) for GameStatus
    bsp_init.o(i.RSStructAddress_Init) refers to global_declare.o(.data) for GameResult
    stm32f4xx_it.o(i.CAN1_RX0_IRQHandler) refers to stm32f4xx_can.o(i.CAN_GetITStatus) for CAN_GetITStatus
    stm32f4xx_it.o(i.CAN1_RX0_IRQHandler) refers to stm32f4xx_can.o(i.CAN_ClearITPendingBit) for CAN_ClearITPendingBit
    stm32f4xx_it.o(i.CAN1_RX0_IRQHandler) refers to stm32f4xx_can.o(i.CAN_Receive) for CAN_Receive
[...]
    __rt_lib_shutdown_signal_1               0x08000247   Thumb Code     0  libshutdown2.o(.ARM.Collect$$libshutdown$$0000000A)
    __rt_lib_shutdown_stdio_1                0x08000247   Thumb Code     0  libshutdown2.o(.ARM.Collect$$libshutdown$$00000004)
    __rt_lib_shutdown_user_alloc_1           0x08000247   Thumb Code     0  libshutdown2.o(.ARM.Collect$$libshutdown$$0000000C)
    __rt_entry                               0x08000249   Thumb Code     0  __rtentry.o(.ARM.Collect$$rtentry$$00000000)
    __rt_entry_presh_1                       0x08000249   Thumb Code     0  __rtentry2.o(.ARM.Collect$$rtentry$$00000002)
    __rt_entry_sh                            0x08000249   Thumb Code     0  __rtentry4.o(.ARM.Collect$$rtentry$$00000004)
    __rt_entry_li                            0x0800024f   Thumb Code     0  __rtentry2.o(.ARM.Collect$$rtentry$$0000000A)
    __rt_entry_postsh_1                      0x0800024f   Thumb Code     0  __rtentry2.o(.ARM.Collect$$rtentry$$00000009)
    __rt_entry_main                          0x08000253   Thumb Code     0  __rtentry2.o(.ARM.Collect$$rtentry$$0000000D)
    __rt_entry_postli_1                      0x08000253   Thumb Code     0  __rtentry2.o(.ARM.Collect$$rtentry$$0000000C)
    __rt_exit                                0x0800025b   Thumb Code     0  rtexit.o(.ARM.Collect$$rtexit$$00000000)
    __rt_exit_ls                             0x0800025d   Thumb Code     0  rtexit2.o(.ARM.Collect$$rtexit$$00000003)
    __rt_exit_prels_1                        0x0800025d   Thumb Code     0  rtexit2.o(.ARM.Collect$$rtexit$$00000002)
    __rt_exit_exit                           0x08000261   Thumb Code     0  rtexit2.o(.ARM.Collect$$rtexit$$00000004)
    Reset_Handler                            0x08000269   Thumb Code     8  startup_stm32f40_41xxx.o(.text)
    NMI_Handler                              0x08000271   Thumb Code     2  startup_stm32f40_41xxx.o(.text)
    HardFault_Handler                        0x08000273   Thumb Code     2  startup_stm32f40_41xxx.o(.text)
    MemManage_Handler                        0x08000275   Thumb Code     2  startup_stm32f40_41xxx.o(.text)
    BusFault_Handler                         0x08000277   Thumb Code     2  startup_stm32f40_41xxx.o(.text)
    UsageFault_Handler                       0x08000279   Thumb Code     2  startup_stm32f40_41xxx.o(.text)
    SVC_Handler                              0x0800027b   Thumb Code     2  startup_stm32f40_41xxx.o(.text)
    DebugMon_Handler                         0x0800027d   Thumb Code     2  startup_stm32f40_41xxx.o(.text)
    PendSV_Handler                           0x0800027f   Thumb Code     2  startup_stm32f40_41xxx.o(.text)
    ADC_IRQHandler                           0x08000283   Thumb Code     0  startup_stm32f40_41xxx.o(.text)
    CAN1_RX1_IRQHandler                      0x08000283   Thumb Code     0  startup_stm32f40_41xxx.o(.text)
    CAN1_SCE_IRQHandler                      0x08000283   Thumb Code     0  startup_stm32f40_41xxx.o(.text)
    CAN1_TX_IRQHandler                       0x08000283   Thumb Code     0  startup_stm32f40_41xxx.o(.text)
    CAN2_RX1_IRQHandler                      0x08000283   Thumb Code     0  startup_stm32f40_41xxx.o(.text)
    CAN2_SCE_IRQHandler                      0x08000283   Thumb Code     0  startup_stm32f40_41xxx.o(.text)
    CAN2_TX_IRQHandler                       0x08000283   Thumb Code     0  startup_stm32f40_41xxx.o(.text)
    CRYP_IRQHandler                          0x08000283   Thumb Code     0  startup_stm32f40_41xxx.o(.text)
    DCMI_IRQHandler                          0x08000283   Thumb Code     0  startup_stm32f40_41xxx.o(.text)
    DMA1_Stream0_IRQHandler                  0x08000283   Thumb Code     0  startup_stm32f40_41xxx.o(.text)
    DMA1_Stream1_IRQHandler                  0x08000283   Thumb Code     0  startup_stm32f40_41xxx.o(.text)
    DMA1_Stream2_IRQHandler                  0x08000283   Thumb Code     0  startup_stm32f40_41xxx.o(.text)
    DMA1_Stream3_IRQHandler                  0x08000283   Thumb Code     0  startup_stm32f40_41xxx.o(.text)
    DMA1_Stream4_IRQHandler                  0x08000283   Thumb Code     0  startup_stm32f40_41xxx.o(.text)
    DMA1_Stream5_IRQHandler                  0x08000283   Thumb Code     0  startup_stm32f40_41xxx.o(.text)
    DMA1_Stream6_IRQHandler                  0x08000283   Thumb Code     0  startup_stm32f40_41xxx.o(.text)
    DMA1_Stream7_IRQHandler                  0x08000283   Thumb Code     0  startup_stm32f40_41xxx.o(.text)
    DMA2_Stream0_IRQHandler                  0x08000283   Thumb Code     0  startup_stm32f40_41xxx.o(.text)
    DMA2_Stream1_IRQHandler                  0x08000283   Thumb Code     0  startup_stm32f40_41xxx.o(.text)
    DMA2_Stream2_IRQHandler                  0x08000283   Thumb Code     0  startup_stm32f40_41xxx.o(.text)
    DMA2_Stream3_IRQHandler                  0x08000283   Thumb Code     0  startup_stm32f40_41xxx.o(.text)
    DMA2_Stream4_IRQHandler                  0x08000283   Thumb Code     0  startup_stm32f40_41xxx.o(.text)
    DMA2_Stream5_IRQHandler                  0x08000283   Thumb Code     0  startup_stm32f40_41xxx.o(.text)
    DMA2_Stream6_IRQHandler                  0x08000283   Thumb Code     0  startup_stm32f40_41xxx.o(.text)
    DMA2_Stream7_IRQHandler                  0x08000283   Thumb Code     0  startup_stm32f40_41xxx.o(.text)
    ETH_IRQHandler                           0x08000283   Thumb Code     0  startup_stm32f40_41xxx.o(.text)
    ETH_WKUP_IRQHandler                      0x08000283   Thumb Code     0  startup_stm32f40_41xxx.o(.text)
    EXTI0_IRQHandler                         0x08000283   Thumb Code     0  startup_stm32f40_41xxx.o(.text)
    EXTI15_10_IRQHandler                     0x08000283   Thumb Code     0  startup_stm32f40_41xxx.o(.text)
    EXTI1_IRQHandler                         0x08000283   Thumb Code     0  startup_stm32f40_41xxx.o(.text)
    EXTI2_IRQHandler                         0x08000283   Thumb Code     0  startup_stm32f40_41xxx.o(.text)
    EXTI3_IRQHandler                         0x08000283   Thumb Code     0  startup_stm32f40_41xxx.o(.text)
    EXTI4_IRQHandler                         0x08000283   Thumb Code     0  startup_stm32f40_41xxx.o(.text)
    EXTI9_5_IRQHandler                       0x08000283   Thumb Code     0  startup_stm32f40_41xxx.o(.text)
    FLASH_IRQHandler                         0x08000283   Thumb Code     0  startup_stm32f40_41xxx.o(.text)
    FPU_IRQHandler                           0x08000283   Thumb Code     0  startup_stm32f40_41xxx.o(.text)
    FSMC_IRQHandler                          0x08000283   Thumb Code     0  startup_stm32f40_41xxx.o(.text)
    HASH_RNG_IRQHandler                      0x08000283   Thumb Code     0  startup_stm32f40_41xxx.o(.text)
    I2C1_ER_IRQHandler                       0x08000283   Thumb Code     0  startup_stm32f40_41xxx.o(.text)
    I2C1_EV_IRQHandler                       0x08000283   Thumb Code     0  startup_stm32f40_41xxx.o(.text)
    I2C2_ER_IRQHandler                       0x08000283   Thumb Code     0  startup_stm32f40_41xxx.o(.text)
    I2C2_EV_IRQHandler                       0x08000283   Thumb Code     0  startup_stm32f40_41xxx.o(.text)
    I2C3_ER_IRQHandler                       0x08000283   Thumb Code     0  startup_stm32f40_41xxx.o(.text)
    I2C3_EV_IRQHandler                       0x08000283   Thumb Code     0  startup_stm32f40_41xxx.o(.text)
    OTG_FS_IRQHandler                        0x08000283   Thumb Code     0  startup_stm32f40_41xxx.o(.text)
    OTG_FS_WKUP_IRQHandler                   0x08000283   Thumb Code     0  startup_stm32f40_41xxx.o(.text)
    OTG_HS_EP1_IN_IRQHandler                 0x08000283   Thumb Code     0  startup_stm32f40_41xxx.o(.text)
    OTG_HS_EP1_OUT_IRQHandler                0x08000283   Thumb Code     0  startup_stm32f40_41xxx.o(.text)
    OTG_HS_IRQHandler                        0x08000283   Thumb Code     0  startup_stm32f40_41xxx.o(.text)
    OTG_HS_WKUP_IRQHandler                   0x08000283   Thumb Code     0  startup_stm32f40_41xxx.o(.text)
    PVD_IRQHandler                           0x08000283   Thumb Code     0  startup_stm32f40_41xxx.o(.text)
    RCC_IRQHandler                           0x08000283   Thumb Code     0  startup_stm32f40_41xxx.o(.text)
    RTC_Alarm_IRQHandler                     0x08000283   Thumb Code     0  startup_stm32f40_41xxx.o(.text)
    RTC_WKUP_IRQHandler                      0x08000283   Thumb Code     0  startup_stm32f40_41xxx.o(.text)
    SDIO_IRQHandler                          0x08000283   Thumb Code     0  startup_stm32f40_41xxx.o(.text)
    SPI1_IRQHandler                          0x08000283   Thumb Code     0  startup_stm32f40_41xxx.o(.text)
    SPI2_IRQHandler                          0x08000283   Thumb Code     0  startup_stm32f40_41xxx.o(.text)
    SPI3_IRQHandler                          0x08000283   Thumb Code     0  startup_stm32f40_41xxx.o(.text)
    TAMP_STAMP_IRQHandler                    0x08000283   Thumb Code     0  startup_stm32f40_41xxx.o(.text)
    TIM1_CC_IRQHandler                       0x08000283   Thumb Code     0  startup_stm32f40_41xxx.o(.text)
    TIM1_TRG_COM_TIM11_IRQHandler            0x08000283   Thumb Code     0  startup_stm32f40_41xxx.o(.text)
    TIM1_UP_TIM10_IRQHandler                 0x08000283   Thumb Code     0  startup_stm32f40_41xxx.o(.text)
    TIM2_IRQHandler                          0x08000283   Thumb Code     0  startup_stm32f40_41xxx.o(.text)
    TIM3_IRQHandler                          0x08000283   Thumb Code     0  startup_stm32f40_41xxx.o(.text)
    TIM4_IRQHandler                          0x08000283   Thumb Code     0  startup_stm32f40_41xxx.o(.text)
    TIM5_IRQHandler                          0x08000283   Thumb Code     0  startup_stm32f40_41xxx.o(.text)
    TIM6_DAC_IRQHandler                      0x08000283   Thumb Code     0  startup_stm32f40_41xxx.o(.text)
    TIM7_IRQHandler                          0x08000283   Thumb Code     0  startup_stm32f40_41xxx.o(.text)
    TIM8_BRK_TIM12_IRQHandler                0x08000283   Thumb Code     0  startup_stm32f40_41xxx.o(.text)
    TIM8_CC_IRQHandler                       0x08000283   Thumb Code     0  startup_stm32f40_41xxx.o(.text)
    TIM8_TRG_COM_TIM14_IRQHandler            0x08000283   Thumb Code     0  startup_stm32f40_41xxx.o(.text)
    TIM8_UP_TIM13_IRQHandler                 0x08000283   Thumb Code     0  startup_stm32f40_41xxx.o(.text)
    UART4_IRQHandler                         0x08000283   Thumb Code     0  startup_stm32f40_41xxx.o(.text)
    WWDG_IRQHandler                          0x08000283   Thumb Code     0  startup_stm32f40_41xxx.o(.text)
    __user_initial_stackheap                 0x08000285   Thumb Code     0  startup_stm32f40_41xxx.o(.text)
    __use_no_semihosting                     0x080002a9   Thumb Code     2  use_no_semi_2.o(.text)
    __aeabi_memcpy                           0x080002ab   Thumb Code     0  rt_memcpy_v6.o(.text)
    __rt_memcpy                              0x080002ab   Thumb Code   138  rt_memcpy_v6.o(.text)
    _memcpy_lastbytes                        0x08000311   Thumb Code     0  rt_memcpy_v6.o(.text)
    __use_two_region_memory                  0x08000335   Thumb Code     2  heapauxi.o(.text)
    __rt_heap_escrow$2region                 0x08000337   Thumb Code     2  heapauxi.o(.text)
    __rt_heap_expand$2region                 0x08000339   Thumb Code     2  heapauxi.o(.text)
    __I$use$semihosting                      0x0800033b   Thumb Code     0  use_no_semi.o(.text)
    __use_no_semihosting_swi                 0x0800033b   Thumb Code     2  use_no_semi.o(.text)
    __read_errno                             0x0800033d   Thumb Code    10  _rserrno.o(.text)
    __set_errno                              0x08000347   Thumb Code    12  _rserrno.o(.text)
    __aeabi_memcpy4                          0x08000353   Thumb Code     0  rt_memcpy_w.o(.text)
    __aeabi_memcpy8                          0x08000353   Thumb Code     0  rt_memcpy_w.o(.text)
    __rt_memcpy_w                            0x08000353   Thumb Code   100  rt_memcpy_w.o(.text)
    _memcpy_lastbytes_aligned                0x0800039b   Thumb Code     0  rt_memcpy_w.o(.text)
    __aeabi_errno_addr                       0x080003b9   Thumb Code     8  rt_errno_addr_intlibspace.o(.text)
    __errno$intlibspace                      0x080003b9   Thumb Code     0  rt_errno_addr_intlibspace.o(.text)
    __rt_errno_addr$intlibspace              0x080003b9   Thumb Code     0  rt_errno_addr_intlibspace.o(.text)
    __user_libspace                          0x080003c1   Thumb Code     8  libspace.o(.text)
    __user_perproc_libspace                  0x080003c1   Thumb Code     0  libspace.o(.text)
    __user_perthread_libspace                0x080003c1   Thumb Code     0  libspace.o(.text)
    __user_setup_stackheap                   0x080003c9   Thumb Code    74  sys_stackheap_outer.o(.text)
    exit                                     0x08000413   Thumb Code    18  exit.o(.text)
    AbsEncoderProcess                        0x08000425   Thumb Code   150  can_protocol.o(i.AbsEncoderProcess)
    Append_CRC8_Check_Sum                    0x080004c5   Thumb Code    36  verify.o(i.Append_CRC8_Check_Sum)
    BSP_Init                                 0x08000649   Thumb Code    94  bsp_init.o(i.BSP_Init)
    CAN1_Configuration                       0x080006a9   Thumb Code   206  can.o(i.CAN1_Configuration)
    CAN1_Protocol                            0x08000781   Thumb Code   660  can_protocol.o(i.CAN1_Protocol)
    CAN1_RX0_IRQHandler                      0x08000a51   Thumb Code    50  stm32f4xx_it.o(i.CAN1_RX0_IRQHandler)
    CAN2_Configuration                       0x08000a91   Thumb Code   216  can.o(i.CAN2_Configuration)
    CAN2_Protocol                            0x08000b71   Thumb Code   676  can_protocol.o(i.CAN2_Protocol)
    CAN2_RX0_IRQHandler                      0x08000e5d   Thumb Code    50  stm32f4xx_it.o(i.CAN2_RX0_IRQHandler)
    CAN_ClearITPendingBit                    0x08000e9d   Thumb Code   162  stm32f4xx_can.o(i.CAN_ClearITPendingBit)
    CAN_FilterInit                           0x08000f45   Thumb Code   258  stm32f4xx_can.o(i.CAN_FilterInit)
    CAN_GetITStatus                          0x0800104d   Thumb Code   284  stm32f4xx_can.o(i.CAN_GetITStatus)
    CAN_ITConfig                             0x0800116d   Thumb Code    18  stm32f4xx_can.o(i.CAN_ITConfig)
    CAN_Init                                 0x0800117f   Thumb Code   276  stm32f4xx_can.o(i.CAN_Init)
    CAN_Receive                              0x08001293   Thumb Code   240  stm32f4xx_can.o(i.CAN_Receive)
    CAN_SendData                             0x08001383   Thumb Code   104  can_protocol.o(i.CAN_SendData)
    CAN_Transmit                             0x080013eb   Thumb Code   294  stm32f4xx_can.o(i.CAN_Transmit)
    CalIResistedPID                          0x08001511   Thumb Code   340  rm_algorithm.o(i.CalIResistedPID)
    CalIWeakenPID                            0x08001669   Thumb Code   412  rm_algorithm.o(i.CalIWeakenPID)
    CalTD                                    0x08001809   Thumb Code   502  rm_algorithm.o(i.CalTD)
    ChassisModeChosse                        0x08001a05   Thumb Code   270  chassis_task.o(i.ChassisModeChosse)
    ChassisTask                              0x08001b29   Thumb Code     8  main.o(i.ChassisTask)
    Clip                                     0x08001b43   Thumb Code    42  rm_algorithm.o(i.Clip)
    DMA_ClearITPendingBit                    0x08001b6d   Thumb Code    38  stm32f4xx_dma.o(i.DMA_ClearITPendingBit)
    DMA_Cmd                                  0x08001ba1   Thumb Code    22  stm32f4xx_dma.o(i.DMA_Cmd)
    DMA_DeInit                               0x08001bb9   Thumb Code   324  stm32f4xx_dma.o(i.DMA_DeInit)
    DMA_GetCmdStatus                         0x08001d11   Thumb Code    20  stm32f4xx_dma.o(i.DMA_GetCmdStatus)
    DMA_GetCurrDataCounter                   0x08001d25   Thumb Code     8  stm32f4xx_dma.o(i.DMA_GetCurrDataCounter)
    DMA_Init                                 0x08001d2d   Thumb Code    82  stm32f4xx_dma.o(i.DMA_Init)
    DNVisionDataSend                         0x08001d85   Thumb Code   152  vision_protocol.o(i.DNVisionDataSend)
    DataSmoothFilter                         0x08001e4d   Thumb Code   114  rm_algorithm.o(i.DataSmoothFilter)
    DecisionDataSendProtocol                 0x08001ec9   Thumb Code    46  navigation_protocol.o(i.DecisionDataSendProtocol)
    Encoder_Init                             0x08001f05   Thumb Code    30  bsp_init.o(i.Encoder_Init)
    FPRampSignal                             0x08001f2d   Thumb Code   148  rm_algorithm.o(i.FPRampSignal)
    ForceFB                                  0x08001fc1   Thumb Code   166  chassis_task.o(i.ForceFB)
    GPIO_Init                                0x080020c9   Thumb Code   144  stm32f4xx_gpio.o(i.GPIO_Init)
    GPIO_PinAFConfig                         0x08002159   Thumb Code    70  stm32f4xx_gpio.o(i.GPIO_PinAFConfig)
    GPIO_ResetBits                           0x0800219f   Thumb Code     4  stm32f4xx_gpio.o(i.GPIO_ResetBits)
    GPIO_SetBits                             0x080021a3   Thumb Code     4  stm32f4xx_gpio.o(i.GPIO_SetBits)
    GPIO_ToggleBits                          0x080021a7   Thumb Code     8  stm32f4xx_gpio.o(i.GPIO_ToggleBits)
    GetEncoderNumber                         0x080021af   Thumb Code    12  can_protocol.o(i.GetEncoderNumber)
    GetSpeed                                 0x080021bb   Thumb Code    42  can_protocol.o(i.GetSpeed)
    Get_CRC16_Check_Sum                      0x080021e5   Thumb Code    46  verify.o(i.Get_CRC16_Check_Sum)
    Get_CRC8_Check_Sum                       0x08002219   Thumb Code    30  verify.o(i.Get_CRC8_Check_Sum)
    GimbalAutoMode                           0x0800223d   Thumb Code   152  gimbal_task_1.o(i.GimbalAutoMode)
    GimbalFollowMove                         0x080022f1   Thumb Code   188  gimbal_task_1.o(i.GimbalFollowMove)
    GimbalModeChoose                         0x080023c5   Thumb Code   208  gimbal_task_1.o(i.GimbalModeChoose)
    GimbalRCMode                             0x080024b5   Thumb Code   238  gimbal_task_1.o(i.GimbalRCMode)
    GimbalReceiveDataProtocol                0x080025bd   Thumb Code   188  gimbal_protocol.o(i.GimbalReceiveDataProtocol)
    GimbalSendDataProtocol                   0x080026ad   Thumb Code   174  gimbal_protocol.o(i.GimbalSendDataProtocol)
    GimbalSinScan                            0x0800278d   Thumb Code   186  gimbal_task_1.o(i.GimbalSinScan)
    GimbalTask                               0x08002869   Thumb Code    18  main.o(i.GimbalTask)
    LEDStateChange                           0x08002881   Thumb Code   312  led_task.o(i.LEDStateChange)
    LEDStateChangeTask                       0x080029c5   Thumb Code    18  main.o(i.LEDStateChangeTask)
    ModeChoose                               0x080029dd   Thumb Code   372  mode_choose_task.o(i.ModeChoose)
    ModeChooseTask                           0x08002b61   Thumb Code    18  main.o(i.ModeChooseTask)
    Motor_Init                               0x08002bb1   Thumb Code   166  bsp_init.o(i.Motor_Init)
    NVIC_Configuration                       0x08002c75   Thumb Code   296  nvic.o(i.NVIC_Configuration)
    NVIC_Init                                0x08002d9d   Thumb Code   106  misc.o(i.NVIC_Init)
    NVIC_PriorityGroupConfig                 0x08002e15   Thumb Code    10  misc.o(i.NVIC_PriorityGroupConfig)
    NavigationDataReceiveProtocol            0x08002e29   Thumb Code    50  navigation_protocol.o(i.NavigationDataReceiveProtocol)
    NavigationDataSendTask                   0x08002e69   Thumb Code     8  main.o(i.NavigationDataSendTask)
    NoiseSimulator                           0x08002e71   Thumb Code    64  rm_algorithm.o(i.NoiseSimulator)
    OS_RUN                                   0x08002ebd   Thumb Code   412  os.o(i.OS_RUN)
    RCC_AHB1PeriphClockCmd                   0x08003071   Thumb Code    26  stm32f4xx_rcc.o(i.RCC_AHB1PeriphClockCmd)
    RCC_APB1PeriphClockCmd                   0x08003091   Thumb Code    26  stm32f4xx_rcc.o(i.RCC_APB1PeriphClockCmd)
    RCC_APB1PeriphResetCmd                   0x080030b1   Thumb Code    26  stm32f4xx_rcc.o(i.RCC_APB1PeriphResetCmd)
    RCC_APB2PeriphClockCmd                   0x080030d1   Thumb Code    26  stm32f4xx_rcc.o(i.RCC_APB2PeriphClockCmd)
    RCC_APB2PeriphResetCmd                   0x080030f1   Thumb Code    26  stm32f4xx_rcc.o(i.RCC_APB2PeriphResetCmd)
    RCC_GetClocksFreq                        0x08003111   Thumb Code   214  stm32f4xx_rcc.o(i.RCC_GetClocksFreq)
    RCProtocol                               0x080031f9   Thumb Code   124  dji_protocol.o(i.RCProtocol)
    RSProtocol                               0x0800392d   Thumb Code   270  dji_protocol.o(i.RSProtocol)
    RSStructAddress_Init                     0x08003a45   Thumb Code    68  bsp_init.o(i.RSStructAddress_Init)
    SendDataTask                             0x08003acd   Thumb Code    18  main.o(i.SendDataTask)
    ServoAngleCal                            0x08003ae5   Thumb Code   290  chassis_task.o(i.ServoAngleCal)
    ServoMode                                0x08003c45   Thumb Code   296  chassis_task.o(i.ServoMode)
    ServoWheelControl                        0x08003d81   Thumb Code    70  chassis_task.o(i.ServoWheelControl)
    ShootBullet                              0x08003ee1   Thumb Code   184  shoot_task.o(i.ShootBullet)
    ShootPid                                 0x0800405d   Thumb Code   100  shoot_task.o(i.ShootPid)
    ShootTask                                0x080040d9   Thumb Code    18  main.o(i.ShootTask)
    SpeedMode                                0x080040f1   Thumb Code   234  chassis_task.o(i.SpeedMode)
    SpeedWheelControl                        0x080041f5   Thumb Code    28  chassis_task.o(i.SpeedWheelControl)
    SysTick_Handler                          0x08004215   Thumb Code   672  stm32f4xx_it.o(i.SysTick_Handler)
    SysTick_init                             0x080044bd   Thumb Code    90  systick.o(i.SysTick_init)
    SystemInit                               0x08004525   Thumb Code    88  system_stm32f4xx.o(i.SystemInit)
    SystemMonitorDetect                      0x0800458d   Thumb Code   246  systemmonitor_task.o(i.SystemMonitorDetect)
    SystemMonitorTask                        0x0800469d   Thumb Code    18  main.o(i.SystemMonitorTask)
    TIM1_BRK_TIM9_IRQHandler                 0x080047d9   Thumb Code   436  stm32f4xx_it.o(i.TIM1_BRK_TIM9_IRQHandler)
    TIM5_Configuration                       0x080049d5   Thumb Code    50  tim.o(i.TIM5_Configuration)
    TIM9_Configuration                       0x08004a0d   Thumb Code   128  tim.o(i.TIM9_Configuration)
    TIM_ClearITPendingBit                    0x08004a95   Thumb Code     6  stm32f4xx_tim.o(i.TIM_ClearITPendingBit)
    TIM_Cmd                                  0x08004a9b   Thumb Code    24  stm32f4xx_tim.o(i.TIM_Cmd)
    TIM_GetCapture1                          0x08004ab3   Thumb Code     6  stm32f4xx_tim.o(i.TIM_GetCapture1)
    TIM_GetITStatus                          0x08004ab9   Thumb Code    34  stm32f4xx_tim.o(i.TIM_GetITStatus)
    TIM_ICInit                               0x08004adb   Thumb Code   110  stm32f4xx_tim.o(i.TIM_ICInit)
    TIM_ICStructInit                         0x08004b49   Thumb Code    18  stm32f4xx_tim.o(i.TIM_ICStructInit)
    TIM_ITConfig                             0x08004b5b   Thumb Code    18  stm32f4xx_tim.o(i.TIM_ITConfig)
    TIM_OC1PolarityConfig                    0x08004b6d   Thumb Code    18  stm32f4xx_tim.o(i.TIM_OC1PolarityConfig)
    TIM_SetIC1Prescaler                      0x08004b7f   Thumb Code    18  stm32f4xx_tim.o(i.TIM_SetIC1Prescaler)
    TIM_SetIC2Prescaler                      0x08004b91   Thumb Code    26  stm32f4xx_tim.o(i.TIM_SetIC2Prescaler)
    TIM_SetIC3Prescaler                      0x08004bab   Thumb Code    18  stm32f4xx_tim.o(i.TIM_SetIC3Prescaler)
    TIM_SetIC4Prescaler                      0x08004bbd   Thumb Code    26  stm32f4xx_tim.o(i.TIM_SetIC4Prescaler)
    TIM_TimeBaseInit                         0x08004bd9   Thumb Code   104  stm32f4xx_tim.o(i.TIM_TimeBaseInit)
    UART5_IRQHandler                         0x08004c5d   Thumb Code    80  stm32f4xx_it.o(i.UART5_IRQHandler)
    USART1_IRQHandler                        0x08004cb9   Thumb Code    88  stm32f4xx_it.o(i.USART1_IRQHandler)
    USART2_IRQHandler                        0x08004d25   Thumb Code    98  stm32f4xx_it.o(i.USART2_IRQHandler)
    USART3_IRQHandler                        0x08004d9d   Thumb Code    78  stm32f4xx_it.o(i.USART3_IRQHandler)
    USART6_IRQHandler                        0x08004df9   Thumb Code   126  stm32f4xx_it.o(i.USART6_IRQHandler)
    USART_ClearFlag                          0x08004e8d   Thumb Code    18  stm32f4xx_usart.o(i.USART_ClearFlag)
    USART_ClearITPendingBit                  0x08004e9f   Thumb Code    30  stm32f4xx_usart.o(i.USART_ClearITPendingBit)
    USART_Cmd                                0x08004ebd   Thumb Code    24  stm32f4xx_usart.o(i.USART_Cmd)
    USART_DMACmd                             0x08004ed5   Thumb Code    18  stm32f4xx_usart.o(i.USART_DMACmd)
    USART_DeInit                             0x08004ee9   Thumb Code   206  stm32f4xx_usart.o(i.USART_DeInit)
    USART_GetITStatus                        0x08004fd9   Thumb Code    84  stm32f4xx_usart.o(i.USART_GetITStatus)
    USART_ITConfig                           0x0800502d   Thumb Code    74  stm32f4xx_usart.o(i.USART_ITConfig)
    USART_Init                               0x08005079   Thumb Code   204  stm32f4xx_usart.o(i.USART_Init)
    USART_Receive                            0x0800514d   Thumb Code   182  stm32f4xx_it.o(i.USART_Receive)
    Verify_CRC16_Check_Sum                   0x08005205   Thumb Code    60  verify.o(i.Verify_CRC16_Check_Sum)
    Verify_CRC8_Check_Sum                    0x08005245   Thumb Code    46  verify.o(i.Verify_CRC8_Check_Sum)
    VisionDataSendTask                       0x08005275   Thumb Code    18  main.o(i.VisionDataSendTask)
    VofaDataScan                             0x0800528d   Thumb Code   118  data_send_task.o(i.VofaDataScan)
    VofaPlusTask                             0x08005315   Thumb Code     8  main.o(i.VofaPlusTask)
    WCS_to_LCS                               0x0800531d   Thumb Code   236  navigation_protocol.o(i.WCS_to_LCS)
    YawPID                                   0x08005445   Thumb Code    86  gimbal_task_1.o(i.YawPID)
    __ARM_fpclassify                         0x080054b5   Thumb Code    48  fpclassify.o(i.__ARM_fpclassify)
    __hardfp_atan                            0x080054e9   Thumb Code   622  atan.o(i.__hardfp_atan)
    __hardfp_atan2                           0x080057c1   Thumb Code   432  atan2.o(i.__hardfp_atan2)
    __hardfp_fabs                            0x080059b1   Thumb Code    20  fabs.o(i.__hardfp_fabs)
    __hardfp_sqrt                            0x080059c5   Thumb Code   122  sqrt.o(i.__hardfp_sqrt)
    __kernel_poly                            0x08005a3f   Thumb Code   248  poly.o(i.__kernel_poly)
    __mathlib_dbl_infnan                     0x08005b37   Thumb Code    20  dunder.o(i.__mathlib_dbl_infnan)
    __mathlib_dbl_infnan2                    0x08005b4b   Thumb Code    20  dunder.o(i.__mathlib_dbl_infnan2)
    __mathlib_dbl_underflow                  0x08005b61   Thumb Code    24  dunder.o(i.__mathlib_dbl_underflow)
    _sys_exit                                0x08005b81   Thumb Code     4  usart.o(i._sys_exit)
    atan                                     0x08005b85   Thumb Code    16  atan.o(i.atan)
    fabs                                     0x08005b95   Thumb Code    24  fabs.o(i.fabs)
    gpio_init                                0x08005bad   Thumb Code    74  gpio.o(i.gpio_init)
    main                                     0x08005c01   Thumb Code    14  main.o(i.main)
    uart4_init                               0x08005c11   Thumb Code   322  usart.o(i.uart4_init)
    uart5_init                               0x08005d65   Thumb Code   374  usart.o(i.uart5_init)
    usart1_init                              0x08005ef5   Thumb Code   242  usart.o(i.usart1_init)
    usart2_init                              0x08005ffd   Thumb Code   344  usart.o(i.usart2_init)
    usart3_init                              0x0800616d   Thumb Code   318  usart.o(i.usart3_init)
    usart6_init                              0x080062c1   Thumb Code   354  usart.o(i.usart6_init)
    __aeabi_dneg                             0x08006435   Thumb Code     0  basic.o(x$fpl$basic)
    _dneg                                    0x08006435   Thumb Code     6  basic.o(x$fpl$basic)
    __aeabi_fneg                             0x0800643b   Thumb Code     0  basic.o(x$fpl$basic)
    _fneg                                    0x0800643b   Thumb Code     6  basic.o(x$fpl$basic)
    _dabs                                    0x08006441   Thumb Code     6  basic.o(x$fpl$basic)
    _fabs                                    0x08006447   Thumb Code     6  basic.o(x$fpl$basic)
    __aeabi_d2f                              0x0800644d   Thumb Code     0  d2f.o(x$fpl$d2f)
    _d2f                                     0x0800644d   Thumb Code    98  d2f.o(x$fpl$d2f)
    __aeabi_dadd                             0x080064b1   Thumb Code     0  daddsub_clz.o(x$fpl$dadd)
    _dadd                                    0x080064b1   Thumb Code   332  daddsub_clz.o(x$fpl$dadd)
    __fpl_dcmp_Inf                           0x08006601   Thumb Code    24  dcmpi.o(x$fpl$dcmpinf)
    __aeabi_ddiv                             0x08006619   Thumb Code     0  ddiv.o(x$fpl$ddiv)
    _ddiv                                    0x08006619   Thumb Code   552  ddiv.o(x$fpl$ddiv)
    __aeabi_ui2d                             0x080068c9   Thumb Code     0  dflt_clz.o(x$fpl$dfltu)
    _dfltu                                   0x080068c9   Thumb Code    38  dflt_clz.o(x$fpl$dfltu)
    __aeabi_cdcmple                          0x080068f1   Thumb Code     0  dleqf.o(x$fpl$dleqf)
    _dcmple                                  0x080068f1   Thumb Code   120  dleqf.o(x$fpl$dleqf)
    __fpl_dcmple_InfNaN                      0x08006953   Thumb Code     0  dleqf.o(x$fpl$dleqf)
    __aeabi_dmul                             0x08006969   Thumb Code     0  dmul.o(x$fpl$dmul)
    _dmul                                    0x08006969   Thumb Code   332  dmul.o(x$fpl$dmul)
    __fpl_dnaninf                            0x08006abd   Thumb Code   156  dnaninf.o(x$fpl$dnaninf)
    __fpl_dretinf                            0x08006b59   Thumb Code    12  dretinf.o(x$fpl$dretinf)
    __aeabi_cdrcmple                         0x08006b65   Thumb Code     0  drleqf.o(x$fpl$drleqf)
    _drcmple                                 0x08006b65   Thumb Code   108  drleqf.o(x$fpl$drleqf)
    __aeabi_drsub                            0x08006bd1   Thumb Code     0  daddsub_clz.o(x$fpl$drsb)
    _drsb                                    0x08006bd1   Thumb Code    22  daddsub_clz.o(x$fpl$drsb)
    _dsqrt                                   0x08006be9   Thumb Code   404  dsqrt_umaal.o(x$fpl$dsqrt)
    __aeabi_dsub                             0x08006d81   Thumb Code     0  daddsub_clz.o(x$fpl$dsub)
    _dsub                                    0x08006d81   Thumb Code   464  daddsub_clz.o(x$fpl$dsub)
    __aeabi_f2d                              0x08006f55   Thumb Code     0  f2d.o(x$fpl$f2d)
    _f2d                                     0x08006f55   Thumb Code    86  f2d.o(x$fpl$f2d)
    __fpl_fnaninf                            0x08006fab   Thumb Code   140  fnaninf.o(x$fpl$fnaninf)
    _fp_init                                 0x08007037   Thumb Code    10  fpinit.o(x$fpl$fpinit)
    __fplib_config_fpu_vfp                   0x0800703f   Thumb Code     0  fpinit.o(x$fpl$fpinit)
    __fplib_config_pureend_doubles           0x0800703f   Thumb Code     0  fpinit.o(x$fpl$fpinit)
    __fpl_fretinf                            0x08007041   Thumb Code    10  fretinf.o(x$fpl$fretinf)
    CRC8_INIT                                0x0800704a   Data           1  verify.o(.constdata)
    __I$use$fp                               0x0800704a   Number         0  usenofp.o(x$fpl$usenofp)
    CRC8_TAB                                 0x0800704b   Data         256  verify.o(.constdata)
    CRC16_Table                              0x0800714c   Data         512  verify.o(.constdata)
    __mathlib_zero                           0x080073e8   Data           8  qnan.o(.constdata)
    Region$$Table$$Base                      0x080074ac   Number         0  anon$$obj.o(Region$$Table)
    Region$$Table$$Limit                     0x080074cc   Number         0  anon$$obj.o(Region$$Table)
    TaskTotalTime                            0x20000000   Data           4  os.o(.data)
    TaskTotalTimeMost                        0x20000004   Data           4  os.o(.data)
    TaskTotalTimeLeast                       0x20000008   Data           4  os.o(.data)
    G_ST_Task                                0x2000000c   Data         396  os.o(.data)
    TotalTaskNum                             0x20000198   Data           4  os.o(.data)
    DMA_RAW_LEN                              0x2000019c   Data           4  stm32f4xx_it.o(.data)
    preUS_Distance                           0x200001a0   Data           4  stm32f4xx_it.o(.data)
    USART2_Rcr                               0x200001a4   Data          28  global_declare.o(.data)
    BalancesoldierNumber                     0x200001c0   Data           1  global_declare.o(.data)
    BanlanReconizeFinshFlag                  0x200001c1   Data           1  global_declare.o(.data)
    Barrel1_Heat_Cur                         0x200001c2   Data           2  global_declare.o(.data)
    Barrel2_Heat_Cur                         0x200001c4   Data           2  global_declare.o(.data)
    Invincible_Status                        0x200001c6   Data           1  global_declare.o(.data)
    Bullet_Num_Remain                        0x200001c8   Data           2  global_declare.o(.data)
    SentryHPMessage                          0x200001ca   Data           2  global_declare.o(.data)
    ChassisPowerMessage                      0x200001cc   Data           4  global_declare.o(.data)
    ChassisPowerBufferMessageLast            0x200001d0   Data           2  global_declare.o(.data)
    ChassisPowerBufferMessage                0x200001d2   Data           2  global_declare.o(.data)
    RobotIDMessage                           0x200001d4   Data           1  global_declare.o(.data)
    Bullet1FreqMessage                       0x200001d5   Data           1  global_declare.o(.data)
    Bullet2FreqMessage                       0x200001d6   Data           1  global_declare.o(.data)
    Bullet1SpeedMessage                      0x200001d8   Data           4  global_declare.o(.data)
    Bullet2SpeedMessage                      0x200001dc   Data           4  global_declare.o(.data)
    StageRemainTimeMessage                   0x200001e0   Data           2  global_declare.o(.data)
    OutpostHPMessage                         0x200001e2   Data           2  global_declare.o(.data)
    EnemySentryHPMessage                     0x200001e4   Data           2  global_declare.o(.data)
    DartFlagMessage                          0x200001e6   Data           1  global_declare.o(.data)
    ChassisPowerLimitMessage                 0x200001e8   Data           2  global_declare.o(.data)
    Shooter1HeatLimitMessage                 0x200001ea   Data           2  global_declare.o(.data)
    Shooter2HeatLimitMessage                 0x200001ec   Data           2  global_declare.o(.data)
    Shooter1HeatCoolingMessage               0x200001ee   Data           2  global_declare.o(.data)
    Shooter2HeatCoolingMessage               0x200001f0   Data           2  global_declare.o(.data)
    ShooterIDMessage                         0x200001f2   Data           1  global_declare.o(.data)
    Bullet1Cnt                               0x200001f4   Data           2  global_declare.o(.data)
    Bullet2Cnt                               0x200001f6   Data           2  global_declare.o(.data)
    SumHurtPerSecond                         0x200001f8   Data           2  global_declare.o(.data)
    SumHurtFlag                              0x200001fa   Data           1  global_declare.o(.data)
    HitOurselfFlag                           0x200001fb   Data           1  global_declare.o(.data)
    RSPowerUpdataFlag                        0x200001fc   Data           1  global_declare.o(.data)
    CalibrateState                           0x200001fd   Data           1  global_declare.o(.data)
    GameResult                               0x200001fe   Data           1  global_declare.o(.data)
    EventData                                0x200001ff   Data           4  global_declare.o(.data)
    SupplyProjectileAction                   0x20000203   Data           4  global_declare.o(.data)
    RefereeWarning                           0x20000207   Data           2  global_declare.o(.data)
    DartRemainingTime                        0x20000209   Data           1  global_declare.o(.data)
    Buff                                     0x2000020a   Data           1  global_declare.o(.data)
    AerialRobotEnergy                        0x2000020b   Data           1  global_declare.o(.data)
    RobotHurt                                0x2000020c   Data           1  global_declare.o(.data)
    ShootData                                0x2000020d   Data           7  global_declare.o(.data)
    BulletRemaining                          0x20000214   Data           6  global_declare.o(.data)
    RFIDStatus                               0x2000021a   Data           4  global_declare.o(.data)
    StudentInteractiveHeaderData             0x2000021e   Data           6  global_declare.o(.data)
    UART4_Cushioning_Rx                      0x20000224   Data           1  global_declare.o(.data)
    UART5_Cushioning_Rx                      0x20000225   Data           1  global_declare.o(.data)
    GimbalData                               0x20000226   Data          63  global_declare.o(.data)
    VisionDataSendBuff                       0x20000268   Data          52  global_declare.o(.data)
    USART6_Rcr                               0x2000029c   Data          28  global_declare.o(.data)
    DecisionSendBuf                          0x200002b8   Data          57  global_declare.o(.data)
    RSStructIDBuf                            0x200002f2   Data          32  global_declare.o(.data)
    VisionData1                              0x20000314   Data           4  global_declare.o(.data)
    VisionData2                              0x20000318   Data           4  global_declare.o(.data)
    VisionData3                              0x2000031c   Data           4  global_declare.o(.data)
    VisionData4                              0x20000320   Data           4  global_declare.o(.data)
    VisionData5                              0x20000324   Data           4  global_declare.o(.data)
    VisionData6                              0x20000328   Data           4  global_declare.o(.data)
    VisionData7                              0x2000032c   Data           4  global_declare.o(.data)
    VisionData8                              0x20000330   Data           4  global_declare.o(.data)
    VisionData9                              0x20000334   Data           4  global_declare.o(.data)
    VisionData10                             0x20000338   Data           4  global_declare.o(.data)
    VisionData11                             0x2000033c   Data           4  global_declare.o(.data)
    VisionSendData1                          0x20000340   Data           4  global_declare.o(.data)
    VisionSendData2                          0x20000344   Data           4  global_declare.o(.data)
    VisionSendData3                          0x20000348   Data           4  global_declare.o(.data)
    VisionSendData4                          0x2000034c   Data           4  global_declare.o(.data)
    VisionSendData5                          0x20000350   Data           4  global_declare.o(.data)
    VisionSendData6                          0x20000354   Data           4  global_declare.o(.data)
    VisionSendData7                          0x20000358   Data           4  global_declare.o(.data)
    VisionSendData8                          0x2000035c   Data           4  global_declare.o(.data)
    VisionSendData9                          0x20000360   Data           4  global_declare.o(.data)
    VisionSendData10                         0x20000364   Data           4  global_declare.o(.data)
    VisionSendData11                         0x20000368   Data           4  global_declare.o(.data)
    GimbalYawEncoder                         0x2000036c   Data          28  global_declare.o(.data)
    ShootEncoder                             0x20000388   Data          28  global_declare.o(.data)
    ChassisEncoder                           0x200003a4   Data          28  global_declare.o(.data)
    MotorEncoder                             0x200003c0   Data          28  global_declare.o(.data)
    ChassisZigEncoder                        0x200003dc   Data          28  global_declare.o(.data)
    GimbalYawPosPid                          0x200003f8   Data          68  global_declare.o(.data)
    GimbalYawSpeedPid                        0x2000043c   Data          68  global_declare.o(.data)
    GimbalYawABS                             0x20000480   Data          28  global_declare.o(.data)
    YawTD                                    0x2000049c   Data          28  global_declare.o(.data)
    YawPosDes                                0x200004b8   Data           4  global_declare.o(.data)
    YawEncoderAngle                          0x200004bc   Data           4  global_declare.o(.data)
    YawEncoderSpeed                          0x200004c0   Data           4  global_declare.o(.data)
    YawBMIAngle                              0x200004c4   Data           4  global_declare.o(.data)
    YawBMISpeed                              0x200004c8   Data           4  global_declare.o(.data)
    PitchBMIAngle                            0x200004cc   Data           4  global_declare.o(.data)
    PitchBMISpeed                            0x200004d0   Data           4  global_declare.o(.data)
    SecondYawAngle                           0x200004d4   Data           4  global_declare.o(.data)
    Robot_Yaw_Des                            0x200004d8   Data           4  global_declare.o(.data)
    Robot_Yaw_Cur                            0x200004dc   Data           4  global_declare.o(.data)
    Chassis_Speed                            0x200004e0   Data           4  global_declare.o(.data)
    Wheel_Angle_Des                          0x200004e4   Data           4  global_declare.o(.data)
    WCSYawAngle                              0x200004e8   Data           4  global_declare.o(.data)
    LCSYawAngle                              0x200004ec   Data           4  global_declare.o(.data)
    WheelSpeed                               0x200004f0   Data           4  global_declare.o(.data)
    Receive_WheelSpeed                       0x200004f4   Data           4  global_declare.o(.data)
    Friction_State_UP                        0x200004f8   Data           4  global_declare.o(.data)
    Friction_State                           0x200004fc   Data           4  global_declare.o(.data)
    Bullet_Des                               0x20000500   Data           2  global_declare.o(.data)
    Bullet_Des_Pre                           0x20000502   Data           2  global_declare.o(.data)
    Follow_Flag_UP                           0x20000504   Data           1  global_declare.o(.data)
    Follow_Flag_DN                           0x20000505   Data           1  global_declare.o(.data)
    Shoot_Area_Flag                          0x20000506   Data           1  global_declare.o(.data)
    Shoot_Frequency_UP                       0x20000507   Data           1  global_declare.o(.data)
    Shoot_Frequency_DN                       0x20000508   Data           1  global_declare.o(.data)
    upShooterStaticTimes                     0x2000050c   Data           4  global_declare.o(.data)
    FrictFirstIn                             0x20000510   Data           1  global_declare.o(.data)
    Auto_BoDanFirstIn                        0x20000511   Data           1  global_declare.o(.data)
    DNSTC                                    0x20000514   Data          28  global_declare.o(.data)
    g_stShooterEncoder                       0x20000530   Data          28  global_declare.o(.data)
    c_stShooterPosPID                        0x2000054c   Data          68  global_declare.o(.data)
    c_stShooterSpeedPID                      0x20000590   Data          68  global_declare.o(.data)
    stError                                  0x200005d4   Data           6  global_declare.o(.data)
    ControlMode                              0x200005da   Data           1  global_declare.o(.data)
    PreGimabalTestFlag                       0x200005db   Data           1  global_declare.o(.data)
    AccelStep                                0x200005dc   Data           4  global_declare.o(.data)
    LineDecelerateStep                       0x200005e0   Data           4  global_declare.o(.data)
    UPShootSpeedTest                         0x200005e4   Data           2  global_declare.o(.data)
    StartUPShootFlag                         0x200005e6   Data           1  global_declare.o(.data)
    StartDNShootFlag                         0x200005e7   Data           1  global_declare.o(.data)
    LowShootFlag                             0x200005e8   Data           1  global_declare.o(.data)
    ShootHeatTick                            0x200005ec   Data           4  global_declare.o(.data)
    ChassisPositionLeftFlag                  0x200005f0   Data           1  global_declare.o(.data)
    Chassis_Test_Flag                        0x200005f1   Data           1  global_declare.o(.data)
    TIM9_OverflowTimes                       0x200005f4   Data           4  global_declare.o(.data)
    TIM9_Rising_ARR                          0x200005f8   Data           4  global_declare.o(.data)
    TIM9_Falling_ARR                         0x200005fc   Data           4  global_declare.o(.data)
    US_Distance                              0x20000600   Data           4  global_declare.o(.data)
    TirggerState                             0x20000604   Data           1  global_declare.o(.data)
    PreChassisPowerMessage                   0x20000608   Data           4  global_declare.o(.data)
    Range360Flag                             0x2000060c   Data           1  global_declare.o(.data)
    ResetState                               0x2000060d   Data           1  global_declare.o(.data)
    FindEnemyR2                              0x2000060e   Data           1  global_declare.o(.data)
    FindEnemyRoad                            0x2000060f   Data           1  global_declare.o(.data)
    Bullet1SpeedMean                         0x20000610   Data           4  global_declare.o(.data)
    Bullet2SpeedMean                         0x20000614   Data           4  global_declare.o(.data)
    Shooter1HeatRemainingNum                 0x20000618   Data           2  global_declare.o(.data)
    Shooter2HeatRemainingNum                 0x2000061a   Data           2  global_declare.o(.data)
    Shooter1ShootNum                         0x2000061c   Data           2  global_declare.o(.data)
    Shooter2ShootNum                         0x2000061e   Data           2  global_declare.o(.data)
    Shooter1StableBulletFreq                 0x20000620   Data           2  global_declare.o(.data)
    Shooter2StableBulletFreq                 0x20000622   Data           2  global_declare.o(.data)
    Shooter1NumberLast                       0x20000624   Data           4  global_declare.o(.data)
    Shooter2NumberLast                       0x20000628   Data           4  global_declare.o(.data)
    Robot1ShootFlag                          0x2000062c   Data           1  global_declare.o(.data)
    Robot2ShootFlag                          0x2000062d   Data           1  global_declare.o(.data)
    Robot3ShootFlag                          0x2000062e   Data           1  global_declare.o(.data)
    Robot4ShootFlag                          0x2000062f   Data           1  global_declare.o(.data)
    Robot5ShootFlag                          0x20000630   Data           1  global_declare.o(.data)
    StateDataSendBuff                        0x20000631   Data          36  global_declare.o(.data)
    US_KMF                                   0x20000658   Data          28  global_declare.o(.data)
    SystemCoreClock                          0x20000674   Data           4  system_stm32f4xx.o(.data)
    AHBPrescTable                            0x20000678   Data          16  system_stm32f4xx.o(.data)
    CRC16_INIT                               0x20000688   Data           2  verify.o(.data)
    RsCmdID                                  0x2000068a   Data           2  dji_protocol.o(.data)
    FirstIN                                  0x20000694   Data           1  can_protocol.o(.data)
    judgeTD                                  0x200006c4   Data           1  gimbal_task_1.o(.data)
    PatrolReductionRate                      0x200006c5   Data           1  gimbal_task_1.o(.data)
    WaitCnt                                  0x200006c6   Data           1  gimbal_task_1.o(.data)
    EnemyPos                                 0x200006c7   Data           1  gimbal_task_1.o(.data)
    FixedPatrolTime                          0x200006c8   Data           1  gimbal_task_1.o(.data)
    WaitTimes                                0x200006cc   Data           4  gimbal_task_1.o(.data)
    LossTimes                                0x200006d0   Data           4  gimbal_task_1.o(.data)
    GimbalFixedPos                           0x200006d4   Data         264  gimbal_task_1.o(.data)
    GyroJudge                                0x200007e0   Data           1  chassis_task.o(.data)
    InitAngle                                0x200007e4   Data          16  chassis_task.o(.data)
    X_Vel                                    0x200007f4   Data           4  chassis_task.o(.data)
    Y_Vel                                    0x200007f8   Data           4  chassis_task.o(.data)
    W_Vel                                    0x200007fc   Data           4  chassis_task.o(.data)
    Angle_I                                  0x20000800   Data           4  chassis_task.o(.data)
    Angle_II                                 0x20000804   Data           4  chassis_task.o(.data)
    Angle_III                                0x20000808   Data           4  chassis_task.o(.data)
    Angle_IV                                 0x2000080c   Data           4  chassis_task.o(.data)
    X_Max_Vel                                0x20000810   Data           4  chassis_task.o(.data)
    Y_Max_Vel                                0x20000814   Data           4  chassis_task.o(.data)
    W_Max_Vel                                0x20000818   Data           4  chassis_task.o(.data)
    Chassis_X_Speed                          0x2000081c   Data           4  chassis_task.o(.data)
    Chassis_Y_Speed                          0x20000820   Data           4  chassis_task.o(.data)
    Raw_Sum_Current                          0x20000824   Data           2  chassis_task.o(.data)
    Limit_Sum_Current                        0x20000826   Data           2  chassis_task.o(.data)
    testkp                                   0x20000828   Data           4  chassis_task.o(.data)
    speed_rate                               0x2000082c   Data           4  chassis_task.o(.data)
    preLCSYaw                                0x20000830   Data           4  chassis_task.o(.data)
    rawLCSYaw                                0x20000834   Data           4  chassis_task.o(.data)
    diff                                     0x20000838   Data           4  chassis_task.o(.data)
    BOX                                      0x20000850   Data          40  stm32f4xx_it.o(.bss)
    CAN1_RX_Message                          0x20000878   Data          20  global_declare.o(.bss)
    CAN2_RX_Message                          0x2000088c   Data          20  global_declare.o(.bss)
    UA2TxDMAbuf                              0x200008a0   Data         200  global_declare.o(.bss)
    UA2RxDMAbuf                              0x20000968   Data         500  global_declare.o(.bss)
    UA2RxMailbox                             0x20000b5c   Data         250  global_declare.o(.bss)
    RSReceiveDataBuff                        0x20000c56   Data         250  global_declare.o(.bss)
    GameStatus                               0x20000d50   Data          11  global_declare.o(.bss)
    GameRobotHP                              0x20000d5b   Data          32  global_declare.o(.bss)
    ICRABuffDebuffZoneStatus                 0x20000d7b   Data          11  global_declare.o(.bss)
    GameRobotStatus                          0x20000d86   Data          27  global_declare.o(.bss)
    PowerHeatData                            0x20000da1   Data          16  global_declare.o(.bss)
    GameRobotPos                             0x20000db1   Data          16  global_declare.o(.bss)
    DartClientCmd                            0x20000dc1   Data          12  global_declare.o(.bss)
    RobotInteractiveData                     0x20000dcd   Data         113  global_declare.o(.bss)
    g_StDbus                                 0x20000e3e   Data          22  global_declare.o(.bss)
    USART1_Cushioning_Rx                     0x20000e54   Data          18  global_declare.o(.bss)
    USART3_Cushioning_Rx                     0x20000e66   Data          31  global_declare.o(.bss)
    VisionDataBuffTemp                       0x20000e85   Data          32  global_declare.o(.bss)
    UA5RxDMAbuf                              0x20000ea5   Data          35  global_declare.o(.bss)
    UA6RxDMAbuf                              0x20000ec8   Data          60  global_declare.o(.bss)
    UA6RxMailbox                             0x20000f04   Data          38  global_declare.o(.bss)
    VisionDataReceiveBuff                    0x20000f2a   Data          45  global_declare.o(.bss)
    NavigationReceiveBuf                     0x20000f57   Data          30  global_declare.o(.bss)
    RSStructAddressBuf                       0x20000f78   Data          64  global_declare.o(.bss)
    GimbalPitchPosPid                        0x20000fb8   Data          68  global_declare.o(.bss)
    GimbalPitchSpeedPid                      0x20000ffc   Data          68  global_declare.o(.bss)
    ChassisPowerPid                          0x20001040   Data          68  global_declare.o(.bss)
    stWheel_SpeedPid                         0x20001084   Data         272  global_declare.o(.bss)
    stServoWheel_PosPid                      0x20001194   Data         272  global_declare.o(.bss)
    stServoWheel_SpeedPid                    0x200012a4   Data         272  global_declare.o(.bss)
    stServoEncoder                           0x200013b4   Data         112  global_declare.o(.bss)
    capacitor_msg                            0x20001424   Data          24  global_declare.o(.bss)
    systemMonitor                            0x2000143c   Data         160  global_declare.o(.bss)
    SubSystemMonitor                         0x200014dc   Data          28  global_declare.o(.bss)
    RSSystemMonitor                          0x200014f8   Data          56  global_declare.o(.bss)
    stFlag                                   0x20001530   Data          15  global_declare.o(.bss)
    Bullet1SpeedRecord                       0x20001540   Data          40  global_declare.o(.bss)
    Bullet2SpeedRecord                       0x20001568   Data          40  global_declare.o(.bss)
    get_rcc_clock                            0x20001590   Data          16  systemmonitor_task.o(.bss)
    __libspace_start                         0x200015a0   Data          96  libspace.o(.bss)
    __temporary_stack_top$libspace           0x20001600   Data           0  libspace.o(.bss)



==============================================================================

Memory Map of the image

  Image Entry point : 0x08000189

  Load Region LR_IROM1 (Base: 0x08000000, Size: 0x00007d1c, Max: 0x00080000, ABSOLUTE, COMPRESSED[0x00007740])

    Execution Region ER_IROM1 (Exec base: 0x08000000, Load base: 0x08000000, Size: 0x000074cc, Max: 0x00080000, ABSOLUTE)

    Exec Addr    Load Addr    Size         Type   Attr      Idx    E Section Name        Object

    0x08000000   0x08000000   0x00000188   Data   RO         1513    RESET               startup_stm32f40_41xxx.o
    0x08000188   0x08000188   0x00000008   Code   RO         6256  * !!!main             c_w.l(__main.o)
    0x08000190   0x08000190   0x00000034   Code   RO         6528    !!!scatter          c_w.l(__scatter.o)
    0x080001c4   0x080001c4   0x0000005a   Code   RO         6526    !!dczerorl2         c_w.l(__dczerorl2.o)
    0x0800021e   0x0800021e   0x00000002   PAD
    0x08000220   0x08000220   0x0000001c   Code   RO         6530    !!handler_zi        c_w.l(__scatter_zi.o)
    0x0800023c   0x0800023c   0x00000002   Code   RO         6403    .ARM.Collect$$libinit$$00000000  c_w.l(libinit.o)
    0x0800023e   0x0800023e   0x00000004   Code   RO         6406    .ARM.Collect$$libinit$$00000001  c_w.l(libinit2.o)
    0x08000242   0x08000242   0x00000000   Code   RO         6409    .ARM.Collect$$libinit$$00000004  c_w.l(libinit2.o)
    0x08000242   0x08000242   0x00000000   Code   RO         6412    .ARM.Collect$$libinit$$0000000A  c_w.l(libinit2.o)
    0x08000242   0x08000242   0x00000000   Code   RO         6414    .ARM.Collect$$libinit$$0000000C  c_w.l(libinit2.o)
    0x08000242   0x08000242   0x00000000   Code   RO         6416    .ARM.Collect$$libinit$$0000000E  c_w.l(libinit2.o)
    0x08000242   0x08000242   0x00000000   Code   RO         6419    .ARM.Collect$$libinit$$00000011  c_w.l(libinit2.o)
    0x08000242   0x08000242   0x00000000   Code   RO         6421    .ARM.Collect$$libinit$$00000013  c_w.l(libinit2.o)
    0x08000242   0x08000242   0x00000000   Code   RO         6423    .ARM.Collect$$libinit$$00000015  c_w.l(libinit2.o)
    0x08000242   0x08000242   0x00000000   Code   RO         6425    .ARM.Collect$$libinit$$00000017  c_w.l(libinit2.o)
    0x08000242   0x08000242   0x00000000   Code   RO         6427    .ARM.Collect$$libinit$$00000019  c_w.l(libinit2.o)
    0x08000242   0x08000242   0x00000000   Code   RO         6429    .ARM.Collect$$libinit$$0000001B  c_w.l(libinit2.o)
    0x08000242   0x08000242   0x00000000   Code   RO         6431    .ARM.Collect$$libinit$$0000001D  c_w.l(libinit2.o)
    0x08000242   0x08000242   0x00000000   Code   RO         6433    .ARM.Collect$$libinit$$0000001F  c_w.l(libinit2.o)
    0x08000242   0x08000242   0x00000000   Code   RO         6435    .ARM.Collect$$libinit$$00000021  c_w.l(libinit2.o)
    0x08000242   0x08000242   0x00000000   Code   RO         6437    .ARM.Collect$$libinit$$00000023  c_w.l(libinit2.o)
    0x08000242   0x08000242   0x00000000   Code   RO         6439    .ARM.Collect$$libinit$$00000025  c_w.l(libinit2.o)
    0x08000242   0x08000242   0x00000000   Code   RO         6443    .ARM.Collect$$libinit$$0000002C  c_w.l(libinit2.o)
    0x08000242   0x08000242   0x00000000   Code   RO         6445    .ARM.Collect$$libinit$$0000002E  c_w.l(libinit2.o)
    0x08000242   0x08000242   0x00000000   Code   RO         6447    .ARM.Collect$$libinit$$00000030  c_w.l(libinit2.o)
    0x08000242   0x08000242   0x00000000   Code   RO         6449    .ARM.Collect$$libinit$$00000032  c_w.l(libinit2.o)
    0x08000242   0x08000242   0x00000002   Code   RO         6450    .ARM.Collect$$libinit$$00000033  c_w.l(libinit2.o)
    0x08000244   0x08000244   0x00000002   Code   RO         6468    .ARM.Collect$$libshutdown$$00000000  c_w.l(libshutdown.o)
    0x08000246   0x08000246   0x00000000   Code   RO         6478    .ARM.Collect$$libshutdown$$00000002  c_w.l(libshutdown2.o)
    0x08000246   0x08000246   0x00000000   Code   RO         6480    .ARM.Collect$$libshutdown$$00000004  c_w.l(libshutdown2.o)
    0x08000246   0x08000246   0x00000000   Code   RO         6483    .ARM.Collect$$libshutdown$$00000007  c_w.l(libshutdown2.o)
    0x08000246   0x08000246   0x00000000   Code   RO         6486    .ARM.Collect$$libshutdown$$0000000A  c_w.l(libshutdown2.o)
    0x08000246   0x08000246   0x00000000   Code   RO         6488    .ARM.Collect$$libshutdown$$0000000C  c_w.l(libshutdown2.o)
    0x08000246   0x08000246   0x00000000   Code   RO         6491    .ARM.Collect$$libshutdown$$0000000F  c_w.l(libshutdown2.o)
    0x08000246   0x08000246   0x00000002   Code   RO         6492    .ARM.Collect$$libshutdown$$00000010  c_w.l(libshutdown2.o)
    0x08000248   0x08000248   0x00000000   Code   RO         6318    .ARM.Collect$$rtentry$$00000000  c_w.l(__rtentry.o)
    0x08000248   0x08000248   0x00000000   Code   RO         6368    .ARM.Collect$$rtentry$$00000002  c_w.l(__rtentry2.o)
    0x08000248   0x08000248   0x00000006   Code   RO         6380    .ARM.Collect$$rtentry$$00000004  c_w.l(__rtentry4.o)
    0x0800024e   0x0800024e   0x00000000   Code   RO         6370    .ARM.Collect$$rtentry$$00000009  c_w.l(__rtentry2.o)
    0x0800024e   0x0800024e   0x00000004   Code   RO         6371    .ARM.Collect$$rtentry$$0000000A  c_w.l(__rtentry2.o)
    0x08000252   0x08000252   0x00000000   Code   RO         6373    .ARM.Collect$$rtentry$$0000000C  c_w.l(__rtentry2.o)
    0x08000252   0x08000252   0x00000008   Code   RO         6374    .ARM.Collect$$rtentry$$0000000D  c_w.l(__rtentry2.o)
    0x0800025a   0x0800025a   0x00000002   Code   RO         6404    .ARM.Collect$$rtexit$$00000000  c_w.l(rtexit.o)
    0x0800025c   0x0800025c   0x00000000   Code   RO         6452    .ARM.Collect$$rtexit$$00000002  c_w.l(rtexit2.o)
    0x0800025c   0x0800025c   0x00000004   Code   RO         6453    .ARM.Collect$$rtexit$$00000003  c_w.l(rtexit2.o)
    0x08000260   0x08000260   0x00000006   Code   RO         6454    .ARM.Collect$$rtexit$$00000004  c_w.l(rtexit2.o)
    0x08000266   0x08000266   0x00000002   PAD
    0x08000268   0x08000268   0x00000040   Code   RO         1514    .text               startup_stm32f40_41xxx.o
    0x080002a8   0x080002a8   0x00000002   Code   RO         6250    .text               c_w.l(use_no_semi_2.o)
    0x080002aa   0x080002aa   0x0000008a   Code   RO         6252    .text               c_w.l(rt_memcpy_v6.o)
    0x08000334   0x08000334   0x00000006   Code   RO         6254    .text               c_w.l(heapauxi.o)
    0x0800033a   0x0800033a   0x00000002   Code   RO         6316    .text               c_w.l(use_no_semi.o)
    0x0800033c   0x0800033c   0x00000016   Code   RO         6319    .text               c_w.l(_rserrno.o)
    0x08000352   0x08000352   0x00000064   Code   RO         6321    .text               c_w.l(rt_memcpy_w.o)
    0x080003b6   0x080003b6   0x00000002   PAD
    0x080003b8   0x080003b8   0x00000008   Code   RO         6385    .text               c_w.l(rt_errno_addr_intlibspace.o)
    0x080003c0   0x080003c0   0x00000008   Code   RO         6391    .text               c_w.l(libspace.o)
    0x080003c8   0x080003c8   0x0000004a   Code   RO         6394    .text               c_w.l(sys_stackheap_outer.o)
    0x08000412   0x08000412   0x00000012   Code   RO         6396    .text               c_w.l(exit.o)
    0x08000424   0x08000424   0x000000a0   Code   RO          760    i.AbsEncoderProcess  can_protocol.o
    0x080004c4   0x080004c4   0x00000024   Code   RO          654    i.Append_CRC8_Check_Sum  verify.o
    0x080004e8   0x080004e8   0x00000160   Code   RO         1269    i.AutoShootBullet   shoot_task.o
    0x08000648   0x08000648   0x0000005e   Code   RO          353    i.BSP_Init          bsp_init.o
    0x080006a6   0x080006a6   0x00000002   PAD
    0x080006a8   0x080006a8   0x000000d8   Code   RO         1057    i.CAN1_Configuration  can.o
    0x08000780   0x08000780   0x000002d0   Code   RO          761    i.CAN1_Protocol     can_protocol.o
    0x08000a50   0x08000a50   0x00000040   Code   RO          516    i.CAN1_RX0_IRQHandler  stm32f4xx_it.o
    0x08000a90   0x08000a90   0x000000e0   Code   RO         1058    i.CAN2_Configuration  can.o
    0x08000b70   0x08000b70   0x000002ec   Code   RO          762    i.CAN2_Protocol     can_protocol.o
    0x08000e5c   0x08000e5c   0x00000040   Code   RO          517    i.CAN2_RX0_IRQHandler  stm32f4xx_it.o
    0x08000e9c   0x08000e9c   0x000000a8   Code   RO         1808    i.CAN_ClearITPendingBit  stm32f4xx_can.o
    0x08000f44   0x08000f44   0x00000108   Code   RO         1812    i.CAN_FilterInit    stm32f4xx_can.o
    0x0800104c   0x0800104c   0x00000120   Code   RO         1814    i.CAN_GetITStatus   stm32f4xx_can.o
    0x0800116c   0x0800116c   0x00000012   Code   RO         1818    i.CAN_ITConfig      stm32f4xx_can.o
    0x0800117e   0x0800117e   0x00000114   Code   RO         1819    i.CAN_Init          stm32f4xx_can.o
    0x08001292   0x08001292   0x000000f0   Code   RO         1822    i.CAN_Receive       stm32f4xx_can.o
    0x08001382   0x08001382   0x00000068   Code   RO          763    i.CAN_SendData      can_protocol.o
    0x080013ea   0x080013ea   0x00000126   Code   RO         1827    i.CAN_Transmit      stm32f4xx_can.o
    0x08001510   0x08001510   0x00000158   Code   RO          813    i.CalIResistedPID   rm_algorithm.o
    0x08001668   0x08001668   0x000001a0   Code   RO          815    i.CalIWeakenPID     rm_algorithm.o
    0x08001808   0x08001808   0x000001fc   Code   RO          818    i.CalTD             rm_algorithm.o
    0x08001a04   0x08001a04   0x00000124   Code   RO         1378    i.ChassisModeChosse  chassis_task.o
    0x08001b28   0x08001b28   0x00000008   Code   RO          263    i.ChassisTask       main.o
    0x08001b30   0x08001b30   0x00000012   Code   RO         1830    i.CheckITStatus     stm32f4xx_can.o
    0x08001b42   0x08001b42   0x0000002a   Code   RO          819    i.Clip              rm_algorithm.o
    0x08001b6c   0x08001b6c   0x00000034   Code   RO         2508    i.DMA_ClearITPendingBit  stm32f4xx_dma.o
    0x08001ba0   0x08001ba0   0x00000016   Code   RO         2509    i.DMA_Cmd           stm32f4xx_dma.o
    0x08001bb6   0x08001bb6   0x00000002   PAD
    0x08001bb8   0x08001bb8   0x00000158   Code   RO         2510    i.DMA_DeInit        stm32f4xx_dma.o
    0x08001d10   0x08001d10   0x00000014   Code   RO         2514    i.DMA_GetCmdStatus  stm32f4xx_dma.o
    0x08001d24   0x08001d24   0x00000008   Code   RO         2515    i.DMA_GetCurrDataCounter  stm32f4xx_dma.o
    0x08001d2c   0x08001d2c   0x00000058   Code   RO         2521    i.DMA_Init          stm32f4xx_dma.o
    0x08001d84   0x08001d84   0x000000c8   Code   RO          923    i.DNVisionDataSend  vision_protocol.o
    0x08001e4c   0x08001e4c   0x0000007c   Code   RO          820    i.DataSmoothFilter  rm_algorithm.o
    0x08001ec8   0x08001ec8   0x0000003c   Code   RO          986    i.DecisionDataSendProtocol  navigation_protocol.o
    0x08001f04   0x08001f04   0x00000028   Code   RO          354    i.Encoder_Init      bsp_init.o
    0x08001f2c   0x08001f2c   0x00000094   Code   RO          821    i.FPRampSignal      rm_algorithm.o
    0x08001fc0   0x08001fc0   0x000000c8   Code   RO         1379    i.ForceFB           chassis_task.o
    0x08002088   0x08002088   0x00000040   Code   RO         1270    i.GBShoot           shoot_task.o
    0x080020c8   0x080020c8   0x00000090   Code   RO         3243    i.GPIO_Init         stm32f4xx_gpio.o
    0x08002158   0x08002158   0x00000046   Code   RO         3244    i.GPIO_PinAFConfig  stm32f4xx_gpio.o
    0x0800219e   0x0800219e   0x00000004   Code   RO         3250    i.GPIO_ResetBits    stm32f4xx_gpio.o
    0x080021a2   0x080021a2   0x00000004   Code   RO         3251    i.GPIO_SetBits      stm32f4xx_gpio.o
    0x080021a6   0x080021a6   0x00000008   Code   RO         3253    i.GPIO_ToggleBits   stm32f4xx_gpio.o
    0x080021ae   0x080021ae   0x0000000c   Code   RO          764    i.GetEncoderNumber  can_protocol.o
    0x080021ba   0x080021ba   0x0000002a   Code   RO          765    i.GetSpeed          can_protocol.o
    0x080021e4   0x080021e4   0x00000034   Code   RO          655    i.Get_CRC16_Check_Sum  verify.o
    0x08002218   0x08002218   0x00000024   Code   RO          656    i.Get_CRC8_Check_Sum  verify.o
    0x0800223c   0x0800223c   0x000000b4   Code   RO         1317    i.GimbalAutoMode    gimbal_task_1.o
    0x080022f0   0x080022f0   0x000000d4   Code   RO         1318    i.GimbalFollowMove  gimbal_task_1.o
    0x080023c4   0x080023c4   0x000000f0   Code   RO         1319    i.GimbalModeChoose  gimbal_task_1.o
    0x080024b4   0x080024b4   0x00000108   Code   RO         1320    i.GimbalRCMode      gimbal_task_1.o
    0x080025bc   0x080025bc   0x000000f0   Code   RO          960    i.GimbalReceiveDataProtocol  gimbal_protocol.o
    0x080026ac   0x080026ac   0x000000e0   Code   RO          961    i.GimbalSendDataProtocol  gimbal_protocol.o
    0x0800278c   0x0800278c   0x000000dc   Code   RO         1321    i.GimbalSinScan     gimbal_task_1.o
    0x08002868   0x08002868   0x00000018   Code   RO          264    i.GimbalTask        main.o
    0x08002880   0x08002880   0x00000144   Code   RO         1248    i.LEDStateChange    led_task.o
    0x080029c4   0x080029c4   0x00000018   Code   RO          265    i.LEDStateChangeTask  main.o
    0x080029dc   0x080029dc   0x00000184   Code   RO         1457    i.ModeChoose        mode_choose_task.o
    0x08002b60   0x08002b60   0x00000018   Code   RO          266    i.ModeChooseTask    main.o
    0x08002b78   0x08002b78   0x00000038   Code   RO         1458    i.MotorInit         mode_choose_task.o
    0x08002bb0   0x08002bb0   0x000000c4   Code   RO          355    i.Motor_Init        bsp_init.o
    0x08002c74   0x08002c74   0x00000128   Code   RO         1083    i.NVIC_Configuration  nvic.o
    0x08002d9c   0x08002d9c   0x00000078   Code   RO         1520    i.NVIC_Init         misc.o
    0x08002e14   0x08002e14   0x00000014   Code   RO         1521    i.NVIC_PriorityGroupConfig  misc.o
    0x08002e28   0x08002e28   0x00000040   Code   RO          988    i.NavigationDataReceiveProtocol  navigation_protocol.o
    0x08002e68   0x08002e68   0x00000008   Code   RO          267    i.NavigationDataSendTask  main.o
    0x08002e70   0x08002e70   0x0000004c   Code   RO          824    i.NoiseSimulator    rm_algorithm.o
    0x08002ebc   0x08002ebc   0x000001b4   Code   RO           17    i.OS_RUN            os.o
    0x08003070   0x08003070   0x00000020   Code   RO         4107    i.RCC_AHB1PeriphClockCmd  stm32f4xx_rcc.o
    0x08003090   0x08003090   0x00000020   Code   RO         4116    i.RCC_APB1PeriphClockCmd  stm32f4xx_rcc.o
    0x080030b0   0x080030b0   0x00000020   Code   RO         4118    i.RCC_APB1PeriphResetCmd  stm32f4xx_rcc.o
    0x080030d0   0x080030d0   0x00000020   Code   RO         4119    i.RCC_APB2PeriphClockCmd  stm32f4xx_rcc.o
    0x080030f0   0x080030f0   0x00000020   Code   RO         4121    i.RCC_APB2PeriphResetCmd  stm32f4xx_rcc.o
    0x08003110   0x08003110   0x000000e8   Code   RO         4128    i.RCC_GetClocksFreq  stm32f4xx_rcc.o
    0x080031f8   0x080031f8   0x00000084   Code   RO          710    i.RCProtocol        dji_protocol.o
    0x0800327c   0x0800327c   0x0000012c   Code   RO         1271    i.RCShootBullet     shoot_task.o
    0x080033a8   0x080033a8   0x00000584   Code   RO          712    i.RSDataDecode      dji_protocol.o
    0x0800392c   0x0800392c   0x00000118   Code   RO          713    i.RSProtocol        dji_protocol.o
    0x08003a44   0x08003a44   0x00000088   Code   RO          356    i.RSStructAddress_Init  bsp_init.o
    0x08003acc   0x08003acc   0x00000018   Code   RO          268    i.SendDataTask      main.o
    0x08003ae4   0x08003ae4   0x00000160   Code   RO         1380    i.ServoAngleCal     chassis_task.o
    0x08003c44   0x08003c44   0x0000013c   Code   RO         1381    i.ServoMode         chassis_task.o
    0x08003d80   0x08003d80   0x00000050   Code   RO         1382    i.ServoWheelControl  chassis_task.o
    0x08003dd0   0x08003dd0   0x000000ec   Code   RO          616    i.SetSysClock       system_stm32f4xx.o
    0x08003ebc   0x08003ebc   0x00000022   Code   RO          827    i.Sgn               rm_algorithm.o
    0x08003ede   0x08003ede   0x00000002   PAD
    0x08003ee0   0x08003ee0   0x000000dc   Code   RO         1272    i.ShootBullet       shoot_task.o
    0x08003fbc   0x08003fbc   0x00000024   Code   RO         1459    i.ShootInit         mode_choose_task.o
    0x08003fe0   0x08003fe0   0x0000007c   Code   RO         1273    i.ShootNumberRecord  shoot_task.o
    0x0800405c   0x0800405c   0x0000007c   Code   RO         1274    i.ShootPid          shoot_task.o
    0x080040d8   0x080040d8   0x00000018   Code   RO          269    i.ShootTask         main.o
    0x080040f0   0x080040f0   0x00000104   Code   RO         1383    i.SpeedMode         chassis_task.o
    0x080041f4   0x080041f4   0x00000020   Code   RO         1384    i.SpeedWheelControl  chassis_task.o
    0x08004214   0x08004214   0x000002a8   Code   RO          518    i.SysTick_Handler   stm32f4xx_it.o
    0x080044bc   0x080044bc   0x00000068   Code   RO         1198    i.SysTick_init      systick.o
    0x08004524   0x08004524   0x00000068   Code   RO          618    i.SystemInit        system_stm32f4xx.o
    0x0800458c   0x0800458c   0x00000110   Code   RO         1487    i.SystemMonitorDetect  systemmonitor_task.o
    0x0800469c   0x0800469c   0x00000018   Code   RO          270    i.SystemMonitorTask  main.o
    0x080046b4   0x080046b4   0x0000003a   Code   RO         5438    i.TI1_Config        stm32f4xx_tim.o
    0x080046ee   0x080046ee   0x00000050   Code   RO         5439    i.TI2_Config        stm32f4xx_tim.o
    0x0800473e   0x0800473e   0x00000048   Code   RO         5440    i.TI3_Config        stm32f4xx_tim.o
    0x08004786   0x08004786   0x00000050   Code   RO         5441    i.TI4_Config        stm32f4xx_tim.o
    0x080047d6   0x080047d6   0x00000002   PAD
    0x080047d8   0x080047d8   0x000001fc   Code   RO          519    i.TIM1_BRK_TIM9_IRQHandler  stm32f4xx_it.o
    0x080049d4   0x080049d4   0x00000038   Code   RO         1026    i.TIM5_Configuration  tim.o
    0x08004a0c   0x08004a0c   0x00000088   Code   RO         1027    i.TIM9_Configuration  tim.o
    0x08004a94   0x08004a94   0x00000006   Code   RO         5449    i.TIM_ClearITPendingBit  stm32f4xx_tim.o
    0x08004a9a   0x08004a9a   0x00000018   Code   RO         5454    i.TIM_Cmd           stm32f4xx_tim.o
    0x08004ab2   0x08004ab2   0x00000006   Code   RO         5469    i.TIM_GetCapture1   stm32f4xx_tim.o
    0x08004ab8   0x08004ab8   0x00000022   Code   RO         5475    i.TIM_GetITStatus   stm32f4xx_tim.o
    0x08004ada   0x08004ada   0x0000006e   Code   RO         5477    i.TIM_ICInit        stm32f4xx_tim.o
    0x08004b48   0x08004b48   0x00000012   Code   RO         5478    i.TIM_ICStructInit  stm32f4xx_tim.o
    0x08004b5a   0x08004b5a   0x00000012   Code   RO         5479    i.TIM_ITConfig      stm32f4xx_tim.o
    0x08004b6c   0x08004b6c   0x00000012   Code   RO         5485    i.TIM_OC1PolarityConfig  stm32f4xx_tim.o
    0x08004b7e   0x08004b7e   0x00000012   Code   RO         5521    i.TIM_SetIC1Prescaler  stm32f4xx_tim.o
    0x08004b90   0x08004b90   0x0000001a   Code   RO         5522    i.TIM_SetIC2Prescaler  stm32f4xx_tim.o
    0x08004baa   0x08004baa   0x00000012   Code   RO         5523    i.TIM_SetIC3Prescaler  stm32f4xx_tim.o
    0x08004bbc   0x08004bbc   0x0000001a   Code   RO         5524    i.TIM_SetIC4Prescaler  stm32f4xx_tim.o
    0x08004bd6   0x08004bd6   0x00000002   PAD
    0x08004bd8   0x08004bd8   0x00000084   Code   RO         5526    i.TIM_TimeBaseInit  stm32f4xx_tim.o
    0x08004c5c   0x08004c5c   0x0000005c   Code   RO          520    i.UART5_IRQHandler  stm32f4xx_it.o
    0x08004cb8   0x08004cb8   0x0000006c   Code   RO          521    i.USART1_IRQHandler  stm32f4xx_it.o
    0x08004d24   0x08004d24   0x00000078   Code   RO          522    i.USART2_IRQHandler  stm32f4xx_it.o
    0x08004d9c   0x08004d9c   0x0000005c   Code   RO          523    i.USART3_IRQHandler  stm32f4xx_it.o
    0x08004df8   0x08004df8   0x00000094   Code   RO          524    i.USART6_IRQHandler  stm32f4xx_it.o
    0x08004e8c   0x08004e8c   0x00000012   Code   RO         6000    i.USART_ClearFlag   stm32f4xx_usart.o
    0x08004e9e   0x08004e9e   0x0000001e   Code   RO         6001    i.USART_ClearITPendingBit  stm32f4xx_usart.o
    0x08004ebc   0x08004ebc   0x00000018   Code   RO         6004    i.USART_Cmd         stm32f4xx_usart.o
    0x08004ed4   0x08004ed4   0x00000012   Code   RO         6005    i.USART_DMACmd      stm32f4xx_usart.o
    0x08004ee6   0x08004ee6   0x00000002   PAD
    0x08004ee8   0x08004ee8   0x000000f0   Code   RO         6006    i.USART_DeInit      stm32f4xx_usart.o
    0x08004fd8   0x08004fd8   0x00000054   Code   RO         6008    i.USART_GetITStatus  stm32f4xx_usart.o
    0x0800502c   0x0800502c   0x0000004a   Code   RO         6010    i.USART_ITConfig    stm32f4xx_usart.o
    0x08005076   0x08005076   0x00000002   PAD
    0x08005078   0x08005078   0x000000d4   Code   RO         6011    i.USART_Init        stm32f4xx_usart.o
    0x0800514c   0x0800514c   0x000000b6   Code   RO          525    i.USART_Receive     stm32f4xx_it.o
    0x08005202   0x08005202   0x00000002   PAD
    0x08005204   0x08005204   0x00000040   Code   RO          657    i.Verify_CRC16_Check_Sum  verify.o
    0x08005244   0x08005244   0x0000002e   Code   RO          658    i.Verify_CRC8_Check_Sum  verify.o
    0x08005272   0x08005272   0x00000002   PAD
    0x08005274   0x08005274   0x00000018   Code   RO          272    i.VisionDataSendTask  main.o
    0x0800528c   0x0800528c   0x00000088   Code   RO         1437    i.VofaDataScan      data_send_task.o
    0x08005314   0x08005314   0x00000008   Code   RO          273    i.VofaPlusTask      main.o
    0x0800531c   0x0800531c   0x00000128   Code   RO          989    i.WCS_to_LCS        navigation_protocol.o
    0x08005444   0x08005444   0x00000070   Code   RO         1322    i.YawPID            gimbal_task_1.o
    0x080054b4   0x080054b4   0x00000030   Code   RO         6387    i.__ARM_fpclassify  m_wm.l(fpclassify.o)
    0x080054e4   0x080054e4   0x00000004   PAD
    0x080054e8   0x080054e8   0x000002d8   Code   RO         6338    i.__hardfp_atan     m_wm.l(atan.o)
    0x080057c0   0x080057c0   0x000001f0   Code   RO         6284    i.__hardfp_atan2    m_wm.l(atan2.o)
    0x080059b0   0x080059b0   0x00000014   Code   RO         6296    i.__hardfp_fabs     m_wm.l(fabs.o)
    0x080059c4   0x080059c4   0x0000007a   Code   RO         6304    i.__hardfp_sqrt     m_wm.l(sqrt.o)
    0x08005a3e   0x08005a3e   0x000000f8   Code   RO         6389    i.__kernel_poly     m_wm.l(poly.o)
    0x08005b36   0x08005b36   0x00000014   Code   RO         6353    i.__mathlib_dbl_infnan  m_wm.l(dunder.o)
    0x08005b4a   0x08005b4a   0x00000014   Code   RO         6354    i.__mathlib_dbl_infnan2  m_wm.l(dunder.o)
    0x08005b5e   0x08005b5e   0x00000002   PAD
    0x08005b60   0x08005b60   0x00000020   Code   RO         6358    i.__mathlib_dbl_underflow  m_wm.l(dunder.o)
    0x08005b80   0x08005b80   0x00000004   Code   RO         1103    i._sys_exit         usart.o
    0x08005b84   0x08005b84   0x00000010   Code   RO         6340    i.atan              m_wm.l(atan.o)
    0x08005b94   0x08005b94   0x00000018   Code   RO         6298    i.fabs              m_wm.l(fabs.o)
    0x08005bac   0x08005bac   0x00000054   Code   RO         1222    i.gpio_init         gpio.o
    0x08005c00   0x08005c00   0x0000000e   Code   RO          274    i.main              main.o
    0x08005c0e   0x08005c0e   0x00000002   PAD
    0x08005c10   0x08005c10   0x00000154   Code   RO         1105    i.uart4_init        usart.o
    0x08005d64   0x08005d64   0x00000190   Code   RO         1106    i.uart5_init        usart.o
    0x08005ef4   0x08005ef4   0x00000108   Code   RO         1107    i.usart1_init       usart.o
    0x08005ffc   0x08005ffc   0x00000170   Code   RO         1108    i.usart2_init       usart.o
    0x0800616c   0x0800616c   0x00000154   Code   RO         1109    i.usart3_init       usart.o
    0x080062c0   0x080062c0   0x00000174   Code   RO         1110    i.usart6_init       usart.o
    0x08006434   0x08006434   0x00000018   Code   RO         6323    x$fpl$basic         fz_wm.l(basic.o)
    0x0800644c   0x0800644c   0x00000062   Code   RO         6258    x$fpl$d2f           fz_wm.l(d2f.o)
    0x080064ae   0x080064ae   0x00000002   PAD
    0x080064b0   0x080064b0   0x00000150   Code   RO         6260    x$fpl$dadd          fz_wm.l(daddsub_clz.o)
    0x08006600   0x08006600   0x00000018   Code   RO         6325    x$fpl$dcmpinf       fz_wm.l(dcmpi.o)
    0x08006618   0x08006618   0x000002b0   Code   RO         6267    x$fpl$ddiv          fz_wm.l(ddiv.o)
    0x080068c8   0x080068c8   0x00000026   Code   RO         6270    x$fpl$dfltu         fz_wm.l(dflt_clz.o)
    0x080068ee   0x080068ee   0x00000002   PAD
    0x080068f0   0x080068f0   0x00000078   Code   RO         6276    x$fpl$dleqf         fz_wm.l(dleqf.o)
    0x08006968   0x08006968   0x00000154   Code   RO         6278    x$fpl$dmul          fz_wm.l(dmul.o)
    0x08006abc   0x08006abc   0x0000009c   Code   RO         6327    x$fpl$dnaninf       fz_wm.l(dnaninf.o)
    0x08006b58   0x08006b58   0x0000000c   Code   RO         6329    x$fpl$dretinf       fz_wm.l(dretinf.o)
    0x08006b64   0x08006b64   0x0000006c   Code   RO         6280    x$fpl$drleqf        fz_wm.l(drleqf.o)
    0x08006bd0   0x08006bd0   0x00000016   Code   RO         6261    x$fpl$drsb          fz_wm.l(daddsub_clz.o)
    0x08006be6   0x08006be6   0x00000002   PAD
    0x08006be8   0x08006be8   0x00000198   Code   RO         6331    x$fpl$dsqrt         fz_wm.l(dsqrt_umaal.o)
    0x08006d80   0x08006d80   0x000001d4   Code   RO         6262    x$fpl$dsub          fz_wm.l(daddsub_clz.o)
    0x08006f54   0x08006f54   0x00000056   Code   RO         6282    x$fpl$f2d           fz_wm.l(f2d.o)
    0x08006faa   0x08006faa   0x0000008c   Code   RO         6333    x$fpl$fnaninf       fz_wm.l(fnaninf.o)
    0x08007036   0x08007036   0x0000000a   Code   RO         6460    x$fpl$fpinit        fz_wm.l(fpinit.o)
    0x08007040   0x08007040   0x0000000a   Code   RO         6335    x$fpl$fretinf       fz_wm.l(fretinf.o)
    0x0800704a   0x0800704a   0x00000000   Code   RO         6337    x$fpl$usenofp       fz_wm.l(usenofp.o)
    0x0800704a   0x0800704a   0x00000302   Data   RO          659    .constdata          verify.o
    0x0800734c   0x0800734c   0x00000004   PAD
    0x08007350   0x08007350   0x00000098   Data   RO         6341    .constdata          m_wm.l(atan.o)
    0x080073e8   0x080073e8   0x00000008   Data   RO         6366    .constdata          m_wm.l(qnan.o)
    0x080073f0   0x080073f0   0x000000bc   Data   RO            3    .conststring        os.o
    0x080074ac   0x080074ac   0x00000020   Data   RO         6524    Region$$Table       anon$$obj.o


    Execution Region RW_IRAM1 (Exec base: 0x20000000, Load base: 0x080074cc, Size: 0x00001c00, Max: 0x00020000, ABSOLUTE, COMPRESSED[0x00000274])

    Exec Addr    Load Addr    Size         Type   Attr      Idx    E Section Name        Object

    0x20000000   COMPRESSED   0x0000019c   Data   RW            4    .data               os.o
    0x2000019c   COMPRESSED   0x00000008   Data   RW          527    .data               stm32f4xx_it.o
    0x200001a4   COMPRESSED   0x000004d0   Data   RW          595    .data               global_declare.o
    0x20000674   COMPRESSED   0x00000014   Data   RW          619    .data               system_stm32f4xx.o
    0x20000688   COMPRESSED   0x00000002   Data   RW          660    .data               verify.o
    0x2000068a   COMPRESSED   0x0000000a   Data   RW          716    .data               dji_protocol.o
    0x20000694   COMPRESSED   0x00000002   Data   RW          766    .data               can_protocol.o
    0x20000696   COMPRESSED   0x00000002   PAD
    0x20000698   COMPRESSED   0x0000000c   Data   RW          829    .data               rm_algorithm.o
    0x200006a4   COMPRESSED   0x0000000c   Data   RW          990    .data               navigation_protocol.o
    0x200006b0   COMPRESSED   0x00000004   Data   RW         1249    .data               led_task.o
    0x200006b4   COMPRESSED   0x00000010   Data   RW         1275    .data               shoot_task.o
    0x200006c4   COMPRESSED   0x0000011a   Data   RW         1323    .data               gimbal_task_1.o
    0x200007de   COMPRESSED   0x00000002   PAD
    0x200007e0   COMPRESSED   0x0000005d   Data   RW         1385    .data               chassis_task.o
    0x2000083d   COMPRESSED   0x00000010   Data   RW         4160    .data               stm32f4xx_rcc.o
    0x2000084d   COMPRESSED   0x00000003   PAD
    0x20000850        -       0x00000028   Zero   RW          526    .bss                stm32f4xx_it.o
    0x20000878        -       0x00000d18   Zero   RW          594    .bss                global_declare.o
    0x20001590        -       0x00000010   Zero   RW         1488    .bss                systemmonitor_task.o
    0x200015a0        -       0x00000060   Zero   RW         6392    .bss                c_w.l(libspace.o)
    0x20001600        -       0x00000200   Zero   RW         1512    HEAP                startup_stm32f40_41xxx.o
    0x20001800        -       0x00000400   Zero   RW         1511    STACK               startup_stm32f40_41xxx.o


==============================================================================

Image component sizes


      Code (inc. data)   RO Data    RW Data    ZI Data      Debug   Object Name

       466        108          0          0          0     308718   bsp_init.o
       440         18          0          0          0       1506   can.o
      1786        148          0          2          0       4799   can_protocol.o
      1532        188          0         93          0       6453   chassis_task.o
       136         18          0          0          0        575   data_send_task.o
      1824        264          0         10          0       4573   dji_protocol.o
       464        102          0          0          0       1205   gimbal_protocol.o
      1228        170          0        282          0       4649   gimbal_task_1.o
         0          0          0       1232       3352      10131   global_declare.o
        84         10          0          0          0        552   gpio.o
       324         12          0          4          0        729   led_task.o
       206         42          0          0          0       5536   main.o
       140         24          0          0          0       1679   misc.o
       480         30          0          0          0       1929   mode_choose_task.o
       420         88          0         12          0       1856   navigation_protocol.o
       296          0          0          0          0        749   nvic.o
       436         24        188        412          0     274133   os.o
      1692         36          0         12          0       5944   rm_algorithm.o
      1184        168          0         16          0       3561   shoot_task.o
        64         26        392          0       1536        892   startup_stm32f40_41xxx.o
      1566         16          0          0          0       6822   stm32f4xx_can.o
       534         40          0          0          0       5210   stm32f4xx_dma.o
       230          0          0          0          0       3705   stm32f4xx_gpio.o
      2058        198          0          8         40       7045   stm32f4xx_it.o
       392         48          0         16          0       6117   stm32f4xx_rcc.o
       744         28          0          0          0      12080   stm32f4xx_tim.o
       700         42          0          0          0       6612   stm32f4xx_usart.o
       340         32          0         20          0       1901   system_stm32f4xx.o
       272         26          0          0         16        994   systemmonitor_task.o
       104         14          0          0          0      27182   systick.o
       192         14          0          0          0       1338   tim.o
      2088        130          0          0          0       5686   usart.o
       234         16        770          2          0       4268   verify.o
       200         48          0          0          0        587   vision_protocol.o

    ----------------------------------------------------------------------
     22876       2128       1386       2128       4944     729716   Object Totals
         0          0         32          0          0          0   (incl. Generated)
        20          0          4          7          0          0   (incl. Padding)

    ----------------------------------------------------------------------

      Code (inc. data)   RO Data    RW Data    ZI Data      Debug   Library Member Name

        90          0          0          0          0          0   __dczerorl2.o
         8          0          0          0          0         68   __main.o
         0          0          0          0          0          0   __rtentry.o
        12          0          0          0          0          0   __rtentry2.o
         6          0          0          0          0          0   __rtentry4.o
        52          8          0          0          0          0   __scatter.o
        28          0          0          0          0          0   __scatter_zi.o
        22          0          0          0          0        100   _rserrno.o
        18          0          0          0          0         80   exit.o
         6          0          0          0          0        152   heapauxi.o
         2          0          0          0          0          0   libinit.o
         6          0          0          0          0          0   libinit2.o
         2          0          0          0          0          0   libshutdown.o
         2          0          0          0          0          0   libshutdown2.o
         8          4          0          0         96         68   libspace.o
         8          4          0          0          0         68   rt_errno_addr_intlibspace.o
       138          0          0          0          0         68   rt_memcpy_v6.o
       100          0          0          0          0         80   rt_memcpy_w.o
         2          0          0          0          0          0   rtexit.o
        10          0          0          0          0          0   rtexit2.o
        74          0          0          0          0         80   sys_stackheap_outer.o
         2          0          0          0          0         68   use_no_semi.o
         2          0          0          0          0         68   use_no_semi_2.o
        24          0          0          0          0        164   basic.o
        98          4          0          0          0        140   d2f.o
       826         16          0          0          0        492   daddsub_clz.o
        24          0          0          0          0        116   dcmpi.o
       688        140          0          0          0        256   ddiv.o
        38          0          0          0          0        116   dflt_clz.o
       120          4          0          0          0        140   dleqf.o
       340         12          0          0          0        152   dmul.o
       156          4          0          0          0        140   dnaninf.o
        12          0          0          0          0        116   dretinf.o
       108          0          0          0          0        128   drleqf.o
       408         56          0          0          0        168   dsqrt_umaal.o
        86          4          0          0          0        132   f2d.o
       140          4          0          0          0        132   fnaninf.o
        10          0          0          0          0        116   fpinit.o
        10          0          0          0          0        116   fretinf.o
         0          0          0          0          0          0   usenofp.o
       744        106        152          0          0        352   atan.o
       496         64          0          0          0        192   atan2.o
        72          8          0          0          0        372   dunder.o
        44          0          0          0          0        248   fabs.o
        48          0          0          0          0        124   fpclassify.o
       248          0          0          0          0        152   poly.o
         0          0          8          0          0          0   qnan.o
       122          0          0          0          0        148   sqrt.o

    ----------------------------------------------------------------------
      5478        438        160          0         96       5112   Library Totals
        18          0          0          0          0          0   (incl. Padding)

    ----------------------------------------------------------------------

      Code (inc. data)   RO Data    RW Data    ZI Data      Debug   Library Name

       598         16          0          0         96        900   c_w.l
      3088        244          0          0          0       2624   fz_wm.l
      1774        178        160          0          0       1588   m_wm.l

    ----------------------------------------------------------------------
      5478        438        160          0         96       5112   Library Totals

    ----------------------------------------------------------------------

==============================================================================


      Code (inc. data)   RO Data    RW Data    ZI Data      Debug   

     28354       2566       1546       2128       5040     718264   Grand Totals
     28354       2566       1546        628       5040     718264   ELF Image Totals (compressed)
     28354       2566       1546        628          0          0   ROM Totals

==============================================================================

    Total RO  Size (Code + RO Data)                29900 (  29.20kB)
    Total RW  Size (RW Data + ZI Data)              7168 (   7.00kB)
    Total ROM Size (Code + RO Data + RW Data)      30528 (  29.81kB)

==============================================================================

