<html>
<body>
<pre>
<h1>µVision Build Log</h1>
<h2>Tool Versions:</h2>
IDE-Version: ¦ÌVision V5.28.0.0
Copyright (C) 2019 ARM Ltd and ARM Germany GmbH. All rights reserved.
License Information: link master, hit, LIC=7YKKP-M0AMI-FZCWU-SEM58-T65J3-WSQM7
 
Tool Versions:
Toolchain:       MDK-ARM Professional  Version: 5.28.0.0
Toolchain Path:  D:\keil5\ARM\ARMCC\Bin
C Compiler:      Armcc.exe V5.06 update 6 (build 750)
Assembler:       Armasm.exe V5.06 update 6 (build 750)
Linker/Locator:  ArmLink.exe V5.06 update 6 (build 750)
Library Manager: ArmAr.exe V5.06 update 6 (build 750)
Hex Converter:   FromElf.exe V5.06 update 6 (build 750)
CPU DLL:         SARMCM3.DLL V5.28.0.0
Dialog DLL:      DCM.DLL V1.17.3.0
Target DLL:      Segger\JL2CM3.dll V2.97.0.0
Dialog DLL:      TCM.DLL V1.36.2.0
 
<h2>Project:</h2>
C:\Users\24066\Desktop\STM32\Sentry2023\Chassis_2023\USER\Main_Control.uvprojx
Project File Date:  12/24/2022

<h2>Output:</h2>
*** Using Compiler 'V5.06 update 6 (build 750)', folder: 'D:\keil5\ARM\ARMCC\Bin'
Build target 'Target 1'
compiling gimbal_task.c...
..\File\TASK\gimbal_task.c(57): warning:  #1035-D: single-precision operand implicitly converted to double-precision
  				YawPosDes+= (((float)(g_StDbus.stRC.Ch0 - RC_CH_VALUE_OFFSET)/RC_CH_VALUE_RANGE) * GM_YAW_SENSIBILITY_TEST);
..\File\TASK\gimbal_task.c: 1 warning, 0 errors
compiling vision_protocol.c...
compiling stm32f4xx_it.c...
..\File\USER\stm32f4xx_it.c(353): warning:  #1035-D: single-precision operand implicitly converted to double-precision
  			if(US_Distance>4.5)
..\File\USER\stm32f4xx_it.c: 1 warning, 0 errors
linking...
Program Size: Code=24398 RO-data=1318 RW-data=1600 ZI-data=4888  
FromELF: creating hex file...
".\OBJ\TEST.axf" - 0 Error(s), 2 Warning(s).

<h2>Software Packages used:</h2>

Package Vendor: Keil
                http://www.keil.com/pack/Keil.STM32F4xx_DFP.2.16.0.pack
                Keil.STM32F4xx_DFP.2.16.0
                STMicroelectronics STM32F4 Series Device Support, Drivers and Examples

<h2>Collection of Component include folders:</h2>
  .\RTE\_Target_1
  C:\Users\24066\AppData\Local\Arm\Packs\Keil\STM32F4xx_DFP\2.16.0\Drivers\CMSIS\Device\ST\STM32F4xx\Include

<h2>Collection of Component Files used:</h2>
Build Time Elapsed:  00:00:01
</pre>
</body>
</html>
