<html>
<body>
<pre>
<h1>礦ision Build Log</h1>
<h2>Tool Versions:</h2>
IDE-Version: μVision V5.28.0.0
Copyright (C) 2019 ARM Ltd and ARM Germany GmbH. All rights reserved.
License Information: link master, hit, LIC=7YKKP-M0AMI-FZCWU-SEM58-T65J3-WSQM7
 
Tool Versions:
Toolchain:       MDK-ARM Professional  Version: 5.28.0.0
Toolchain Path:  D:\keil5\ARM\ARMCC\Bin
C Compiler:      Armcc.exe V5.06 update 6 (build 750)
Assembler:       Armasm.exe V5.06 update 6 (build 750)
Linker/Locator:  ArmLink.exe V5.06 update 6 (build 750)
Library Manager: ArmAr.exe V5.06 update 6 (build 750)
Hex Converter:   FromElf.exe V5.06 update 6 (build 750)
CPU DLL:         SARMCM3.DLL V5.28.0.0
Dialog DLL:      DCM.DLL V1.17.3.0
Target DLL:      CMSIS_AGDI.dll V1.31.18.0
Dialog DLL:      TCM.DLL V1.36.2.0
 
<h2>Project:</h2>
C:\Users\24066\Desktop\STM32\Sentry2023\Sentry2023\Chassis_2023\USER\Main_Control.uvprojx
Project File Date:  04/02/2023

<h2>Output:</h2>
*** Using Compiler 'V5.06 update 6 (build 750)', folder: 'D:\keil5\ARM\ARMCC\Bin'
Build target 'Target 1'
compiling bsp_init.c...
compiling os.c...
compiling global_declare.c...
compiling gimbal_protocol.c...
compiling vision_protocol.c...
compiling main.c...
compiling navigation_protocol.c...
..\File\API\navigation_protocol.c(21): warning:  #1035-D: single-precision operand implicitly converted to double-precision
  	Robot_Yaw_Des = NavigationReceiveBuff.stNavigationData.Receive_Data1*57.3;
..\File\API\navigation_protocol.c(22): warning:  #1035-D: single-precision operand implicitly converted to double-precision
  	Robot_Yaw_Cur = NavigationReceiveBuff.stNavigationData.Receive_Data2*57.3;
..\File\API\navigation_protocol.c(18): warning:  #177-D: variable "chassis_steer_des"  was declared but never referenced
  	static float chassis_steer_des  = 0;
..\File\API\navigation_protocol.c: 3 warnings, 0 errors
compiling rm_algorithm.c...
compiling can_protocol.c...
..\File\API\can_protocol.c(58): warning:  #1035-D: single-precision operand implicitly converted to double-precision
  			stServoWheel_PosPid[0].m_fpFB=stServoEncoder[0].fpSumValue/8192.0*40.0;
..\File\API\can_protocol.c(81): warning:  #1035-D: single-precision operand implicitly converted to double-precision
  			stServoWheel_PosPid[3].m_fpFB=stServoEncoder[3].fpSumValue/8192.0*40.0;			
..\File\API\can_protocol.c(155): warning:  #1035-D: single-precision operand implicitly converted to double-precision
  			stServoWheel_PosPid[1].m_fpFB=stServoEncoder[1].fpSumValue/8192.0*40.0;
..\File\API\can_protocol.c(164): warning:  #1035-D: single-precision operand implicitly converted to double-precision
  			stServoWheel_PosPid[2].m_fpFB=stServoEncoder[2].fpSumValue/8192.0*40.0;
..\File\API\can_protocol.c: 4 warnings, 0 errors
compiling DJI_protocol.c...
..\File\API\DJI_protocol.c(73): warning:  #177-D: variable "CorrectFlag"  was declared but never referenced
  	u8 CorrectFlag = 0;															// 正确接收标志位
..\File\API\DJI_protocol.c: 1 warning, 0 errors
compiling stm32f4xx_it.c...
..\File\USER\stm32f4xx_it.c(389): warning:  #1035-D: single-precision operand implicitly converted to double-precision
  			if(US_Distance>4.5)
..\File\USER\stm32f4xx_it.c: 1 warning, 0 errors
compiling led_task.c...
compiling usart.c...
compiling delay.c...
compiling data_send_task.c...
compiling gimbal_task.c...
..\File\TASK\gimbal_task.c(81): warning:  #1035-D: single-precision operand implicitly converted to double-precision
  				YawPosDes+= (((float)(g_StDbus.stRC.Ch0 - RC_CH_VALUE_OFFSET)/RC_CH_VALUE_RANGE) * GM_YAW_SENSIBILITY_TEST);
..\File\TASK\gimbal_task.c: 1 warning, 0 errors
compiling shoot_task.c...
compiling mode_choose_task.c...
compiling chassis_task.c...
compiling systemmonitor_task.c...
linking...
Program Size: Code=29462 RO-data=1518 RW-data=1988 ZI-data=4940  
FromELF: creating hex file...
".\OBJ\TEST.axf" - 0 Error(s), 10 Warning(s).

<h2>Software Packages used:</h2>

Package Vendor: Keil
                http://www.keil.com/pack/Keil.STM32F4xx_DFP.2.16.0.pack
                Keil.STM32F4xx_DFP.2.16.0
                STMicroelectronics STM32F4 Series Device Support, Drivers and Examples

<h2>Collection of Component include folders:</h2>
  .\RTE\_Target_1
  C:\Users\24066\AppData\Local\Arm\Packs\Keil\STM32F4xx_DFP\2.16.0\Drivers\CMSIS\Device\ST\STM32F4xx\Include

<h2>Collection of Component Files used:</h2>
Build Time Elapsed:  00:00:03
</pre>
</body>
</html>
