<html>
<body>
<pre>
<h1>礦ision Build Log</h1>
<h2>Tool Versions:</h2>
IDE-Version: μVision V5.28.0.0
Copyright (C) 2019 ARM Ltd and ARM Germany GmbH. All rights reserved.
License Information: link master, hit, LIC=7YKKP-M0AMI-FZCWU-SEM58-T65J3-WSQM7
 
Tool Versions:
Toolchain:       MDK-ARM Professional  Version: 5.28.0.0
Toolchain Path:  D:\keil5\ARM\ARMCC\Bin
C Compiler:      Armcc.exe V5.06 update 6 (build 750)
Assembler:       Armasm.exe V5.06 update 6 (build 750)
Linker/Locator:  ArmLink.exe V5.06 update 6 (build 750)
Library Manager: ArmAr.exe V5.06 update 6 (build 750)
Hex Converter:   FromElf.exe V5.06 update 6 (build 750)
CPU DLL:         SARMCM3.DLL V5.28.0.0
Dialog DLL:      DCM.DLL V1.17.3.0
Target DLL:      Segger\JL2CM3.dll V2.97.0.0
Dialog DLL:      TCM.DLL V1.36.2.0
 
<h2>Project:</h2>
C:\Users\24066\Desktop\STM32\Sentry2023\Chassis_2023\USER\Main_Control.uvprojx
Project File Date:  12/05/2022

<h2>Output:</h2>
*** Using Compiler 'V5.06 update 6 (build 750)', folder: 'D:\keil5\ARM\ARMCC\Bin'
Rebuild target 'Target 1'
compiling system_stm32f4xx.c...
compiling verify.c...
compiling os.c...
compiling bsp_init.c...
compiling main.c...
compiling global_declare.c...
compiling vision_protocol.c...
compiling can_protocol.c...
compiling stm32f4xx_it.c...
compiling rm_algorithm.c...
compiling DJI_protocol.c...
..\File\API\DJI_protocol.c(75): warning:  #177-D: variable "CorrectFlag"  was declared but never referenced
  	u8 CorrectFlag = 0;															// 正确接收标志位
..\File\API\DJI_protocol.c: 1 warning, 0 errors
compiling tim.c...
compiling can.c...
compiling nvic.c...
compiling systick.c...
compiling gimbal_protocol.c...
compiling shoot_task.c...
compiling delay.c...
compiling led_task.c...
compiling chassis_task.c...
assembling startup_stm32f40_41xxx.s...
compiling gimbal_task.c...
..\File\TASK\gimbal_task.c(57): warning:  #1035-D: single-precision operand implicitly converted to double-precision
  				YawPosDes+= (((float)(g_StDbus.stRC.Ch0 - RC_CH_VALUE_OFFSET)/RC_CH_VALUE_RANGE) * GM_YAW_SENSIBILITY_TEST);
..\File\TASK\gimbal_task.c: 1 warning, 0 errors
compiling usart.c...
compiling misc.c...
compiling data_send_task.c...
compiling stm32f4xx_crc.c...
compiling systemmonitor_task.c...
compiling mode_choose_task.c...
compiling stm32f4xx_cryp_des.c...
compiling stm32f4xx_adc.c...
compiling stm32f4xx_cryp_tdes.c...
compiling stm32f4xx_cryp.c...
compiling stm32f4xx_can.c...
compiling stm32f4xx_cryp_aes.c...
compiling stm32f4xx_dbgmcu.c...
compiling stm32f4xx_dac.c...
compiling stm32f4xx_flash_ramfunc.c...
compiling stm32f4xx_gpio.c...
compiling stm32f4xx_exti.c...
compiling stm32f4xx_dcmi.c...
compiling stm32f4xx_dma2d.c...
compiling stm32f4xx_dma.c...
compiling stm32f4xx_flash.c...
compiling stm32f4xx_fsmc.c...
compiling stm32f4xx_hash.c...
compiling stm32f4xx_hash_md5.c...
compiling stm32f4xx_hash_sha1.c...
compiling stm32f4xx_iwdg.c...
compiling stm32f4xx_pwr.c...
compiling stm32f4xx_rng.c...
compiling stm32f4xx_i2c.c...
compiling stm32f4xx_sai.c...
compiling stm32f4xx_sdio.c...
compiling stm32f4xx_ltdc.c...
compiling stm32f4xx_rcc.c...
compiling stm32f4xx_rtc.c...
compiling stm32f4xx_syscfg.c...
compiling stm32f4xx_wwdg.c...
compiling stm32f4xx_spi.c...
compiling stm32f4xx_usart.c...
compiling stm32f4xx_tim.c...
linking...
Program Size: Code=22378 RO-data=1326 RW-data=1348 ZI-data=4452  
FromELF: creating hex file...
".\OBJ\TEST.axf" - 0 Error(s), 2 Warning(s).

<h2>Software Packages used:</h2>

Package Vendor: Keil
                http://www.keil.com/pack/Keil.STM32F4xx_DFP.2.16.0.pack
                Keil.STM32F4xx_DFP.2.16.0
                STMicroelectronics STM32F4 Series Device Support, Drivers and Examples

<h2>Collection of Component include folders:</h2>
  .\RTE\_Target_1
  C:\Users\24066\AppData\Local\Arm\Packs\Keil\STM32F4xx_DFP\2.16.0\Drivers\CMSIS\Device\ST\STM32F4xx\Include

<h2>Collection of Component Files used:</h2>
Build Time Elapsed:  00:00:05
</pre>
</body>
</html>
